Component: Arm Compiler for Embedded 6.22 Tool: armlink [5ee90200]

==============================================================================

Section Cross References

    startup_stm32h723xx.o(STACK) refers (Special) to heapauxi.o(.text) for __use_two_region_memory
    startup_stm32h723xx.o(HEAP) refers (Special) to heapauxi.o(.text) for __use_two_region_memory
    startup_stm32h723xx.o(RESET) refers (Special) to heapauxi.o(.text) for __use_two_region_memory
    startup_stm32h723xx.o(RESET) refers to startup_stm32h723xx.o(STACK) for __initial_sp
    startup_stm32h723xx.o(RESET) refers to startup_stm32h723xx.o(.text) for Reset_Handler
    startup_stm32h723xx.o(RESET) refers to stm32h7xx_it.o(.text.NMI_Handler) for NMI_Handler
    startup_stm32h723xx.o(RESET) refers to stm32h7xx_it.o(.text.HardFault_Handler) for HardFault_Handler
    startup_stm32h723xx.o(RESET) refers to stm32h7xx_it.o(.text.MemManage_Handler) for MemManage_Handler
    startup_stm32h723xx.o(RESET) refers to stm32h7xx_it.o(.text.BusFault_Handler) for BusFault_Handler
    startup_stm32h723xx.o(RESET) refers to stm32h7xx_it.o(.text.UsageFault_Handler) for UsageFault_Handler
    startup_stm32h723xx.o(RESET) refers to stm32h7xx_it.o(.text.SVC_Handler) for SVC_Handler
    startup_stm32h723xx.o(RESET) refers to stm32h7xx_it.o(.text.DebugMon_Handler) for DebugMon_Handler
    startup_stm32h723xx.o(RESET) refers to stm32h7xx_it.o(.text.PendSV_Handler) for PendSV_Handler
    startup_stm32h723xx.o(RESET) refers to stm32h7xx_it.o(.text.SysTick_Handler) for SysTick_Handler
    startup_stm32h723xx.o(RESET) refers to stm32h7xx_it.o(.text.DMA1_Stream0_IRQHandler) for DMA1_Stream0_IRQHandler
    startup_stm32h723xx.o(RESET) refers to stm32h7xx_it.o(.text.DMA1_Stream1_IRQHandler) for DMA1_Stream1_IRQHandler
    startup_stm32h723xx.o(RESET) refers to stm32h7xx_it.o(.text.SPI2_IRQHandler) for SPI2_IRQHandler
    startup_stm32h723xx.o(RESET) refers to stm32h7xx_it.o(.text.EXTI15_10_IRQHandler) for EXTI15_10_IRQHandler
    startup_stm32h723xx.o(RESET) refers to stm32h7xx_it.o(.text.OTG_HS_IRQHandler) for OTG_HS_IRQHandler
    startup_stm32h723xx.o(.text) refers (Special) to heapauxi.o(.text) for __use_two_region_memory
    startup_stm32h723xx.o(.text) refers to system_stm32h7xx.o(.text.SystemInit) for SystemInit
    startup_stm32h723xx.o(.text) refers to __main.o(!!!main) for __main
    startup_stm32h723xx.o(.text) refers to startup_stm32h723xx.o(HEAP) for Heap_Mem
    startup_stm32h723xx.o(.text) refers to startup_stm32h723xx.o(STACK) for Stack_Mem
    main.o(.text.main) refers to stm32h7xx_hal.o(.text.HAL_Init) for HAL_Init
    main.o(.text.main) refers to main.o(.text.SystemClock_Config) for SystemClock_Config
    main.o(.text.main) refers to gpio.o(.text.MX_GPIO_Init) for MX_GPIO_Init
    main.o(.text.main) refers to dma.o(.text.MX_DMA_Init) for MX_DMA_Init
    main.o(.text.main) refers to spi.o(.text.MX_SPI2_Init) for MX_SPI2_Init
    main.o(.text.main) refers to tim.o(.text.MX_TIM3_Init) for MX_TIM3_Init
    main.o(.text.main) refers to usb_device.o(.text.MX_USB_DEVICE_Init) for MX_USB_DEVICE_Init
    main.o(.text.main) refers to stm32h7xx_hal.o(.text.HAL_Delay) for HAL_Delay
    main.o(.text.main) refers to imu_temp_ctrl.o(.text.IMU_TempCtrl_Init) for IMU_TempCtrl_Init
    main.o(.text.main) refers to imu_temp_ctrl.o(.text.IMU_TempCtrl_Loop) for IMU_TempCtrl_Loop
    main.o(.ARM.exidx.text.main) refers to main.o(.text.main) for [Anonymous Symbol]
    main.o(.text.SystemClock_Config) refers to rt_memclr_w.o(.text) for __aeabi_memclr4
    main.o(.text.SystemClock_Config) refers to stm32h7xx_hal_pwr_ex.o(.text.HAL_PWREx_ConfigSupply) for HAL_PWREx_ConfigSupply
    main.o(.text.SystemClock_Config) refers to stm32h7xx_hal_rcc.o(.text.HAL_RCC_OscConfig) for HAL_RCC_OscConfig
    main.o(.text.SystemClock_Config) refers to main.o(.text.Error_Handler) for Error_Handler
    main.o(.text.SystemClock_Config) refers to stm32h7xx_hal_rcc.o(.text.HAL_RCC_ClockConfig) for HAL_RCC_ClockConfig
    main.o(.ARM.exidx.text.SystemClock_Config) refers to main.o(.text.SystemClock_Config) for [Anonymous Symbol]
    main.o(.ARM.exidx.text.Error_Handler) refers to main.o(.text.Error_Handler) for [Anonymous Symbol]
    gpio.o(.text.MX_GPIO_Init) refers to stm32h7xx_hal_gpio.o(.text.HAL_GPIO_WritePin) for HAL_GPIO_WritePin
    gpio.o(.text.MX_GPIO_Init) refers to stm32h7xx_hal_gpio.o(.text.HAL_GPIO_Init) for HAL_GPIO_Init
    gpio.o(.text.MX_GPIO_Init) refers to stm32h7xx_hal_cortex.o(.text.HAL_NVIC_SetPriority) for HAL_NVIC_SetPriority
    gpio.o(.text.MX_GPIO_Init) refers to stm32h7xx_hal_cortex.o(.text.HAL_NVIC_EnableIRQ) for HAL_NVIC_EnableIRQ
    gpio.o(.ARM.exidx.text.MX_GPIO_Init) refers to gpio.o(.text.MX_GPIO_Init) for [Anonymous Symbol]
    dma.o(.text.MX_DMA_Init) refers to stm32h7xx_hal_cortex.o(.text.HAL_NVIC_SetPriority) for HAL_NVIC_SetPriority
    dma.o(.text.MX_DMA_Init) refers to stm32h7xx_hal_cortex.o(.text.HAL_NVIC_EnableIRQ) for HAL_NVIC_EnableIRQ
[...]
    WWDG_IRQHandler                          0x080003b3   Thumb Code     0  startup_stm32h723xx.o(.text)
    __user_initial_stackheap                 0x080003b5   Thumb Code     0  startup_stm32h723xx.o(.text)
    __aeabi_memcpy4                          0x080003d9   Thumb Code     0  rt_memcpy_w.o(.text)
    __aeabi_memcpy8                          0x080003d9   Thumb Code     0  rt_memcpy_w.o(.text)
    __rt_memcpy_w                            0x080003d9   Thumb Code   100  rt_memcpy_w.o(.text)
    _memcpy_lastbytes_aligned                0x08000421   Thumb Code     0  rt_memcpy_w.o(.text)
    __aeabi_memclr                           0x0800043d   Thumb Code     0  rt_memclr.o(.text)
    __rt_memclr                              0x0800043d   Thumb Code     0  rt_memclr.o(.text)
    _memset                                  0x08000441   Thumb Code    64  rt_memclr.o(.text)
    __aeabi_memclr4                          0x08000481   Thumb Code     0  rt_memclr_w.o(.text)
    __aeabi_memclr8                          0x08000481   Thumb Code     0  rt_memclr_w.o(.text)
    __rt_memclr_w                            0x08000481   Thumb Code     0  rt_memclr_w.o(.text)
    _memset_w                                0x08000485   Thumb Code    74  rt_memclr_w.o(.text)
    __use_two_region_memory                  0x080004cf   Thumb Code     2  heapauxi.o(.text)
    __rt_heap_escrow$2region                 0x080004d1   Thumb Code     2  heapauxi.o(.text)
    __rt_heap_expand$2region                 0x080004d3   Thumb Code     2  heapauxi.o(.text)
    __read_errno                             0x080004d5   Thumb Code    10  _rserrno.o(.text)
    __set_errno                              0x080004df   Thumb Code    12  _rserrno.o(.text)
    __aeabi_errno_addr                       0x080004ed   Thumb Code     8  rt_errno_addr_intlibspace.o(.text)
    __errno$intlibspace                      0x080004ed   Thumb Code     0  rt_errno_addr_intlibspace.o(.text)
    __rt_errno_addr$intlibspace              0x080004ed   Thumb Code     0  rt_errno_addr_intlibspace.o(.text)
    __user_libspace                          0x080004f5   Thumb Code     8  libspace.o(.text)
    __user_perproc_libspace                  0x080004f5   Thumb Code     0  libspace.o(.text)
    __user_perthread_libspace                0x080004f5   Thumb Code     0  libspace.o(.text)
    __user_setup_stackheap                   0x080004fd   Thumb Code    74  sys_stackheap_outer.o(.text)
    exit                                     0x08000547   Thumb Code    18  exit.o(.text)
    _sys_exit                                0x08000559   Thumb Code     8  sys_exit.o(.text)
    __I$use$semihosting                      0x08000565   Thumb Code     0  use_no_semi.o(.text)
    __use_no_semihosting_swi                 0x08000565   Thumb Code     2  use_no_semi.o(.text)
    __semihosting_library_function           0x08000567   Thumb Code     0  indicate_semi.o(.text)
    BMI088_ACCEL_NS_H                        0x08000569   Thumb Code    20  bmi088middleware.o(.text.BMI088_ACCEL_NS_H)
    BMI088_ACCEL_NS_L                        0x08000581   Thumb Code    20  bmi088middleware.o(.text.BMI088_ACCEL_NS_L)
    BMI088_GPIO_init                         0x08000599   Thumb Code     2  bmi088middleware.o(.text.BMI088_GPIO_init)
    BMI088_GYRO_NS_H                         0x080005a1   Thumb Code    20  bmi088middleware.o(.text.BMI088_GYRO_NS_H)
    BMI088_GYRO_NS_L                         0x080005b9   Thumb Code    20  bmi088middleware.o(.text.BMI088_GYRO_NS_L)
    BMI088_com_init                          0x080005d1   Thumb Code     2  bmi088middleware.o(.text.BMI088_com_init)
    BMI088_delay_ms                          0x080005d9   Thumb Code    38  bmi088middleware.o(.text.BMI088_delay_ms)
    BMI088_delay_us                          0x08000601   Thumb Code   144  bmi088middleware.o(.text.BMI088_delay_us)
    BMI088_init                              0x08000691   Thumb Code    58  bmi088driver.o(.text.BMI088_init)
    BMI088_read                              0x080006d1   Thumb Code   444  bmi088driver.o(.text.BMI088_read)
    BMI088_read_write_byte                   0x08000901   Thumb Code    46  bmi088middleware.o(.text.BMI088_read_write_byte)
    BusFault_Handler                         0x08000951   Thumb Code     4  stm32h7xx_it.o(.text.BusFault_Handler)
    CDC_Transmit_HS                          0x08000a39   Thumb Code    96  usbd_cdc_if.o(.text.CDC_Transmit_HS)
    DMA1_Stream0_IRQHandler                  0x08000b31   Thumb Code    16  stm32h7xx_it.o(.text.DMA1_Stream0_IRQHandler)
    DMA1_Stream1_IRQHandler                  0x08000b41   Thumb Code    16  stm32h7xx_it.o(.text.DMA1_Stream1_IRQHandler)
    DebugMon_Handler                         0x080010b9   Thumb Code     2  stm32h7xx_it.o(.text.DebugMon_Handler)
    EKF_Init                                 0x080010c1   Thumb Code   960  kalman_filter.o(.text.EKF_Init)
    EKF_Predict                              0x08001489   Thumb Code  1904  kalman_filter.o(.text.EKF_Predict)
    EKF_Update                               0x08001bf9   Thumb Code  3374  kalman_filter.o(.text.EKF_Update)
    EXTI15_10_IRQHandler                     0x08002929   Thumb Code    20  stm32h7xx_it.o(.text.EXTI15_10_IRQHandler)
    Error_Handler                            0x08002941   Thumb Code    14  main.o(.text.Error_Handler)
    HAL_DMA_Abort_IT                         0x080029b1   Thumb Code  1706  stm32h7xx_hal_dma.o(.text.HAL_DMA_Abort_IT)
    HAL_DMA_IRQHandler                       0x08003061   Thumb Code  4544  stm32h7xx_hal_dma.o(.text.HAL_DMA_IRQHandler)
    HAL_DMA_Init                             0x08004221   Thumb Code  2400  stm32h7xx_hal_dma.o(.text.HAL_DMA_Init)
    HAL_Delay                                0x08004b81   Thumb Code    66  stm32h7xx_hal.o(.text.HAL_Delay)
    HAL_GPIO_EXTI_Callback                   0x08004bc9   Thumb Code    46  imu_temp_ctrl.o(.text.HAL_GPIO_EXTI_Callback)
    HAL_GPIO_EXTI_IRQHandler                 0x08004bf9   Thumb Code    52  stm32h7xx_hal_gpio.o(.text.HAL_GPIO_EXTI_IRQHandler)
    HAL_GPIO_Init                            0x08004c31   Thumb Code   936  stm32h7xx_hal_gpio.o(.text.HAL_GPIO_Init)
    HAL_GPIO_WritePin                        0x08004fd9   Thumb Code    46  stm32h7xx_hal_gpio.o(.text.HAL_GPIO_WritePin)
    HAL_GetTick                              0x08005009   Thumb Code    12  stm32h7xx_hal.o(.text.HAL_GetTick)
    HAL_IncTick                              0x08005019   Thumb Code    26  stm32h7xx_hal.o(.text.HAL_IncTick)
    HAL_Init                                 0x08005039   Thumb Code   122  stm32h7xx_hal.o(.text.HAL_Init)
    HAL_InitTick                             0x080050b9   Thumb Code   134  stm32h7xx_hal.o(.text.HAL_InitTick)
    HAL_MspInit                              0x08005141   Thumb Code    36  stm32h7xx_hal_msp.o(.text.HAL_MspInit)
    HAL_NVIC_EnableIRQ                       0x08005169   Thumb Code    20  stm32h7xx_hal_cortex.o(.text.HAL_NVIC_EnableIRQ)
    HAL_NVIC_SetPriority                     0x08005181   Thumb Code    46  stm32h7xx_hal_cortex.o(.text.HAL_NVIC_SetPriority)
    HAL_NVIC_SetPriorityGrouping             0x080051b1   Thumb Code    16  stm32h7xx_hal_cortex.o(.text.HAL_NVIC_SetPriorityGrouping)
    HAL_PCDEx_ActivateLPM                    0x080051c1   Thumb Code    54  stm32h7xx_hal_pcd_ex.o(.text.HAL_PCDEx_ActivateLPM)
    HAL_PCDEx_LPM_Callback                   0x080051f9   Thumb Code    12  stm32h7xx_hal_pcd_ex.o(.text.HAL_PCDEx_LPM_Callback)
    HAL_PCDEx_SetRxFiFo                      0x08005209   Thumb Code    24  stm32h7xx_hal_pcd_ex.o(.text.HAL_PCDEx_SetRxFiFo)
    HAL_PCDEx_SetTxFiFo                      0x08005221   Thumb Code   156  stm32h7xx_hal_pcd_ex.o(.text.HAL_PCDEx_SetTxFiFo)
    HAL_PCD_ConnectCallback                  0x080052c1   Thumb Code    20  usbd_conf.o(.text.HAL_PCD_ConnectCallback)
    HAL_PCD_DataInStageCallback              0x080052d9   Thumb Code    38  usbd_conf.o(.text.HAL_PCD_DataInStageCallback)
    HAL_PCD_DataOutStageCallback             0x08005301   Thumb Code    40  usbd_conf.o(.text.HAL_PCD_DataOutStageCallback)
    HAL_PCD_DisconnectCallback               0x08005329   Thumb Code    20  usbd_conf.o(.text.HAL_PCD_DisconnectCallback)
    HAL_PCD_EP_Abort                         0x08005341   Thumb Code    94  stm32h7xx_hal_pcd.o(.text.HAL_PCD_EP_Abort)
    HAL_PCD_EP_Close                         0x080053a1   Thumb Code   168  stm32h7xx_hal_pcd.o(.text.HAL_PCD_EP_Close)
    HAL_PCD_EP_ClrStall                      0x08005449   Thumb Code   200  stm32h7xx_hal_pcd.o(.text.HAL_PCD_EP_ClrStall)
    HAL_PCD_EP_GetRxCount                    0x08005511   Thumb Code    34  stm32h7xx_hal_pcd.o(.text.HAL_PCD_EP_GetRxCount)
    HAL_PCD_EP_Open                          0x08005539   Thumb Code   234  stm32h7xx_hal_pcd.o(.text.HAL_PCD_EP_Open)
    HAL_PCD_EP_Receive                       0x08005629   Thumb Code   108  stm32h7xx_hal_pcd.o(.text.HAL_PCD_EP_Receive)
    HAL_PCD_EP_SetStall                      0x08005699   Thumb Code   222  stm32h7xx_hal_pcd.o(.text.HAL_PCD_EP_SetStall)
    HAL_PCD_EP_Transmit                      0x08005779   Thumb Code   108  stm32h7xx_hal_pcd.o(.text.HAL_PCD_EP_Transmit)
    HAL_PCD_IRQHandler                       0x080057e9   Thumb Code  2188  stm32h7xx_hal_pcd.o(.text.HAL_PCD_IRQHandler)
    HAL_PCD_ISOINIncompleteCallback          0x08006079   Thumb Code    28  usbd_conf.o(.text.HAL_PCD_ISOINIncompleteCallback)
    HAL_PCD_ISOOUTIncompleteCallback         0x08006099   Thumb Code    28  usbd_conf.o(.text.HAL_PCD_ISOOUTIncompleteCallback)
    HAL_PCD_Init                             0x080060b9   Thumb Code   708  stm32h7xx_hal_pcd.o(.text.HAL_PCD_Init)
    HAL_PCD_MspInit                          0x08006381   Thumb Code   158  usbd_conf.o(.text.HAL_PCD_MspInit)
    HAL_PCD_ResetCallback                    0x08006421   Thumb Code    82  usbd_conf.o(.text.HAL_PCD_ResetCallback)
    HAL_PCD_ResumeCallback                   0x08006479   Thumb Code    20  usbd_conf.o(.text.HAL_PCD_ResumeCallback)
    HAL_PCD_SOFCallback                      0x08006491   Thumb Code    20  usbd_conf.o(.text.HAL_PCD_SOFCallback)
    HAL_PCD_SetAddress                       0x080064a9   Thumb Code    94  stm32h7xx_hal_pcd.o(.text.HAL_PCD_SetAddress)
    HAL_PCD_SetupStageCallback               0x08006509   Thumb Code    24  usbd_conf.o(.text.HAL_PCD_SetupStageCallback)
    HAL_PCD_Start                            0x08006521   Thumb Code   124  stm32h7xx_hal_pcd.o(.text.HAL_PCD_Start)
    HAL_PCD_SuspendCallback                  0x080065a1   Thumb Code    62  usbd_conf.o(.text.HAL_PCD_SuspendCallback)
    HAL_PWREx_ConfigSupply                   0x080065e1   Thumb Code   162  stm32h7xx_hal_pwr_ex.o(.text.HAL_PWREx_ConfigSupply)
    HAL_PWREx_EnableUSBVoltageDetector       0x08006689   Thumb Code    18  stm32h7xx_hal_pwr_ex.o(.text.HAL_PWREx_EnableUSBVoltageDetector)
    HAL_RCCEx_PeriphCLKConfig                0x080066a1   Thumb Code  4076  stm32h7xx_hal_rcc_ex.o(.text.HAL_RCCEx_PeriphCLKConfig)
    HAL_RCC_ClockConfig                      0x08007691   Thumb Code  1176  stm32h7xx_hal_rcc.o(.text.HAL_RCC_ClockConfig)
    HAL_RCC_GetHCLKFreq                      0x08007b29   Thumb Code    86  stm32h7xx_hal_rcc.o(.text.HAL_RCC_GetHCLKFreq)
    HAL_RCC_GetSysClockFreq                  0x08007b81   Thumb Code   768  stm32h7xx_hal_rcc.o(.text.HAL_RCC_GetSysClockFreq)
    HAL_RCC_OscConfig                        0x08007e91   Thumb Code  2592  stm32h7xx_hal_rcc.o(.text.HAL_RCC_OscConfig)
    HAL_SPI_ErrorCallback                    0x080088b1   Thumb Code     8  stm32h7xx_hal_spi.o(.text.HAL_SPI_ErrorCallback)
    HAL_SPI_IRQHandler                       0x080088b9   Thumb Code   912  stm32h7xx_hal_spi.o(.text.HAL_SPI_IRQHandler)
    HAL_SPI_Init                             0x08008c49   Thumb Code   658  stm32h7xx_hal_spi.o(.text.HAL_SPI_Init)
    HAL_SPI_MspInit                          0x08008ee1   Thumb Code   440  spi.o(.text.HAL_SPI_MspInit)
    HAL_SPI_RxCpltCallback                   0x08009099   Thumb Code     8  stm32h7xx_hal_spi.o(.text.HAL_SPI_RxCpltCallback)
    HAL_SPI_SuspendCallback                  0x080090a1   Thumb Code     8  stm32h7xx_hal_spi.o(.text.HAL_SPI_SuspendCallback)
    HAL_SPI_TransmitReceive                  0x080090a9   Thumb Code  1210  stm32h7xx_hal_spi.o(.text.HAL_SPI_TransmitReceive)
    HAL_SPI_TxCpltCallback                   0x08009569   Thumb Code     8  stm32h7xx_hal_spi.o(.text.HAL_SPI_TxCpltCallback)
    HAL_SPI_TxRxCpltCallback                 0x08009571   Thumb Code     8  stm32h7xx_hal_spi.o(.text.HAL_SPI_TxRxCpltCallback)
    HAL_SYSTICK_Config                       0x08009579   Thumb Code    16  stm32h7xx_hal_cortex.o(.text.HAL_SYSTICK_Config)
    HAL_TIMEx_MasterConfigSynchronization    0x08009589   Thumb Code   380  stm32h7xx_hal_tim_ex.o(.text.HAL_TIMEx_MasterConfigSynchronization)
    HAL_TIM_MspPostInit                      0x08009709   Thumb Code   100  tim.o(.text.HAL_TIM_MspPostInit)
    HAL_TIM_PWM_ConfigChannel                0x08009771   Thumb Code   432  stm32h7xx_hal_tim.o(.text.HAL_TIM_PWM_ConfigChannel)
    HAL_TIM_PWM_Init                         0x08009921   Thumb Code   168  stm32h7xx_hal_tim.o(.text.HAL_TIM_PWM_Init)
    HAL_TIM_PWM_MspInit                      0x080099c9   Thumb Code    58  tim.o(.text.HAL_TIM_PWM_MspInit)
    HAL_TIM_PWM_Start                        0x08009a09   Thumb Code   674  stm32h7xx_hal_tim.o(.text.HAL_TIM_PWM_Start)
    HardFault_Handler                        0x08009cb1   Thumb Code     4  stm32h7xx_it.o(.text.HardFault_Handler)
    IMU_SetDataReadyFlag                     0x08009cb9   Thumb Code    14  imu_temp_ctrl.o(.text.IMU_SetDataReadyFlag)
    IMU_TempCtrl_Init                        0x08009cc9   Thumb Code    30  imu_temp_ctrl.o(.text.IMU_TempCtrl_Init)
    IMU_TempCtrl_Loop                        0x08009ce9   Thumb Code   680  imu_temp_ctrl.o(.text.IMU_TempCtrl_Loop)
    MX_DMA_Init                              0x0800a031   Thumb Code    76  dma.o(.text.MX_DMA_Init)
    MX_GPIO_Init                             0x0800a081   Thumb Code   298  gpio.o(.text.MX_GPIO_Init)
    MX_SPI2_Init                             0x0800a1b1   Thumb Code   110  spi.o(.text.MX_SPI2_Init)
    MX_TIM3_Init                             0x0800a221   Thumb Code   162  tim.o(.text.MX_TIM3_Init)
    MX_USB_DEVICE_Init                       0x0800a2c9   Thumb Code   122  usb_device.o(.text.MX_USB_DEVICE_Init)
    MemManage_Handler                        0x0800a439   Thumb Code     4  stm32h7xx_it.o(.text.MemManage_Handler)
    NMI_Handler                              0x0800a441   Thumb Code     4  stm32h7xx_it.o(.text.NMI_Handler)
    OTG_HS_IRQHandler                        0x0800a4b9   Thumb Code    16  stm32h7xx_it.o(.text.OTG_HS_IRQHandler)
    PendSV_Handler                           0x0800a859   Thumb Code     2  stm32h7xx_it.o(.text.PendSV_Handler)
    SPI2_IRQHandler                          0x0800ac99   Thumb Code    16  stm32h7xx_it.o(.text.SPI2_IRQHandler)
    SVC_Handler                              0x0800ae89   Thumb Code     2  stm32h7xx_it.o(.text.SVC_Handler)
    SysTick_Handler                          0x0800af21   Thumb Code     8  stm32h7xx_it.o(.text.SysTick_Handler)
    SystemClock_Config                       0x0800af29   Thumb Code   202  main.o(.text.SystemClock_Config)
    SystemInit                               0x0800aff9   Thumb Code   314  system_stm32h7xx.o(.text.SystemInit)
    TIM_Base_SetConfig                       0x0800b139   Thumb Code   442  stm32h7xx_hal_tim.o(.text.TIM_Base_SetConfig)
    TIM_CCxChannelCmd                        0x0800b2f9   Thumb Code    54  stm32h7xx_hal_tim.o(.text.TIM_CCxChannelCmd)
    TIM_OC2_SetConfig                        0x0800b481   Thumb Code   364  stm32h7xx_hal_tim.o(.text.TIM_OC2_SetConfig)
    USBD_CDC_GetDeviceQualifierDescriptor    0x0800bcb9   Thumb Code    22  usbd_cdc.o(.text.USBD_CDC_GetDeviceQualifierDescriptor)
    USBD_CDC_ReceivePacket                   0x0800c041   Thumb Code   126  usbd_cdc.o(.text.USBD_CDC_ReceivePacket)
    USBD_CDC_RegisterInterface               0x0800c0c1   Thumb Code    52  usbd_cdc.o(.text.USBD_CDC_RegisterInterface)
    USBD_CDC_SetRxBuffer                     0x0800c0f9   Thumb Code    60  usbd_cdc.o(.text.USBD_CDC_SetRxBuffer)
    USBD_CDC_SetTxBuffer                     0x0800c139   Thumb Code    70  usbd_cdc.o(.text.USBD_CDC_SetTxBuffer)
    USBD_CDC_TransmitPacket                  0x0800c351   Thumb Code   136  usbd_cdc.o(.text.USBD_CDC_TransmitPacket)
    USBD_ClrClassConfig                      0x0800c3d9   Thumb Code    50  usbd_core.o(.text.USBD_ClrClassConfig)
    USBD_CoreFindEP                          0x0800c451   Thumb Code    14  usbd_core.o(.text.USBD_CoreFindEP)
    USBD_CoreFindIF                          0x0800c461   Thumb Code    14  usbd_core.o(.text.USBD_CoreFindIF)
    USBD_CtlContinueRx                       0x0800c471   Thumb Code    30  usbd_ioreq.o(.text.USBD_CtlContinueRx)
    USBD_CtlContinueSendData                 0x0800c491   Thumb Code    30  usbd_ioreq.o(.text.USBD_CtlContinueSendData)
    USBD_CtlError                            0x0800c4b1   Thumb Code    28  usbd_ctlreq.o(.text.USBD_CtlError)
    USBD_CtlPrepareRx                        0x0800c4d1   Thumb Code    54  usbd_ioreq.o(.text.USBD_CtlPrepareRx)
    USBD_CtlReceiveStatus                    0x0800c509   Thumb Code    34  usbd_ioreq.o(.text.USBD_CtlReceiveStatus)
    USBD_CtlSendData                         0x0800c531   Thumb Code    50  usbd_ioreq.o(.text.USBD_CtlSendData)
    USBD_CtlSendStatus                       0x0800c569   Thumb Code    34  usbd_ioreq.o(.text.USBD_CtlSendStatus)
    USBD_GetEpDesc                           0x0800c919   Thumb Code   118  usbd_core.o(.text.USBD_GetEpDesc)
    USBD_GetNextDesc                         0x0800c9c9   Thumb Code    38  usbd_core.o(.text.USBD_GetNextDesc)
    USBD_GetString                           0x0800ca59   Thumb Code   152  usbd_ctlreq.o(.text.USBD_GetString)
    USBD_Get_USB_Status                      0x0800caf1   Thumb Code    82  usbd_conf.o(.text.USBD_Get_USB_Status)
    USBD_HS_ConfigStrDescriptor              0x0800cb49   Thumb Code    78  usbd_desc.o(.text.USBD_HS_ConfigStrDescriptor)
    USBD_HS_DeviceDescriptor                 0x0800cb99   Thumb Code    26  usbd_desc.o(.text.USBD_HS_DeviceDescriptor)
    USBD_HS_InterfaceStrDescriptor           0x0800cbb9   Thumb Code    78  usbd_desc.o(.text.USBD_HS_InterfaceStrDescriptor)
    USBD_HS_LangIDStrDescriptor              0x0800cc09   Thumb Code    26  usbd_desc.o(.text.USBD_HS_LangIDStrDescriptor)
    USBD_HS_ManufacturerStrDescriptor        0x0800cc29   Thumb Code    40  usbd_desc.o(.text.USBD_HS_ManufacturerStrDescriptor)
    USBD_HS_ProductStrDescriptor             0x0800cc51   Thumb Code    78  usbd_desc.o(.text.USBD_HS_ProductStrDescriptor)
    USBD_HS_SerialStrDescriptor              0x0800cca1   Thumb Code    32  usbd_desc.o(.text.USBD_HS_SerialStrDescriptor)
    USBD_Init                                0x0800ccc1   Thumb Code   106  usbd_core.o(.text.USBD_Init)
    USBD_LL_ClearStallEP                     0x0800cd31   Thumb Code    58  usbd_conf.o(.text.USBD_LL_ClearStallEP)
    USBD_LL_CloseEP                          0x0800cd71   Thumb Code    58  usbd_conf.o(.text.USBD_LL_CloseEP)
    USBD_LL_DataInStage                      0x0800cdb1   Thumb Code   400  usbd_core.o(.text.USBD_LL_DataInStage)
    USBD_LL_DataOutStage                     0x0800cf41   Thumb Code   434  usbd_core.o(.text.USBD_LL_DataOutStage)
    USBD_LL_DevConnected                     0x0800d0f9   Thumb Code    10  usbd_core.o(.text.USBD_LL_DevConnected)
    USBD_LL_DevDisconnected                  0x0800d109   Thumb Code    64  usbd_core.o(.text.USBD_LL_DevDisconnected)
    USBD_LL_GetRxDataSize                    0x0800d149   Thumb Code    28  usbd_conf.o(.text.USBD_LL_GetRxDataSize)
    USBD_LL_Init                             0x0800d169   Thumb Code   134  usbd_conf.o(.text.USBD_LL_Init)
    USBD_LL_IsStallEP                        0x0800d1f1   Thumb Code    92  usbd_conf.o(.text.USBD_LL_IsStallEP)
    USBD_LL_IsoINIncomplete                  0x0800d251   Thumb Code   110  usbd_core.o(.text.USBD_LL_IsoINIncomplete)
    USBD_LL_IsoOUTIncomplete                 0x0800d2c1   Thumb Code   110  usbd_core.o(.text.USBD_LL_IsoOUTIncomplete)
    USBD_LL_OpenEP                           0x0800d331   Thumb Code    74  usbd_conf.o(.text.USBD_LL_OpenEP)
    USBD_LL_PrepareReceive                   0x0800d381   Thumb Code    66  usbd_conf.o(.text.USBD_LL_PrepareReceive)
    USBD_LL_Reset                            0x0800d3c9   Thumb Code   156  usbd_core.o(.text.USBD_LL_Reset)
    USBD_LL_Resume                           0x0800d469   Thumb Code    36  usbd_core.o(.text.USBD_LL_Resume)
    USBD_LL_SOF                              0x0800d491   Thumb Code    62  usbd_core.o(.text.USBD_LL_SOF)
    USBD_LL_SetSpeed                         0x0800d4d1   Thumb Code    22  usbd_core.o(.text.USBD_LL_SetSpeed)
    USBD_LL_SetUSBAddress                    0x0800d4e9   Thumb Code    58  usbd_conf.o(.text.USBD_LL_SetUSBAddress)
    USBD_LL_SetupStage                       0x0800d529   Thumb Code   148  usbd_core.o(.text.USBD_LL_SetupStage)
    USBD_LL_StallEP                          0x0800d5c1   Thumb Code    58  usbd_conf.o(.text.USBD_LL_StallEP)
    USBD_LL_Start                            0x0800d601   Thumb Code    50  usbd_conf.o(.text.USBD_LL_Start)
    USBD_LL_Suspend                          0x0800d639   Thumb Code    44  usbd_core.o(.text.USBD_LL_Suspend)
    USBD_LL_Transmit                         0x0800d669   Thumb Code    66  usbd_conf.o(.text.USBD_LL_Transmit)
    USBD_ParseSetupRequest                   0x0800d6b1   Thumb Code    98  usbd_ctlreq.o(.text.USBD_ParseSetupRequest)
    USBD_RegisterClass                       0x0800d719   Thumb Code   114  usbd_core.o(.text.USBD_RegisterClass)
    USBD_RunTestMode                         0x0800d791   Thumb Code    10  usbd_core.o(.text.USBD_RunTestMode)
    USBD_SetClassConfig                      0x0800d831   Thumb Code    54  usbd_core.o(.text.USBD_SetClassConfig)
    USBD_Start                               0x0800da39   Thumb Code    16  usbd_core.o(.text.USBD_Start)
    USBD_StdDevReq                           0x0800da49   Thumb Code   204  usbd_ctlreq.o(.text.USBD_StdDevReq)
    USBD_StdEPReq                            0x0800db19   Thumb Code   940  usbd_ctlreq.o(.text.USBD_StdEPReq)
    USBD_StdItfReq                           0x0800dec9   Thumb Code   244  usbd_ctlreq.o(.text.USBD_StdItfReq)
    USBD_static_free                         0x0800dfc1   Thumb Code     8  usbd_conf.o(.text.USBD_static_free)
    USBD_static_malloc                       0x0800dfc9   Thumb Code    16  usbd_conf.o(.text.USBD_static_malloc)
    USB_ActivateEndpoint                     0x0800dfd9   Thumb Code   222  stm32h7xx_ll_usb.o(.text.USB_ActivateEndpoint)
    USB_ActivateSetup                        0x0800e0b9   Thumb Code    44  stm32h7xx_ll_usb.o(.text.USB_ActivateSetup)
    USB_CoreInit                             0x0800e0e9   Thumb Code   274  stm32h7xx_ll_usb.o(.text.USB_CoreInit)
    USB_DeactivateEndpoint                   0x0800e289   Thumb Code   312  stm32h7xx_ll_usb.o(.text.USB_DeactivateEndpoint)
    USB_DevConnect                           0x0800e3c1   Thumb Code    42  stm32h7xx_ll_usb.o(.text.USB_DevConnect)
    USB_DevDisconnect                        0x0800e3f1   Thumb Code    42  stm32h7xx_ll_usb.o(.text.USB_DevDisconnect)
    USB_DevInit                              0x0800e421   Thumb Code   696  stm32h7xx_ll_usb.o(.text.USB_DevInit)
    USB_DisableGlobalInt                     0x0800e6d9   Thumb Code    20  stm32h7xx_ll_usb.o(.text.USB_DisableGlobalInt)
    USB_EP0_OutStart                         0x0800e6f1   Thumb Code   158  stm32h7xx_ll_usb.o(.text.USB_EP0_OutStart)
    USB_EPClearStall                         0x0800e791   Thumb Code   160  stm32h7xx_ll_usb.o(.text.USB_EPClearStall)
    USB_EPSetStall                           0x0800e831   Thumb Code   168  stm32h7xx_ll_usb.o(.text.USB_EPSetStall)
    USB_EPStartXfer                          0x0800e8d9   Thumb Code  1000  stm32h7xx_ll_usb.o(.text.USB_EPStartXfer)
    USB_EPStopXfer                           0x0800ecc1   Thumb Code   284  stm32h7xx_ll_usb.o(.text.USB_EPStopXfer)
    USB_EnableGlobalInt                      0x0800ede1   Thumb Code    20  stm32h7xx_ll_usb.o(.text.USB_EnableGlobalInt)
    USB_FlushRxFifo                          0x0800edf9   Thumb Code   128  stm32h7xx_ll_usb.o(.text.USB_FlushRxFifo)
    USB_FlushTxFifo                          0x0800ee79   Thumb Code   134  stm32h7xx_ll_usb.o(.text.USB_FlushTxFifo)
    USB_GetDevSpeed                          0x0800ef01   Thumb Code    76  stm32h7xx_ll_usb.o(.text.USB_GetDevSpeed)
    USB_GetMode                              0x0800ef51   Thumb Code    16  stm32h7xx_ll_usb.o(.text.USB_GetMode)
    USB_ReadDevAllInEpInterrupt              0x0800ef61   Thumb Code    36  stm32h7xx_ll_usb.o(.text.USB_ReadDevAllInEpInterrupt)
    USB_ReadDevAllOutEpInterrupt             0x0800ef89   Thumb Code    36  stm32h7xx_ll_usb.o(.text.USB_ReadDevAllOutEpInterrupt)
    USB_ReadDevInEPInterrupt                 0x0800efb1   Thumb Code    78  stm32h7xx_ll_usb.o(.text.USB_ReadDevInEPInterrupt)
    USB_ReadDevOutEPInterrupt                0x0800f001   Thumb Code    46  stm32h7xx_ll_usb.o(.text.USB_ReadDevOutEPInterrupt)
    USB_ReadInterrupts                       0x0800f031   Thumb Code    26  stm32h7xx_ll_usb.o(.text.USB_ReadInterrupts)
    USB_ReadPacket                           0x0800f051   Thumb Code   180  stm32h7xx_ll_usb.o(.text.USB_ReadPacket)
    USB_SetCurrentMode                       0x0800f109   Thumb Code   222  stm32h7xx_ll_usb.o(.text.USB_SetCurrentMode)
    USB_SetDevAddress                        0x0800f1e9   Thumb Code    54  stm32h7xx_ll_usb.o(.text.USB_SetDevAddress)
    USB_SetDevSpeed                          0x0800f221   Thumb Code    34  stm32h7xx_ll_usb.o(.text.USB_SetDevSpeed)
    USB_SetTurnaroundTime                    0x0800f249   Thumb Code   442  stm32h7xx_ll_usb.o(.text.USB_SetTurnaroundTime)
    USB_WritePacket                          0x0800f409   Thumb Code   130  stm32h7xx_ll_usb.o(.text.USB_WritePacket)
    UsageFault_Handler                       0x0800f491   Thumb Code     4  stm32h7xx_it.o(.text.UsageFault_Handler)
    bmi088_accel_init                        0x0800f5f1   Thumb Code   398  bmi088driver.o(.text.bmi088_accel_init)
    bmi088_gyro_init                         0x0800f781   Thumb Code   326  bmi088driver.o(.text.bmi088_gyro_init)
    main                                     0x0800f8c9   Thumb Code    54  main.o(.text.main)
    __ARM_fpclassifyf                        0x0800f8ff   Thumb Code    38  fpclassifyf.o(i.__ARM_fpclassifyf)
    __hardfp_atan2f                          0x0800f925   Thumb Code   594  atan2f.o(i.__hardfp_atan2f)
    __hardfp_cosf                            0x0800fbd1   Thumb Code   280  cosf.o(i.__hardfp_cosf)
    __hardfp_powf                            0x0800fd21   Thumb Code  1606  powf.o(i.__hardfp_powf)
    __mathlib_powf                           0x0800fd21   Thumb Code     0  powf.o(i.__hardfp_powf)
    __hardfp_sinf                            0x08010385   Thumb Code   344  sinf.o(i.__hardfp_sinf)
    __hardfp_sqrtf                           0x08010515   Thumb Code    58  sqrtf.o(i.__hardfp_sqrtf)
    __mathlib_flt_divzero                    0x08010551   Thumb Code    14  funder.o(i.__mathlib_flt_divzero)
    __mathlib_flt_infnan                     0x08010565   Thumb Code     6  funder.o(i.__mathlib_flt_infnan)
    __mathlib_flt_infnan2                    0x0801056b   Thumb Code     6  funder.o(i.__mathlib_flt_infnan2)
    __mathlib_flt_invalid                    0x08010571   Thumb Code    10  funder.o(i.__mathlib_flt_invalid)
    __mathlib_flt_overflow                   0x08010581   Thumb Code    10  funder.o(i.__mathlib_flt_overflow)
    __mathlib_flt_underflow                  0x08010591   Thumb Code    10  funder.o(i.__mathlib_flt_underflow)
    __mathlib_rredf2                         0x080105a1   Thumb Code   316  rredf.o(i.__mathlib_rredf2)
    _fp_init                                 0x080106f5   Thumb Code    26  fpinit.o(x$fpl$fpinit)
    __fplib_config_fpu_vfp                   0x0801070d   Thumb Code     0  fpinit.o(x$fpl$fpinit)
    __fplib_config_pureend_doubles           0x0801070d   Thumb Code     0  fpinit.o(x$fpl$fpinit)
    __I$use$fp                               0x0801070e   Number         0  usenofp.o(x$fpl$usenofp)
    D1CorePrescTable                         0x08010870   Data          16  system_stm32h7xx.o(.rodata.D1CorePrescTable)
    Region$$Table$$Base                      0x080108cc   Number         0  anon$$obj.o(Region$$Table)
    Region$$Table$$Limit                     0x080108ec   Number         0  anon$$obj.o(Region$$Table)
    BMI088_ACCEL_SEN                         0x24000000   Data           4  bmi088driver.o(.data.BMI088_ACCEL_SEN)
    BMI088_GYRO_SEN                          0x24000004   Data           4  bmi088driver.o(.data.BMI088_GYRO_SEN)
    HS_Desc                                  0x2400000c   Data          32  usbd_desc.o(.data.HS_Desc)
    SystemCoreClock                          0x2400002c   Data           4  system_stm32h7xx.o(.data.SystemCoreClock)
    SystemD2Clock                            0x24000030   Data           4  system_stm32h7xx.o(.data.SystemD2Clock)
    USBD_CDC                                 0x24000034   Data          56  usbd_cdc.o(.data.USBD_CDC)
    USBD_HS_DeviceDesc                       0x240000bc   Data          18  usbd_desc.o(.data.USBD_HS_DeviceDesc)
    USBD_Interface_fops_HS                   0x240000d0   Data          20  usbd_cdc_if.o(.data.USBD_Interface_fops_HS)
    USBD_LangIDDesc                          0x240000e4   Data           4  usbd_desc.o(.data.USBD_LangIDDesc)
    USBD_StringSerial                        0x240000e8   Data          26  usbd_desc.o(.data.USBD_StringSerial)
    uwTickFreq                               0x24000102   Data           1  stm32h7xx_hal.o(.data.uwTickFreq)
    uwTickPrio                               0x24000104   Data           4  stm32h7xx_hal.o(.data.uwTickPrio)
    __libspace_start                         0x24000130   Data          96  libspace.o(.bss)
    __temporary_stack_top$libspace           0x24000190   Data           0  libspace.o(.bss)
    USBD_StrDesc                             0x24000194   Data         512  usbd_desc.o(.bss.USBD_StrDesc)
    UserRxBufferHS                           0x240005b4   Data        2048  usbd_cdc_if.o(.bss.UserRxBufferHS)
    UserTxBufferHS                           0x24000db4   Data        2048  usbd_cdc_if.o(.bss.UserTxBufferHS)
    accel                                    0x240015b4   Data          12  imu_temp_ctrl.o(.bss.accel)
    ekf                                      0x240015c0   Data         636  imu_temp_ctrl.o(.bss.ekf)
    forceStop                                0x2400184c   Data           1  imu_temp_ctrl.o(.bss.forceStop)
    gyro                                     0x24001850   Data          12  imu_temp_ctrl.o(.bss.gyro)
    hUsbDeviceHS                             0x2400185c   Data         732  usb_device.o(.bss.hUsbDeviceHS)
    hdma_spi2_rx                             0x24001b38   Data         120  spi.o(.bss.hdma_spi2_rx)
    hdma_spi2_tx                             0x24001bb0   Data         120  spi.o(.bss.hdma_spi2_tx)
    hpcd_USB_OTG_HS                          0x24001c28   Data        1292  usbd_conf.o(.bss.hpcd_USB_OTG_HS)
    hspi2                                    0x24002134   Data         136  spi.o(.bss.hspi2)
    htim3                                    0x240021bc   Data          76  tim.o(.bss.htim3)
    temp                                     0x24002210   Data           4  imu_temp_ctrl.o(.bss.temp)
    uwTick                                   0x24002214   Data           4  stm32h7xx_hal.o(.bss.uwTick)



==============================================================================

Memory Map of the image

  Image Entry point : 0x080002cd

  Load Region LR_IROM1 (Base: 0x08000000, Size: 0x00010a20, Max: 0x00100000, ABSOLUTE)

    Execution Region ER_IROM1 (Exec base: 0x08000000, Load base: 0x08000000, Size: 0x000108ec, Max: 0x00100000, ABSOLUTE)

    Exec Addr    Load Addr    Size         Type   Attr      Idx    E Section Name        Object

    0x08000000   0x08000000   0x000002cc   Data   RO            3    RESET               startup_stm32h723xx.o
    0x080002cc   0x080002cc   0x00000008   Code   RO         2132  * !!!main             c_w.l(__main.o)
    0x080002d4   0x080002d4   0x0000005c   Code   RO         2363    !!!scatter          c_w.l(__scatter.o)
    0x08000330   0x08000330   0x0000001a   Code   RO         2367    !!handler_copy      c_w.l(__scatter_copy.o)
    0x0800034a   0x0800034a   0x00000002   PAD
    0x0800034c   0x0800034c   0x00000002   Code   RO         2364    !!handler_null      c_w.l(__scatter.o)
    0x0800034e   0x0800034e   0x00000002   PAD
    0x08000350   0x08000350   0x0000001c   Code   RO         2369    !!handler_zi        c_w.l(__scatter_zi.o)
    0x0800036c   0x0800036c   0x00000002   Code   RO         2228    .ARM.Collect$$libinit$$00000000  c_w.l(libinit.o)
    0x0800036e   0x0800036e   0x00000004   Code   RO         2231    .ARM.Collect$$libinit$$00000001  c_w.l(libinit2.o)
    0x08000372   0x08000372   0x00000000   Code   RO         2234    .ARM.Collect$$libinit$$00000004  c_w.l(libinit2.o)
    0x08000372   0x08000372   0x00000000   Code   RO         2236    .ARM.Collect$$libinit$$00000006  c_w.l(libinit2.o)
    0x08000372   0x08000372   0x00000000   Code   RO         2239    .ARM.Collect$$libinit$$0000000C  c_w.l(libinit2.o)
    0x08000372   0x08000372   0x00000000   Code   RO         2241    .ARM.Collect$$libinit$$0000000E  c_w.l(libinit2.o)
    0x08000372   0x08000372   0x00000000   Code   RO         2243    .ARM.Collect$$libinit$$00000010  c_w.l(libinit2.o)
    0x08000372   0x08000372   0x00000000   Code   RO         2246    .ARM.Collect$$libinit$$00000013  c_w.l(libinit2.o)
    0x08000372   0x08000372   0x00000000   Code   RO         2248    .ARM.Collect$$libinit$$00000015  c_w.l(libinit2.o)
    0x08000372   0x08000372   0x00000000   Code   RO         2250    .ARM.Collect$$libinit$$00000017  c_w.l(libinit2.o)
    0x08000372   0x08000372   0x00000000   Code   RO         2252    .ARM.Collect$$libinit$$00000019  c_w.l(libinit2.o)
    0x08000372   0x08000372   0x00000000   Code   RO         2254    .ARM.Collect$$libinit$$0000001B  c_w.l(libinit2.o)
    0x08000372   0x08000372   0x00000000   Code   RO         2256    .ARM.Collect$$libinit$$0000001D  c_w.l(libinit2.o)
    0x08000372   0x08000372   0x00000000   Code   RO         2258    .ARM.Collect$$libinit$$0000001F  c_w.l(libinit2.o)
    0x08000372   0x08000372   0x00000000   Code   RO         2260    .ARM.Collect$$libinit$$00000021  c_w.l(libinit2.o)
    0x08000372   0x08000372   0x00000000   Code   RO         2262    .ARM.Collect$$libinit$$00000023  c_w.l(libinit2.o)
    0x08000372   0x08000372   0x00000000   Code   RO         2264    .ARM.Collect$$libinit$$00000025  c_w.l(libinit2.o)
    0x08000372   0x08000372   0x00000000   Code   RO         2266    .ARM.Collect$$libinit$$00000027  c_w.l(libinit2.o)
    0x08000372   0x08000372   0x00000000   Code   RO         2270    .ARM.Collect$$libinit$$0000002E  c_w.l(libinit2.o)
    0x08000372   0x08000372   0x00000000   Code   RO         2272    .ARM.Collect$$libinit$$00000030  c_w.l(libinit2.o)
    0x08000372   0x08000372   0x00000000   Code   RO         2274    .ARM.Collect$$libinit$$00000032  c_w.l(libinit2.o)
    0x08000372   0x08000372   0x00000000   Code   RO         2276    .ARM.Collect$$libinit$$00000034  c_w.l(libinit2.o)
    0x08000372   0x08000372   0x00000002   Code   RO         2277    .ARM.Collect$$libinit$$00000035  c_w.l(libinit2.o)
    0x08000374   0x08000374   0x00000002   Code   RO         2299    .ARM.Collect$$libshutdown$$00000000  c_w.l(libshutdown.o)
    0x08000376   0x08000376   0x00000000   Code   RO         2314    .ARM.Collect$$libshutdown$$00000002  c_w.l(libshutdown2.o)
    0x08000376   0x08000376   0x00000000   Code   RO         2316    .ARM.Collect$$libshutdown$$00000004  c_w.l(libshutdown2.o)
    0x08000376   0x08000376   0x00000000   Code   RO         2319    .ARM.Collect$$libshutdown$$00000007  c_w.l(libshutdown2.o)
    0x08000376   0x08000376   0x00000000   Code   RO         2322    .ARM.Collect$$libshutdown$$0000000A  c_w.l(libshutdown2.o)
    0x08000376   0x08000376   0x00000000   Code   RO         2324    .ARM.Collect$$libshutdown$$0000000C  c_w.l(libshutdown2.o)
    0x08000376   0x08000376   0x00000000   Code   RO         2327    .ARM.Collect$$libshutdown$$0000000F  c_w.l(libshutdown2.o)
    0x08000376   0x08000376   0x00000002   Code   RO         2328    .ARM.Collect$$libshutdown$$00000010  c_w.l(libshutdown2.o)
    0x08000378   0x08000378   0x00000000   Code   RO         2171    .ARM.Collect$$rtentry$$00000000  c_w.l(__rtentry.o)
    0x08000378   0x08000378   0x00000000   Code   RO         2197    .ARM.Collect$$rtentry$$00000002  c_w.l(__rtentry2.o)
    0x08000378   0x08000378   0x00000006   Code   RO         2209    .ARM.Collect$$rtentry$$00000004  c_w.l(__rtentry4.o)
    0x0800037e   0x0800037e   0x00000000   Code   RO         2199    .ARM.Collect$$rtentry$$00000009  c_w.l(__rtentry2.o)
    0x0800037e   0x0800037e   0x00000004   Code   RO         2200    .ARM.Collect$$rtentry$$0000000A  c_w.l(__rtentry2.o)
    0x08000382   0x08000382   0x00000000   Code   RO         2202    .ARM.Collect$$rtentry$$0000000C  c_w.l(__rtentry2.o)
    0x08000382   0x08000382   0x00000008   Code   RO         2203    .ARM.Collect$$rtentry$$0000000D  c_w.l(__rtentry2.o)
    0x0800038a   0x0800038a   0x00000002   Code   RO         2229    .ARM.Collect$$rtexit$$00000000  c_w.l(rtexit.o)
    0x0800038c   0x0800038c   0x00000000   Code   RO         2279    .ARM.Collect$$rtexit$$00000002  c_w.l(rtexit2.o)
    0x0800038c   0x0800038c   0x00000004   Code   RO         2280    .ARM.Collect$$rtexit$$00000003  c_w.l(rtexit2.o)
    0x08000390   0x08000390   0x00000006   Code   RO         2281    .ARM.Collect$$rtexit$$00000004  c_w.l(rtexit2.o)
    0x08000396   0x08000396   0x00000002   PAD
    0x08000398   0x08000398   0x00000040   Code   RO            4    .text               startup_stm32h723xx.o
    0x080003d8   0x080003d8   0x00000064   Code   RO         2124    .text               c_w.l(rt_memcpy_w.o)
    0x0800043c   0x0800043c   0x00000044   Code   RO         2126    .text               c_w.l(rt_memclr.o)
    0x08000480   0x08000480   0x0000004e   Code   RO         2128    .text               c_w.l(rt_memclr_w.o)
    0x080004ce   0x080004ce   0x00000006   Code   RO         2130    .text               c_w.l(heapauxi.o)
    0x080004d4   0x080004d4   0x00000016   Code   RO         2172    .text               c_w.l(_rserrno.o)
    0x080004ea   0x080004ea   0x00000002   PAD
    0x080004ec   0x080004ec   0x00000008   Code   RO         2214    .text               c_w.l(rt_errno_addr_intlibspace.o)
    0x080004f4   0x080004f4   0x00000008   Code   RO         2216    .text               c_w.l(libspace.o)
    0x080004fc   0x080004fc   0x0000004a   Code   RO         2219    .text               c_w.l(sys_stackheap_outer.o)
    0x08000546   0x08000546   0x00000012   Code   RO         2221    .text               c_w.l(exit.o)
    0x08000558   0x08000558   0x0000000c   Code   RO         2289    .text               c_w.l(sys_exit.o)
    0x08000564   0x08000564   0x00000002   Code   RO         2304    .text               c_w.l(use_no_semi.o)
    0x08000566   0x08000566   0x00000000   Code   RO         2306    .text               c_w.l(indicate_semi.o)
    0x08000566   0x08000566   0x00000002   PAD
    0x08000568   0x08000568   0x00000014   Code   RO         1745    .text.BMI088_ACCEL_NS_H  bmi088middleware.o
    0x0800057c   0x0800057c   0x00000004   PAD
    0x08000580   0x08000580   0x00000014   Code   RO         1743    .text.BMI088_ACCEL_NS_L  bmi088middleware.o
    0x08000594   0x08000594   0x00000004   PAD
    0x08000598   0x08000598   0x00000002   Code   RO         1735    .text.BMI088_GPIO_init  bmi088middleware.o
    0x0800059a   0x0800059a   0x00000006   PAD
    0x080005a0   0x080005a0   0x00000014   Code   RO         1749    .text.BMI088_GYRO_NS_H  bmi088middleware.o
    0x080005b4   0x080005b4   0x00000004   PAD
    0x080005b8   0x080005b8   0x00000014   Code   RO         1747    .text.BMI088_GYRO_NS_L  bmi088middleware.o
    0x080005cc   0x080005cc   0x00000004   PAD
    0x080005d0   0x080005d0   0x00000002   Code   RO         1737    .text.BMI088_com_init  bmi088middleware.o
    0x080005d2   0x080005d2   0x00000006   PAD
    0x080005d8   0x080005d8   0x00000026   Code   RO         1739    .text.BMI088_delay_ms  bmi088middleware.o
    0x080005fe   0x080005fe   0x00000002   PAD
    0x08000600   0x08000600   0x00000090   Code   RO         1741    .text.BMI088_delay_us  bmi088middleware.o
    0x08000690   0x08000690   0x0000003a   Code   RO         1710    .text.BMI088_init   bmi088driver.o
    0x080006ca   0x080006ca   0x00000006   PAD
    0x080006d0   0x080006d0   0x000001bc   Code   RO         1720    .text.BMI088_read   bmi088driver.o
    0x0800088c   0x0800088c   0x00000004   PAD
    0x08000890   0x08000890   0x00000044   Code   RO         1722    .text.BMI088_read_muli_reg  bmi088driver.o
    0x080008d4   0x080008d4   0x00000004   PAD
    0x080008d8   0x080008d8   0x00000024   Code   RO         1718    .text.BMI088_read_single_reg  bmi088driver.o
    0x080008fc   0x080008fc   0x00000004   PAD
    0x08000900   0x08000900   0x0000002e   Code   RO         1751    .text.BMI088_read_write_byte  bmi088middleware.o
    0x0800092e   0x0800092e   0x00000002   PAD
    0x08000930   0x08000930   0x00000020   Code   RO         1716    .text.BMI088_write_single_reg  bmi088driver.o
    0x08000950   0x08000950   0x00000004   Code   RO           79    .text.BusFault_Handler  stm32h7xx_it.o
    0x08000954   0x08000954   0x00000004   PAD
    0x08000958   0x08000958   0x0000005c   Code   RO         1843    .text.CDC_Control_HS  usbd_cdc_if.o
    0x080009b4   0x080009b4   0x00000004   PAD
    0x080009b8   0x080009b8   0x00000004   Code   RO         1841    .text.CDC_DeInit_HS  usbd_cdc_if.o
    0x080009bc   0x080009bc   0x00000004   PAD
    0x080009c0   0x080009c0   0x00000032   Code   RO         1839    .text.CDC_Init_HS   usbd_cdc_if.o
    0x080009f2   0x080009f2   0x00000006   PAD
    0x080009f8   0x080009f8   0x00000024   Code   RO         1845    .text.CDC_Receive_HS  usbd_cdc_if.o
    0x08000a1c   0x08000a1c   0x00000004   PAD
    0x08000a20   0x08000a20   0x00000018   Code   RO         1847    .text.CDC_TransmitCplt_HS  usbd_cdc_if.o
    0x08000a38   0x08000a38   0x00000060   Code   RO         1849    .text.CDC_Transmit_HS  usbd_cdc_if.o
    0x08000a98   0x08000a98   0x00000096   Code   RO         1764    .text.CRC16_Calculate  imu_temp_ctrl.o
    0x08000b2e   0x08000b2e   0x00000002   PAD
    0x08000b30   0x08000b30   0x00000010   Code   RO           91    .text.DMA1_Stream0_IRQHandler  stm32h7xx_it.o
    0x08000b40   0x08000b40   0x00000010   Code   RO           93    .text.DMA1_Stream1_IRQHandler  stm32h7xx_it.o
    0x08000b50   0x08000b50   0x000001ca   Code   RO          446    .text.DMA_CalcBaseAndBitshift  stm32h7xx_hal_dma.o
    0x08000d1a   0x08000d1a   0x00000006   PAD
    0x08000d20   0x08000d20   0x00000178   Code   RO          448    .text.DMA_CalcDMAMUXChannelBaseAndMask  stm32h7xx_hal_dma.o
    0x08000e98   0x08000e98   0x0000012a   Code   RO          450    .text.DMA_CalcDMAMUXRequestGenBaseAndMask  stm32h7xx_hal_dma.o
    0x08000fc2   0x08000fc2   0x00000006   PAD
    0x08000fc8   0x08000fc8   0x000000f0   Code   RO          444    .text.DMA_CheckFifoParam  stm32h7xx_hal_dma.o
    0x080010b8   0x080010b8   0x00000002   Code   RO           85    .text.DebugMon_Handler  stm32h7xx_it.o
    0x080010ba   0x080010ba   0x00000006   PAD
    0x080010c0   0x080010c0   0x000003c8   Code   RO         1789    .text.EKF_Init      kalman_filter.o
    0x08001488   0x08001488   0x00000770   Code   RO         1799    .text.EKF_Predict   kalman_filter.o
    0x08001bf8   0x08001bf8   0x00000d2e   Code   RO         1801    .text.EKF_Update    kalman_filter.o
    0x08002926   0x08002926   0x00000002   PAD
    0x08002928   0x08002928   0x00000014   Code   RO           97    .text.EXTI15_10_IRQHandler  stm32h7xx_it.o
    0x0800293c   0x0800293c   0x00000004   PAD
    0x08002940   0x08002940   0x0000000e   Code   RO           15    .text.Error_Handler  main.o
    0x0800294e   0x0800294e   0x00000002   PAD
    0x08002950   0x08002950   0x0000005c   Code   RO         1875    .text.Get_SerialNum  usbd_desc.o
    0x080029ac   0x080029ac   0x00000004   PAD
    0x080029b0   0x080029b0   0x000006aa   Code   RO          462    .text.HAL_DMA_Abort_IT  stm32h7xx_hal_dma.o
    0x0800305a   0x0800305a   0x00000006   PAD
    0x08003060   0x08003060   0x000011c0   Code   RO          466    .text.HAL_DMA_IRQHandler  stm32h7xx_hal_dma.o
    0x08004220   0x08004220   0x00000960   Code   RO          442    .text.HAL_DMA_Init  stm32h7xx_hal_dma.o
    0x08004b80   0x08004b80   0x00000042   Code   RO          702    .text.HAL_Delay     stm32h7xx_hal.o
    0x08004bc2   0x08004bc2   0x00000006   PAD
    0x08004bc8   0x08004bc8   0x0000002e   Code   RO         1768    .text.HAL_GPIO_EXTI_Callback  imu_temp_ctrl.o
    0x08004bf6   0x08004bf6   0x00000002   PAD
    0x08004bf8   0x08004bf8   0x00000034   Code   RO          402    .text.HAL_GPIO_EXTI_IRQHandler  stm32h7xx_hal_gpio.o
    0x08004c2c   0x08004c2c   0x00000004   PAD
    0x08004c30   0x08004c30   0x000003a8   Code   RO          390    .text.HAL_GPIO_Init  stm32h7xx_hal_gpio.o
    0x08004fd8   0x08004fd8   0x0000002e   Code   RO          396    .text.HAL_GPIO_WritePin  stm32h7xx_hal_gpio.o
    0x08005006   0x08005006   0x00000002   PAD
    0x08005008   0x08005008   0x0000000c   Code   RO          694    .text.HAL_GetTick   stm32h7xx_hal.o
    0x08005014   0x08005014   0x00000004   PAD
    0x08005018   0x08005018   0x0000001a   Code   RO          692    .text.HAL_IncTick   stm32h7xx_hal.o
    0x08005032   0x08005032   0x00000006   PAD
    0x08005038   0x08005038   0x0000007a   Code   RO          682    .text.HAL_Init      stm32h7xx_hal.o
    0x080050b2   0x080050b2   0x00000006   PAD
    0x080050b8   0x080050b8   0x00000086   Code   RO          684    .text.HAL_InitTick  stm32h7xx_hal.o
    0x0800513e   0x0800513e   0x00000002   PAD
    0x08005140   0x08005140   0x00000024   Code   RO          108    .text.HAL_MspInit   stm32h7xx_hal_msp.o
    0x08005164   0x08005164   0x00000004   PAD
    0x08005168   0x08005168   0x00000014   Code   RO          128    .text.HAL_NVIC_EnableIRQ  stm32h7xx_hal_cortex.o
    0x0800517c   0x0800517c   0x00000004   PAD
    0x08005180   0x08005180   0x0000002e   Code   RO          120    .text.HAL_NVIC_SetPriority  stm32h7xx_hal_cortex.o
    0x080051ae   0x080051ae   0x00000002   PAD
    0x080051b0   0x080051b0   0x00000010   Code   RO          116    .text.HAL_NVIC_SetPriorityGrouping  stm32h7xx_hal_cortex.o
    0x080051c0   0x080051c0   0x00000036   Code   RO         1570    .text.HAL_PCDEx_ActivateLPM  stm32h7xx_hal_pcd_ex.o
    0x080051f6   0x080051f6   0x00000002   PAD
    0x080051f8   0x080051f8   0x0000000c   Code   RO         1582    .text.HAL_PCDEx_LPM_Callback  stm32h7xx_hal_pcd_ex.o
    0x08005204   0x08005204   0x00000004   PAD
    0x08005208   0x08005208   0x00000018   Code   RO         1568    .text.HAL_PCDEx_SetRxFiFo  stm32h7xx_hal_pcd_ex.o
    0x08005220   0x08005220   0x0000009c   Code   RO         1566    .text.HAL_PCDEx_SetTxFiFo  stm32h7xx_hal_pcd_ex.o
    0x080052bc   0x080052bc   0x00000004   PAD
    0x080052c0   0x080052c0   0x00000014   Code   RO         1917    .text.HAL_PCD_ConnectCallback  usbd_conf.o
    0x080052d4   0x080052d4   0x00000004   PAD
    0x080052d8   0x080052d8   0x00000026   Code   RO         1903    .text.HAL_PCD_DataInStageCallback  usbd_conf.o
    0x080052fe   0x080052fe   0x00000002   PAD
    0x08005300   0x08005300   0x00000028   Code   RO         1901    .text.HAL_PCD_DataOutStageCallback  usbd_conf.o
    0x08005328   0x08005328   0x00000014   Code   RO         1919    .text.HAL_PCD_DisconnectCallback  usbd_conf.o
    0x0800533c   0x0800533c   0x00000004   PAD
    0x08005340   0x08005340   0x0000005e   Code   RO         1519    .text.HAL_PCD_EP_Abort  stm32h7xx_hal_pcd.o
    0x0800539e   0x0800539e   0x00000002   PAD
    0x080053a0   0x080053a0   0x000000a8   Code   RO         1537    .text.HAL_PCD_EP_Close  stm32h7xx_hal_pcd.o
    0x08005448   0x08005448   0x000000c8   Code   RO         1547    .text.HAL_PCD_EP_ClrStall  stm32h7xx_hal_pcd.o
    0x08005510   0x08005510   0x00000022   Code   RO         1541    .text.HAL_PCD_EP_GetRxCount  stm32h7xx_hal_pcd.o
    0x08005532   0x08005532   0x00000006   PAD
    0x08005538   0x08005538   0x000000ea   Code   RO         1535    .text.HAL_PCD_EP_Open  stm32h7xx_hal_pcd.o
    0x08005622   0x08005622   0x00000006   PAD
    0x08005628   0x08005628   0x0000006c   Code   RO         1539    .text.HAL_PCD_EP_Receive  stm32h7xx_hal_pcd.o
    0x08005694   0x08005694   0x00000004   PAD
    0x08005698   0x08005698   0x000000de   Code   RO         1545    .text.HAL_PCD_EP_SetStall  stm32h7xx_hal_pcd.o
    0x08005776   0x08005776   0x00000002   PAD
    0x08005778   0x08005778   0x0000006c   Code   RO         1543    .text.HAL_PCD_EP_Transmit  stm32h7xx_hal_pcd.o
    0x080057e4   0x080057e4   0x00000004   PAD
    0x080057e8   0x080057e8   0x0000088c   Code   RO         1497    .text.HAL_PCD_IRQHandler  stm32h7xx_hal_pcd.o
    0x08006074   0x08006074   0x00000004   PAD
    0x08006078   0x08006078   0x0000001c   Code   RO         1915    .text.HAL_PCD_ISOINIncompleteCallback  usbd_conf.o
    0x08006094   0x08006094   0x00000004   PAD
    0x08006098   0x08006098   0x0000001c   Code   RO         1913    .text.HAL_PCD_ISOOUTIncompleteCallback  usbd_conf.o
    0x080060b4   0x080060b4   0x00000004   PAD
    0x080060b8   0x080060b8   0x000002c4   Code   RO         1485    .text.HAL_PCD_Init  stm32h7xx_hal_pcd.o
    0x0800637c   0x0800637c   0x00000004   PAD
    0x08006380   0x08006380   0x0000009e   Code   RO         1895    .text.HAL_PCD_MspInit  usbd_conf.o
    0x0800641e   0x0800641e   0x00000002   PAD
    0x08006420   0x08006420   0x00000052   Code   RO         1907    .text.HAL_PCD_ResetCallback  usbd_conf.o
    0x08006472   0x08006472   0x00000006   PAD
    0x08006478   0x08006478   0x00000014   Code   RO         1911    .text.HAL_PCD_ResumeCallback  usbd_conf.o
    0x0800648c   0x0800648c   0x00000004   PAD
    0x08006490   0x08006490   0x00000014   Code   RO         1905    .text.HAL_PCD_SOFCallback  usbd_conf.o
    0x080064a4   0x080064a4   0x00000004   PAD
    0x080064a8   0x080064a8   0x0000005e   Code   RO         1533    .text.HAL_PCD_SetAddress  stm32h7xx_hal_pcd.o
    0x08006506   0x08006506   0x00000002   PAD
    0x08006508   0x08006508   0x00000018   Code   RO         1899    .text.HAL_PCD_SetupStageCallback  usbd_conf.o
    0x08006520   0x08006520   0x0000007c   Code   RO         1493    .text.HAL_PCD_Start  stm32h7xx_hal_pcd.o
    0x0800659c   0x0800659c   0x00000004   PAD
    0x080065a0   0x080065a0   0x0000003e   Code   RO         1909    .text.HAL_PCD_SuspendCallback  usbd_conf.o
    0x080065de   0x080065de   0x00000002   PAD
    0x080065e0   0x080065e0   0x000000a2   Code   RO          599    .text.HAL_PWREx_ConfigSupply  stm32h7xx_hal_pwr_ex.o
    0x08006682   0x08006682   0x00000006   PAD
    0x08006688   0x08006688   0x00000012   Code   RO          649    .text.HAL_PWREx_EnableUSBVoltageDetector  stm32h7xx_hal_pwr_ex.o
    0x0800669a   0x0800669a   0x00000006   PAD
    0x080066a0   0x080066a0   0x00000fec   Code   RO          224    .text.HAL_RCCEx_PeriphCLKConfig  stm32h7xx_hal_rcc_ex.o
    0x0800768c   0x0800768c   0x00000004   PAD
    0x08007690   0x08007690   0x00000498   Code   RO          193    .text.HAL_RCC_ClockConfig  stm32h7xx_hal_rcc.o
    0x08007b28   0x08007b28   0x00000056   Code   RO          203    .text.HAL_RCC_GetHCLKFreq  stm32h7xx_hal_rcc.o
    0x08007b7e   0x08007b7e   0x00000002   PAD
    0x08007b80   0x08007b80   0x00000310   Code   RO          195    .text.HAL_RCC_GetSysClockFreq  stm32h7xx_hal_rcc.o
    0x08007e90   0x08007e90   0x00000a20   Code   RO          191    .text.HAL_RCC_OscConfig  stm32h7xx_hal_rcc.o
    0x080088b0   0x080088b0   0x00000008   Code   RO         1093    .text.HAL_SPI_ErrorCallback  stm32h7xx_hal_spi.o
    0x080088b8   0x080088b8   0x00000390   Code   RO         1089    .text.HAL_SPI_IRQHandler  stm32h7xx_hal_spi.o
    0x08008c48   0x08008c48   0x00000292   Code   RO         1013    .text.HAL_SPI_Init  stm32h7xx_hal_spi.o
    0x08008eda   0x08008eda   0x00000006   PAD
    0x08008ee0   0x08008ee0   0x000001b8   Code   RO           43    .text.HAL_SPI_MspInit  spi.o
    0x08009098   0x08009098   0x00000008   Code   RO         1097    .text.HAL_SPI_RxCpltCallback  stm32h7xx_hal_spi.o
    0x080090a0   0x080090a0   0x00000008   Code   RO         1091    .text.HAL_SPI_SuspendCallback  stm32h7xx_hal_spi.o
    0x080090a8   0x080090a8   0x000004ba   Code   RO         1031    .text.HAL_SPI_TransmitReceive  stm32h7xx_hal_spi.o
    0x08009562   0x08009562   0x00000006   PAD
    0x08009568   0x08009568   0x00000008   Code   RO         1099    .text.HAL_SPI_TxCpltCallback  stm32h7xx_hal_spi.o
    0x08009570   0x08009570   0x00000008   Code   RO         1095    .text.HAL_SPI_TxRxCpltCallback  stm32h7xx_hal_spi.o
    0x08009578   0x08009578   0x00000010   Code   RO          140    .text.HAL_SYSTICK_Config  stm32h7xx_hal_cortex.o
    0x08009588   0x08009588   0x0000017c   Code   RO         1450    .text.HAL_TIMEx_MasterConfigSynchronization  stm32h7xx_hal_tim_ex.o
    0x08009704   0x08009704   0x00000004   PAD
    0x08009708   0x08009708   0x00000064   Code   RO           59    .text.HAL_TIM_MspPostInit  tim.o
    0x0800976c   0x0800976c   0x00000004   PAD
    0x08009770   0x08009770   0x000001b0   Code   RO         1303    .text.HAL_TIM_PWM_ConfigChannel  stm32h7xx_hal_tim.o
    0x08009920   0x08009920   0x000000a8   Code   RO         1187    .text.HAL_TIM_PWM_Init  stm32h7xx_hal_tim.o
    0x080099c8   0x080099c8   0x0000003a   Code   RO           61    .text.HAL_TIM_PWM_MspInit  tim.o
    0x08009a02   0x08009a02   0x00000006   PAD
    0x08009a08   0x08009a08   0x000002a2   Code   RO         1195    .text.HAL_TIM_PWM_Start  stm32h7xx_hal_tim.o
    0x08009caa   0x08009caa   0x00000006   PAD
    0x08009cb0   0x08009cb0   0x00000004   Code   RO           75    .text.HardFault_Handler  stm32h7xx_it.o
    0x08009cb4   0x08009cb4   0x00000004   PAD
    0x08009cb8   0x08009cb8   0x0000000e   Code   RO         1766    .text.IMU_SetDataReadyFlag  imu_temp_ctrl.o
    0x08009cc6   0x08009cc6   0x00000002   PAD
    0x08009cc8   0x08009cc8   0x0000001e   Code   RO         1760    .text.IMU_TempCtrl_Init  imu_temp_ctrl.o
    0x08009ce6   0x08009ce6   0x00000002   PAD
    0x08009ce8   0x08009ce8   0x000002c4   Code   RO         1762    .text.IMU_TempCtrl_Loop  imu_temp_ctrl.o
    0x08009fac   0x08009fac   0x00000004   PAD
    0x08009fb0   0x08009fb0   0x0000007a   Code   RO         1879    .text.IntToUnicode  usbd_desc.o
    0x0800a02a   0x0800a02a   0x00000006   PAD
    0x0800a030   0x0800a030   0x0000004c   Code   RO           33    .text.MX_DMA_Init   dma.o
    0x0800a07c   0x0800a07c   0x00000004   PAD
    0x0800a080   0x0800a080   0x0000012a   Code   RO           25    .text.MX_GPIO_Init  gpio.o
    0x0800a1aa   0x0800a1aa   0x00000006   PAD
    0x0800a1b0   0x0800a1b0   0x0000006e   Code   RO           41    .text.MX_SPI2_Init  spi.o
    0x0800a21e   0x0800a21e   0x00000002   PAD
    0x0800a220   0x0800a220   0x000000a2   Code   RO           57    .text.MX_TIM3_Init  tim.o
    0x0800a2c2   0x0800a2c2   0x00000006   PAD
    0x0800a2c8   0x0800a2c8   0x0000007a   Code   RO         1830    .text.MX_USB_DEVICE_Init  usb_device.o
    0x0800a342   0x0800a342   0x00000006   PAD
    0x0800a348   0x0800a348   0x00000022   Code   RO         1795    .text.Mat3_Identity  kalman_filter.o
    0x0800a36a   0x0800a36a   0x00000006   PAD
    0x0800a370   0x0800a370   0x0000006a   Code   RO         1797    .text.Mat3_Scale    kalman_filter.o
    0x0800a3da   0x0800a3da   0x00000006   PAD
    0x0800a3e0   0x0800a3e0   0x0000003e   Code   RO         1791    .text.Mat7_Identity  kalman_filter.o
    0x0800a41e   0x0800a41e   0x00000002   PAD
    0x0800a420   0x0800a420   0x00000012   Code   RO         1793    .text.Mat7_Zero     kalman_filter.o
    0x0800a432   0x0800a432   0x00000006   PAD
    0x0800a438   0x0800a438   0x00000004   Code   RO           77    .text.MemManage_Handler  stm32h7xx_it.o
    0x0800a43c   0x0800a43c   0x00000004   PAD
    0x0800a440   0x0800a440   0x00000004   Code   RO           73    .text.NMI_Handler   stm32h7xx_it.o
    0x0800a444   0x0800a444   0x00000004   PAD
    0x0800a448   0x0800a448   0x0000006c   Code   RO          126    .text.NVIC_EncodePriority  stm32h7xx_hal_cortex.o
    0x0800a4b4   0x0800a4b4   0x00000004   PAD
    0x0800a4b8   0x0800a4b8   0x00000010   Code   RO           99    .text.OTG_HS_IRQHandler  stm32h7xx_it.o
    0x0800a4c8   0x0800a4c8   0x0000008a   Code   RO         1501    .text.PCD_EP_OutSetupPacket_int  stm32h7xx_hal_pcd.o
    0x0800a552   0x0800a552   0x00000006   PAD
    0x0800a558   0x0800a558   0x000001c8   Code   RO         1499    .text.PCD_EP_OutXfrComplete_int  stm32h7xx_hal_pcd.o
    0x0800a720   0x0800a720   0x00000132   Code   RO         1509    .text.PCD_WriteEmptyTxFifo  stm32h7xx_hal_pcd.o
    0x0800a852   0x0800a852   0x00000006   PAD
    0x0800a858   0x0800a858   0x00000002   Code   RO           87    .text.PendSV_Handler  stm32h7xx_it.o
    0x0800a85a   0x0800a85a   0x00000006   PAD
    0x0800a860   0x0800a860   0x00000098   Code   RO         1805    .text.Quat_Normalize  kalman_filter.o
    0x0800a8f8   0x0800a8f8   0x000001ca   Code   RO          226    .text.RCCEx_PLL2_Config  stm32h7xx_hal_rcc_ex.o
    0x0800aac2   0x0800aac2   0x00000006   PAD
    0x0800aac8   0x0800aac8   0x000001ca   Code   RO          228    .text.RCCEx_PLL3_Config  stm32h7xx_hal_rcc_ex.o
    0x0800ac92   0x0800ac92   0x00000006   PAD
    0x0800ac98   0x0800ac98   0x00000010   Code   RO           95    .text.SPI2_IRQHandler  stm32h7xx_it.o
    0x0800aca8   0x0800aca8   0x00000116   Code   RO         1025    .text.SPI_CloseTransfer  stm32h7xx_hal_spi.o
    0x0800adbe   0x0800adbe   0x00000002   PAD
    0x0800adc0   0x0800adc0   0x0000002c   Code   RO         1101    .text.SPI_DMAAbortOnError  stm32h7xx_hal_spi.o
    0x0800adec   0x0800adec   0x00000004   PAD
    0x0800adf0   0x0800adf0   0x0000002a   Code   RO         1015    .text.SPI_GetPacketSize  stm32h7xx_hal_spi.o
    0x0800ae1a   0x0800ae1a   0x00000006   PAD
    0x0800ae20   0x0800ae20   0x00000068   Code   RO         1027    .text.SPI_WaitOnFlagUntilTimeout  stm32h7xx_hal_spi.o
    0x0800ae88   0x0800ae88   0x00000002   Code   RO           83    .text.SVC_Handler   stm32h7xx_it.o
    0x0800ae8a   0x0800ae8a   0x00000006   PAD
    0x0800ae90   0x0800ae90   0x00000036   Code   RO         2045    .text.SWAPBYTE      usbd_ctlreq.o
    0x0800aec6   0x0800aec6   0x00000002   PAD
    0x0800aec8   0x0800aec8   0x00000052   Code   RO          142    .text.SysTick_Config  stm32h7xx_hal_cortex.o
    0x0800af1a   0x0800af1a   0x00000006   PAD
    0x0800af20   0x0800af20   0x00000008   Code   RO           89    .text.SysTick_Handler  stm32h7xx_it.o
    0x0800af28   0x0800af28   0x000000ca   Code   RO           13    .text.SystemClock_Config  main.o
    0x0800aff2   0x0800aff2   0x00000006   PAD
    0x0800aff8   0x0800aff8   0x0000013a   Code   RO         1696    .text.SystemInit    system_stm32h7xx.o
    0x0800b132   0x0800b132   0x00000006   PAD
    0x0800b138   0x0800b138   0x000001ba   Code   RO         1137    .text.TIM_Base_SetConfig  stm32h7xx_hal_tim.o
    0x0800b2f2   0x0800b2f2   0x00000006   PAD
    0x0800b2f8   0x0800b2f8   0x00000036   Code   RO         1171    .text.TIM_CCxChannelCmd  stm32h7xx_hal_tim.o
    0x0800b32e   0x0800b32e   0x00000002   PAD
    0x0800b330   0x0800b330   0x00000150   Code   RO         1281    .text.TIM_OC1_SetConfig  stm32h7xx_hal_tim.o
    0x0800b480   0x0800b480   0x0000016c   Code   RO         1283    .text.TIM_OC2_SetConfig  stm32h7xx_hal_tim.o
    0x0800b5ec   0x0800b5ec   0x00000004   PAD
    0x0800b5f0   0x0800b5f0   0x0000016a   Code   RO         1285    .text.TIM_OC3_SetConfig  stm32h7xx_hal_tim.o
    0x0800b75a   0x0800b75a   0x00000006   PAD
    0x0800b760   0x0800b760   0x000000da   Code   RO         1287    .text.TIM_OC4_SetConfig  stm32h7xx_hal_tim.o
    0x0800b83a   0x0800b83a   0x00000006   PAD
    0x0800b840   0x0800b840   0x000000d0   Code   RO         1289    .text.TIM_OC5_SetConfig  stm32h7xx_hal_tim.o
    0x0800b910   0x0800b910   0x000000d2   Code   RO         1291    .text.TIM_OC6_SetConfig  stm32h7xx_hal_tim.o
    0x0800b9e2   0x0800b9e2   0x00000006   PAD
    0x0800b9e8   0x0800b9e8   0x000000f4   Code   RO         2088    .text.USBD_CDC_DataIn  usbd_cdc.o
    0x0800badc   0x0800badc   0x00000004   PAD
    0x0800bae0   0x0800bae0   0x00000070   Code   RO         2090    .text.USBD_CDC_DataOut  usbd_cdc.o
    0x0800bb50   0x0800bb50   0x000000ec   Code   RO         2082    .text.USBD_CDC_DeInit  usbd_cdc.o
    0x0800bc3c   0x0800bc3c   0x00000004   PAD
    0x0800bc40   0x0800bc40   0x00000078   Code   RO         2086    .text.USBD_CDC_EP0_RxReady  usbd_cdc.o
    0x0800bcb8   0x0800bcb8   0x00000016   Code   RO         2098    .text.USBD_CDC_GetDeviceQualifierDescriptor  usbd_cdc.o
    0x0800bcce   0x0800bcce   0x00000002   PAD
    0x0800bcd0   0x0800bcd0   0x0000006c   Code   RO         2094    .text.USBD_CDC_GetFSCfgDesc  usbd_cdc.o
    0x0800bd3c   0x0800bd3c   0x00000004   PAD
    0x0800bd40   0x0800bd40   0x00000070   Code   RO         2092    .text.USBD_CDC_GetHSCfgDesc  usbd_cdc.o
    0x0800bdb0   0x0800bdb0   0x0000006c   Code   RO         2096    .text.USBD_CDC_GetOtherSpeedCfgDesc  usbd_cdc.o
    0x0800be1c   0x0800be1c   0x00000004   PAD
    0x0800be20   0x0800be20   0x0000021c   Code   RO         2080    .text.USBD_CDC_Init  usbd_cdc.o
    0x0800c03c   0x0800c03c   0x00000004   PAD
    0x0800c040   0x0800c040   0x0000007e   Code   RO         2108    .text.USBD_CDC_ReceivePacket  usbd_cdc.o
    0x0800c0be   0x0800c0be   0x00000002   PAD
    0x0800c0c0   0x0800c0c0   0x00000034   Code   RO         2100    .text.USBD_CDC_RegisterInterface  usbd_cdc.o
    0x0800c0f4   0x0800c0f4   0x00000004   PAD
    0x0800c0f8   0x0800c0f8   0x0000003c   Code   RO         2104    .text.USBD_CDC_SetRxBuffer  usbd_cdc.o
    0x0800c134   0x0800c134   0x00000004   PAD
    0x0800c138   0x0800c138   0x00000046   Code   RO         2102    .text.USBD_CDC_SetTxBuffer  usbd_cdc.o
    0x0800c17e   0x0800c17e   0x00000002   PAD
    0x0800c180   0x0800c180   0x000001cc   Code   RO         2084    .text.USBD_CDC_Setup  usbd_cdc.o
    0x0800c34c   0x0800c34c   0x00000004   PAD
    0x0800c350   0x0800c350   0x00000088   Code   RO         2106    .text.USBD_CDC_TransmitPacket  usbd_cdc.o
    0x0800c3d8   0x0800c3d8   0x00000032   Code   RO         1980    .text.USBD_ClrClassConfig  usbd_core.o
    0x0800c40a   0x0800c40a   0x00000006   PAD
    0x0800c410   0x0800c410   0x00000040   Code   RO         2035    .text.USBD_ClrFeature  usbd_ctlreq.o
    0x0800c450   0x0800c450   0x0000000e   Code   RO         1988    .text.USBD_CoreFindEP  usbd_core.o
    0x0800c45e   0x0800c45e   0x00000002   PAD
    0x0800c460   0x0800c460   0x0000000e   Code   RO         1986    .text.USBD_CoreFindIF  usbd_core.o
    0x0800c46e   0x0800c46e   0x00000002   PAD
    0x0800c470   0x0800c470   0x0000001e   Code   RO         2065    .text.USBD_CtlContinueRx  usbd_ioreq.o
    0x0800c48e   0x0800c48e   0x00000002   PAD
    0x0800c490   0x0800c490   0x0000001e   Code   RO         2061    .text.USBD_CtlContinueSendData  usbd_ioreq.o
    0x0800c4ae   0x0800c4ae   0x00000002   PAD
    0x0800c4b0   0x0800c4b0   0x0000001c   Code   RO         2037    .text.USBD_CtlError  usbd_ctlreq.o
    0x0800c4cc   0x0800c4cc   0x00000004   PAD
    0x0800c4d0   0x0800c4d0   0x00000036   Code   RO         2063    .text.USBD_CtlPrepareRx  usbd_ioreq.o
    0x0800c506   0x0800c506   0x00000002   PAD
    0x0800c508   0x0800c508   0x00000022   Code   RO         2069    .text.USBD_CtlReceiveStatus  usbd_ioreq.o
    0x0800c52a   0x0800c52a   0x00000006   PAD
    0x0800c530   0x0800c530   0x00000032   Code   RO         2059    .text.USBD_CtlSendData  usbd_ioreq.o
    0x0800c562   0x0800c562   0x00000006   PAD
    0x0800c568   0x0800c568   0x00000022   Code   RO         2067    .text.USBD_CtlSendStatus  usbd_ioreq.o
    0x0800c58a   0x0800c58a   0x00000006   PAD
    0x0800c590   0x0800c590   0x00000064   Code   RO         2029    .text.USBD_GetConfig  usbd_ctlreq.o
    0x0800c5f4   0x0800c5f4   0x00000004   PAD
    0x0800c5f8   0x0800c5f8   0x0000031e   Code   RO         2023    .text.USBD_GetDescriptor  usbd_ctlreq.o
    0x0800c916   0x0800c916   0x00000002   PAD
    0x0800c918   0x0800c918   0x00000076   Code   RO         2010    .text.USBD_GetEpDesc  usbd_core.o
    0x0800c98e   0x0800c98e   0x00000002   PAD
    0x0800c990   0x0800c990   0x00000032   Code   RO         2049    .text.USBD_GetLen   usbd_ctlreq.o
    0x0800c9c2   0x0800c9c2   0x00000006   PAD
    0x0800c9c8   0x0800c9c8   0x00000026   Code   RO         2012    .text.USBD_GetNextDesc  usbd_core.o
    0x0800c9ee   0x0800c9ee   0x00000002   PAD
    0x0800c9f0   0x0800c9f0   0x00000062   Code   RO         2031    .text.USBD_GetStatus  usbd_ctlreq.o
    0x0800ca52   0x0800ca52   0x00000006   PAD
    0x0800ca58   0x0800ca58   0x00000098   Code   RO         2047    .text.USBD_GetString  usbd_ctlreq.o
    0x0800caf0   0x0800caf0   0x00000052   Code   RO         1925    .text.USBD_Get_USB_Status  usbd_conf.o
    0x0800cb42   0x0800cb42   0x00000006   PAD
    0x0800cb48   0x0800cb48   0x0000004e   Code   RO         1871    .text.USBD_HS_ConfigStrDescriptor  usbd_desc.o
    0x0800cb96   0x0800cb96   0x00000002   PAD
    0x0800cb98   0x0800cb98   0x0000001a   Code   RO         1861    .text.USBD_HS_DeviceDescriptor  usbd_desc.o
    0x0800cbb2   0x0800cbb2   0x00000006   PAD
    0x0800cbb8   0x0800cbb8   0x0000004e   Code   RO         1873    .text.USBD_HS_InterfaceStrDescriptor  usbd_desc.o
    0x0800cc06   0x0800cc06   0x00000002   PAD
    0x0800cc08   0x0800cc08   0x0000001a   Code   RO         1863    .text.USBD_HS_LangIDStrDescriptor  usbd_desc.o
    0x0800cc22   0x0800cc22   0x00000006   PAD
    0x0800cc28   0x0800cc28   0x00000028   Code   RO         1865    .text.USBD_HS_ManufacturerStrDescriptor  usbd_desc.o
    0x0800cc50   0x0800cc50   0x0000004e   Code   RO         1867    .text.USBD_HS_ProductStrDescriptor  usbd_desc.o
    0x0800cc9e   0x0800cc9e   0x00000002   PAD
    0x0800cca0   0x0800cca0   0x00000020   Code   RO         1869    .text.USBD_HS_SerialStrDescriptor  usbd_desc.o
    0x0800ccc0   0x0800ccc0   0x0000006a   Code   RO         1966    .text.USBD_Init     usbd_core.o
    0x0800cd2a   0x0800cd2a   0x00000006   PAD
    0x0800cd30   0x0800cd30   0x0000003a   Code   RO         1939    .text.USBD_LL_ClearStallEP  usbd_conf.o
    0x0800cd6a   0x0800cd6a   0x00000006   PAD
    0x0800cd70   0x0800cd70   0x0000003a   Code   RO         1933    .text.USBD_LL_CloseEP  usbd_conf.o
    0x0800cdaa   0x0800cdaa   0x00000006   PAD
    0x0800cdb0   0x0800cdb0   0x00000190   Code   RO         1990    .text.USBD_LL_DataInStage  usbd_core.o
    0x0800cf40   0x0800cf40   0x000001b2   Code   RO         1984    .text.USBD_LL_DataOutStage  usbd_core.o
    0x0800d0f2   0x0800d0f2   0x00000006   PAD
    0x0800d0f8   0x0800d0f8   0x0000000a   Code   RO         2006    .text.USBD_LL_DevConnected  usbd_core.o
    0x0800d102   0x0800d102   0x00000006   PAD
    0x0800d108   0x0800d108   0x00000040   Code   RO         2008    .text.USBD_LL_DevDisconnected  usbd_core.o
    0x0800d148   0x0800d148   0x0000001c   Code   RO         1949    .text.USBD_LL_GetRxDataSize  usbd_conf.o
    0x0800d164   0x0800d164   0x00000004   PAD
    0x0800d168   0x0800d168   0x00000086   Code   RO         1921    .text.USBD_LL_Init  usbd_conf.o
    0x0800d1ee   0x0800d1ee   0x00000002   PAD
    0x0800d1f0   0x0800d1f0   0x0000005c   Code   RO         1941    .text.USBD_LL_IsStallEP  usbd_conf.o
    0x0800d24c   0x0800d24c   0x00000004   PAD
    0x0800d250   0x0800d250   0x0000006e   Code   RO         2002    .text.USBD_LL_IsoINIncomplete  usbd_core.o
    0x0800d2be   0x0800d2be   0x00000002   PAD
    0x0800d2c0   0x0800d2c0   0x0000006e   Code   RO         2004    .text.USBD_LL_IsoOUTIncomplete  usbd_core.o
    0x0800d32e   0x0800d32e   0x00000002   PAD
    0x0800d330   0x0800d330   0x0000004a   Code   RO         1931    .text.USBD_LL_OpenEP  usbd_conf.o
    0x0800d37a   0x0800d37a   0x00000006   PAD
    0x0800d380   0x0800d380   0x00000042   Code   RO         1947    .text.USBD_LL_PrepareReceive  usbd_conf.o
    0x0800d3c2   0x0800d3c2   0x00000006   PAD
    0x0800d3c8   0x0800d3c8   0x0000009c   Code   RO         1992    .text.USBD_LL_Reset  usbd_core.o
    0x0800d464   0x0800d464   0x00000004   PAD
    0x0800d468   0x0800d468   0x00000024   Code   RO         1998    .text.USBD_LL_Resume  usbd_core.o
    0x0800d48c   0x0800d48c   0x00000004   PAD
    0x0800d490   0x0800d490   0x0000003e   Code   RO         2000    .text.USBD_LL_SOF   usbd_core.o
    0x0800d4ce   0x0800d4ce   0x00000002   PAD
    0x0800d4d0   0x0800d4d0   0x00000016   Code   RO         1994    .text.USBD_LL_SetSpeed  usbd_core.o
    0x0800d4e6   0x0800d4e6   0x00000002   PAD
    0x0800d4e8   0x0800d4e8   0x0000003a   Code   RO         1943    .text.USBD_LL_SetUSBAddress  usbd_conf.o
    0x0800d522   0x0800d522   0x00000006   PAD
    0x0800d528   0x0800d528   0x00000094   Code   RO         1982    .text.USBD_LL_SetupStage  usbd_core.o
    0x0800d5bc   0x0800d5bc   0x00000004   PAD
    0x0800d5c0   0x0800d5c0   0x0000003a   Code   RO         1937    .text.USBD_LL_StallEP  usbd_conf.o
    0x0800d5fa   0x0800d5fa   0x00000006   PAD
    0x0800d600   0x0800d600   0x00000032   Code   RO         1927    .text.USBD_LL_Start  usbd_conf.o
    0x0800d632   0x0800d632   0x00000006   PAD
    0x0800d638   0x0800d638   0x0000002c   Code   RO         1996    .text.USBD_LL_Suspend  usbd_core.o
    0x0800d664   0x0800d664   0x00000004   PAD
    0x0800d668   0x0800d668   0x00000042   Code   RO         1945    .text.USBD_LL_Transmit  usbd_conf.o
    0x0800d6aa   0x0800d6aa   0x00000006   PAD
    0x0800d6b0   0x0800d6b0   0x00000062   Code   RO         2043    .text.USBD_ParseSetupRequest  usbd_ctlreq.o
    0x0800d712   0x0800d712   0x00000006   PAD
    0x0800d718   0x0800d718   0x00000072   Code   RO         1970    .text.USBD_RegisterClass  usbd_core.o
    0x0800d78a   0x0800d78a   0x00000006   PAD
    0x0800d790   0x0800d790   0x0000000a   Code   RO         1976    .text.USBD_RunTestMode  usbd_core.o
    0x0800d79a   0x0800d79a   0x00000006   PAD
    0x0800d7a0   0x0800d7a0   0x0000008c   Code   RO         2025    .text.USBD_SetAddress  usbd_ctlreq.o
    0x0800d82c   0x0800d82c   0x00000004   PAD
    0x0800d830   0x0800d830   0x00000036   Code   RO         1978    .text.USBD_SetClassConfig  usbd_core.o
    0x0800d866   0x0800d866   0x00000002   PAD
    0x0800d868   0x0800d868   0x0000017e   Code   RO         2027    .text.USBD_SetConfig  usbd_ctlreq.o
    0x0800d9e6   0x0800d9e6   0x00000002   PAD
    0x0800d9e8   0x0800d9e8   0x0000004e   Code   RO         2033    .text.USBD_SetFeature  usbd_ctlreq.o
    0x0800da36   0x0800da36   0x00000002   PAD
    0x0800da38   0x0800da38   0x00000010   Code   RO         1972    .text.USBD_Start    usbd_core.o
    0x0800da48   0x0800da48   0x000000cc   Code   RO         2021    .text.USBD_StdDevReq  usbd_ctlreq.o
    0x0800db14   0x0800db14   0x00000004   PAD
    0x0800db18   0x0800db18   0x000003ac   Code   RO         2041    .text.USBD_StdEPReq  usbd_ctlreq.o
    0x0800dec4   0x0800dec4   0x00000004   PAD
    0x0800dec8   0x0800dec8   0x000000f4   Code   RO         2039    .text.USBD_StdItfReq  usbd_ctlreq.o
    0x0800dfbc   0x0800dfbc   0x00000004   PAD
    0x0800dfc0   0x0800dfc0   0x00000008   Code   RO         1953    .text.USBD_static_free  usbd_conf.o
    0x0800dfc8   0x0800dfc8   0x00000010   Code   RO         1951    .text.USBD_static_malloc  usbd_conf.o
    0x0800dfd8   0x0800dfd8   0x000000de   Code   RO         1615    .text.USB_ActivateEndpoint  stm32h7xx_ll_usb.o
    0x0800e0b6   0x0800e0b6   0x00000002   PAD
    0x0800e0b8   0x0800e0b8   0x0000002c   Code   RO         1657    .text.USB_ActivateSetup  stm32h7xx_ll_usb.o
    0x0800e0e4   0x0800e0e4   0x00000004   PAD
    0x0800e0e8   0x0800e0e8   0x00000112   Code   RO         1591    .text.USB_CoreInit  stm32h7xx_ll_usb.o
    0x0800e1fa   0x0800e1fa   0x00000006   PAD
    0x0800e200   0x0800e200   0x00000084   Code   RO         1593    .text.USB_CoreReset  stm32h7xx_ll_usb.o
    0x0800e284   0x0800e284   0x00000004   PAD
    0x0800e288   0x0800e288   0x00000138   Code   RO         1619    .text.USB_DeactivateEndpoint  stm32h7xx_ll_usb.o
    0x0800e3c0   0x0800e3c0   0x0000002a   Code   RO         1639    .text.USB_DevConnect  stm32h7xx_ll_usb.o
    0x0800e3ea   0x0800e3ea   0x00000006   PAD
    0x0800e3f0   0x0800e3f0   0x0000002a   Code   RO         1641    .text.USB_DevDisconnect  stm32h7xx_ll_usb.o
    0x0800e41a   0x0800e41a   0x00000006   PAD
    0x0800e420   0x0800e420   0x000002b8   Code   RO         1605    .text.USB_DevInit   stm32h7xx_ll_usb.o
    0x0800e6d8   0x0800e6d8   0x00000014   Code   RO         1599    .text.USB_DisableGlobalInt  stm32h7xx_ll_usb.o
    0x0800e6ec   0x0800e6ec   0x00000004   PAD
    0x0800e6f0   0x0800e6f0   0x0000009e   Code   RO         1659    .text.USB_EP0_OutStart  stm32h7xx_ll_usb.o
    0x0800e78e   0x0800e78e   0x00000002   PAD
    0x0800e790   0x0800e790   0x000000a0   Code   RO         1633    .text.USB_EPClearStall  stm32h7xx_ll_usb.o
    0x0800e830   0x0800e830   0x000000a8   Code   RO         1631    .text.USB_EPSetStall  stm32h7xx_ll_usb.o
    0x0800e8d8   0x0800e8d8   0x000003e8   Code   RO         1623    .text.USB_EPStartXfer  stm32h7xx_ll_usb.o
    0x0800ecc0   0x0800ecc0   0x0000011c   Code   RO         1627    .text.USB_EPStopXfer  stm32h7xx_ll_usb.o
    0x0800eddc   0x0800eddc   0x00000004   PAD
    0x0800ede0   0x0800ede0   0x00000014   Code   RO         1597    .text.USB_EnableGlobalInt  stm32h7xx_ll_usb.o
    0x0800edf4   0x0800edf4   0x00000004   PAD
    0x0800edf8   0x0800edf8   0x00000080   Code   RO         1611    .text.USB_FlushRxFifo  stm32h7xx_ll_usb.o
    0x0800ee78   0x0800ee78   0x00000086   Code   RO         1609    .text.USB_FlushTxFifo  stm32h7xx_ll_usb.o
    0x0800eefe   0x0800eefe   0x00000002   PAD
    0x0800ef00   0x0800ef00   0x0000004c   Code   RO         1613    .text.USB_GetDevSpeed  stm32h7xx_ll_usb.o
    0x0800ef4c   0x0800ef4c   0x00000004   PAD
    0x0800ef50   0x0800ef50   0x00000010   Code   RO         1603    .text.USB_GetMode   stm32h7xx_ll_usb.o
    0x0800ef60   0x0800ef60   0x00000024   Code   RO         1649    .text.USB_ReadDevAllInEpInterrupt  stm32h7xx_ll_usb.o
    0x0800ef84   0x0800ef84   0x00000004   PAD
    0x0800ef88   0x0800ef88   0x00000024   Code   RO         1647    .text.USB_ReadDevAllOutEpInterrupt  stm32h7xx_ll_usb.o
    0x0800efac   0x0800efac   0x00000004   PAD
    0x0800efb0   0x0800efb0   0x0000004e   Code   RO         1653    .text.USB_ReadDevInEPInterrupt  stm32h7xx_ll_usb.o
    0x0800effe   0x0800effe   0x00000002   PAD
    0x0800f000   0x0800f000   0x0000002e   Code   RO         1651    .text.USB_ReadDevOutEPInterrupt  stm32h7xx_ll_usb.o
    0x0800f02e   0x0800f02e   0x00000002   PAD
    0x0800f030   0x0800f030   0x0000001a   Code   RO         1643    .text.USB_ReadInterrupts  stm32h7xx_ll_usb.o
    0x0800f04a   0x0800f04a   0x00000006   PAD
    0x0800f050   0x0800f050   0x000000b4   Code   RO         1629    .text.USB_ReadPacket  stm32h7xx_ll_usb.o
    0x0800f104   0x0800f104   0x00000004   PAD
    0x0800f108   0x0800f108   0x000000de   Code   RO         1601    .text.USB_SetCurrentMode  stm32h7xx_ll_usb.o
    0x0800f1e6   0x0800f1e6   0x00000002   PAD
    0x0800f1e8   0x0800f1e8   0x00000036   Code   RO         1637    .text.USB_SetDevAddress  stm32h7xx_ll_usb.o
    0x0800f21e   0x0800f21e   0x00000002   PAD
    0x0800f220   0x0800f220   0x00000022   Code   RO         1607    .text.USB_SetDevSpeed  stm32h7xx_ll_usb.o
    0x0800f242   0x0800f242   0x00000006   PAD
    0x0800f248   0x0800f248   0x000001ba   Code   RO         1595    .text.USB_SetTurnaroundTime  stm32h7xx_ll_usb.o
    0x0800f402   0x0800f402   0x00000006   PAD
    0x0800f408   0x0800f408   0x00000082   Code   RO         1625    .text.USB_WritePacket  stm32h7xx_ll_usb.o
    0x0800f48a   0x0800f48a   0x00000006   PAD
    0x0800f490   0x0800f490   0x00000004   Code   RO           81    .text.UsageFault_Handler  stm32h7xx_it.o
    0x0800f494   0x0800f494   0x00000004   PAD
    0x0800f498   0x0800f498   0x00000028   Code   RO         1813    .text.Vec3_Norm     kalman_filter.o
    0x0800f4c0   0x0800f4c0   0x00000064   Code   RO         1803    .text.Vec3_Normalize  kalman_filter.o
    0x0800f524   0x0800f524   0x00000004   PAD
    0x0800f528   0x0800f528   0x00000030   Code   RO          130    .text.__NVIC_EnableIRQ  stm32h7xx_hal_cortex.o
    0x0800f558   0x0800f558   0x00000010   Code   RO          122    .text.__NVIC_GetPriorityGrouping  stm32h7xx_hal_cortex.o
    0x0800f568   0x0800f568   0x00000042   Code   RO          124    .text.__NVIC_SetPriority  stm32h7xx_hal_cortex.o
    0x0800f5aa   0x0800f5aa   0x00000006   PAD
    0x0800f5b0   0x0800f5b0   0x0000003c   Code   RO          118    .text.__NVIC_SetPriorityGrouping  stm32h7xx_hal_cortex.o
    0x0800f5ec   0x0800f5ec   0x00000004   PAD
    0x0800f5f0   0x0800f5f0   0x0000018e   Code   RO         1712    .text.bmi088_accel_init  bmi088driver.o
    0x0800f77e   0x0800f77e   0x00000002   PAD
    0x0800f780   0x0800f780   0x00000146   Code   RO         1714    .text.bmi088_gyro_init  bmi088driver.o
    0x0800f8c6   0x0800f8c6   0x00000002   PAD
    0x0800f8c8   0x0800f8c8   0x00000036   Code   RO           11    .text.main          main.o
    0x0800f8fe   0x0800f8fe   0x00000026   Code   RO         2177    i.__ARM_fpclassifyf  m_wv.l(fpclassifyf.o)
    0x0800f924   0x0800f924   0x000002ac   Code   RO         2140    i.__hardfp_atan2f   m_wv.l(atan2f.o)
    0x0800fbd0   0x0800fbd0   0x00000150   Code   RO         2146    i.__hardfp_cosf     m_wv.l(cosf.o)
    0x0800fd20   0x0800fd20   0x00000664   Code   RO         2152    i.__hardfp_powf     m_wv.l(powf.o)
    0x08010384   0x08010384   0x00000190   Code   RO         2159    i.__hardfp_sinf     m_wv.l(sinf.o)
    0x08010514   0x08010514   0x0000003a   Code   RO         2165    i.__hardfp_sqrtf    m_wv.l(sqrtf.o)
    0x0801054e   0x0801054e   0x00000002   PAD
    0x08010550   0x08010550   0x00000014   Code   RO         2179    i.__mathlib_flt_divzero  m_wv.l(funder.o)
    0x08010564   0x08010564   0x00000006   Code   RO         2180    i.__mathlib_flt_infnan  m_wv.l(funder.o)
    0x0801056a   0x0801056a   0x00000006   Code   RO         2181    i.__mathlib_flt_infnan2  m_wv.l(funder.o)
    0x08010570   0x08010570   0x00000010   Code   RO         2182    i.__mathlib_flt_invalid  m_wv.l(funder.o)
    0x08010580   0x08010580   0x00000010   Code   RO         2183    i.__mathlib_flt_overflow  m_wv.l(funder.o)
    0x08010590   0x08010590   0x00000010   Code   RO         2185    i.__mathlib_flt_underflow  m_wv.l(funder.o)
    0x080105a0   0x080105a0   0x00000154   Code   RO         2193    i.__mathlib_rredf2  m_wv.l(rredf.o)
    0x080106f4   0x080106f4   0x0000001a   Code   RO         2287    x$fpl$fpinit        fz_wv.l(fpinit.o)
    0x0801070e   0x0801070e   0x00000000   Code   RO         2176    x$fpl$usenofp       fz_wv.l(usenofp.o)
    0x0801070e   0x0801070e   0x00000002   PAD
    0x08010710   0x08010710   0x00000140   Data   RO         2155    .constdata          m_wv.l(powf.o)
    0x08010850   0x08010850   0x00000020   Data   RO         2194    .constdata          m_wv.l(rredf.o)
    0x08010870   0x08010870   0x00000010   Data   RO         1702    .rodata.D1CorePrescTable  system_stm32h7xx.o
    0x08010880   0x08010880   0x00000008   Data   RO          476    .rodata.DMA_CalcBaseAndBitshift.flagBitshiftOffset  stm32h7xx_hal_dma.o
    0x08010888   0x08010888   0x00000042   Data   RO         1886    .rodata.str1.1      usbd_desc.o
    0x080108ca   0x080108ca   0x00000002   PAD
    0x080108cc   0x080108cc   0x00000020   Data   RO         2362    Region$$Table       anon$$obj.o


    Execution Region RW_IRAM1 (Exec base: 0x20000000, Load base: 0x080108ec, Size: 0x00000000, Max: 0x00020000, ABSOLUTE)

    **** No section assigned to this execution region ****


    Execution Region RW_IRAM2 (Exec base: 0x24000000, Load base: 0x080108f0, Size: 0x00002c18, Max: 0x00050000, ABSOLUTE)

    Exec Addr    Load Addr    Size         Type   Attr      Idx    E Section Name        Object

    0x24000000   0x080108f0   0x00000004   Data   RW         1724    .data.BMI088_ACCEL_SEN  bmi088driver.o
    0x24000004   0x080108f4   0x00000004   Data   RW         1725    .data.BMI088_GYRO_SEN  bmi088driver.o
    0x24000008   0x080108f8   0x00000001   Data   RW         2114    .data.CDCCmdEpAdd   usbd_cdc.o
    0x24000009   0x080108f9   0x00000001   Data   RW         2112    .data.CDCInEpAdd    usbd_cdc.o
    0x2400000a   0x080108fa   0x00000001   Data   RW         2113    .data.CDCOutEpAdd   usbd_cdc.o
    0x2400000b   0x080108fb   0x00000001   PAD
    0x2400000c   0x080108fc   0x00000020   Data   RW         1881    .data.HS_Desc       usbd_desc.o
    0x2400002c   0x0801091c   0x00000004   Data   RW         1700    .data.SystemCoreClock  system_stm32h7xx.o
    0x24000030   0x08010920   0x00000004   Data   RW         1701    .data.SystemD2Clock  system_stm32h7xx.o
    0x24000034   0x08010924   0x00000038   Data   RW         2110    .data.USBD_CDC      usbd_cdc.o
    0x2400006c   0x0801095c   0x00000043   Data   RW         2115    .data.USBD_CDC_CfgDesc  usbd_cdc.o
    0x240000af   0x0801099f   0x00000001   PAD
    0x240000b0   0x080109a0   0x0000000a   Data   RW         2111    .data.USBD_CDC_DeviceQualifierDesc  usbd_cdc.o
    0x240000ba   0x080109aa   0x00000002   PAD
    0x240000bc   0x080109ac   0x00000012   Data   RW         1882    .data.USBD_HS_DeviceDesc  usbd_desc.o
    0x240000ce   0x080109be   0x00000002   PAD
    0x240000d0   0x080109c0   0x00000014   Data   RW         1851    .data.USBD_Interface_fops_HS  usbd_cdc_if.o
    0x240000e4   0x080109d4   0x00000004   Data   RW         1884    .data.USBD_LangIDDesc  usbd_desc.o
    0x240000e8   0x080109d8   0x0000001a   Data   RW         1885    .data.USBD_StringSerial  usbd_desc.o
    0x24000102   0x080109f2   0x00000001   Data   RW          791    .data.uwTickFreq    stm32h7xx_hal.o
    0x24000103   0x080109f3   0x00000001   PAD
    0x24000104   0x080109f4   0x00000004   Data   RW          790    .data.uwTickPrio    stm32h7xx_hal.o
    0x24000108   0x080109f8   0x00000012   Data   RW         1726    .data.write_BMI088_accel_reg_data_error  bmi088driver.o
    0x2400011a   0x08010a0a   0x00000012   Data   RW         1727    .data.write_BMI088_gyro_reg_data_error  bmi088driver.o
    0x2400012c   0x08010a1c   0x00000004   PAD
    0x24000130        -       0x00000060   Zero   RW         2217    .bss                c_w.l(libspace.o)
    0x24000190        -       0x00000001   Zero   RW         2051    .bss.USBD_SetConfig.cfgidx  usbd_ctlreq.o
    0x24000191   0x08010a1c   0x00000003   PAD
    0x24000194        -       0x00000200   Zero   RW         1887    .bss.USBD_StrDesc   usbd_desc.o
    0x24000394        -       0x00000220   Zero   RW         1958    .bss.USBD_static_malloc.mem  usbd_conf.o
    0x240005b4        -       0x00000800   Zero   RW         1852    .bss.UserRxBufferHS  usbd_cdc_if.o
    0x24000db4        -       0x00000800   Zero   RW         1853    .bss.UserTxBufferHS  usbd_cdc_if.o
    0x240015b4        -       0x0000000c   Zero   RW         1773    .bss.accel          imu_temp_ctrl.o
    0x240015c0        -       0x0000027c   Zero   RW         1780    .bss.ekf            imu_temp_ctrl.o
    0x2400183c        -       0x00000001   Zero   RW         1779    .bss.ekf_initialized  imu_temp_ctrl.o
    0x2400183d   0x08010a1c   0x00000003   PAD
    0x24001840        -       0x00000004   Zero   RW         1777    .bss.err            imu_temp_ctrl.o
    0x24001844        -       0x00000004   Zero   RW         1775    .bss.err_l          imu_temp_ctrl.o
    0x24001848        -       0x00000004   Zero   RW         1776    .bss.err_ll         imu_temp_ctrl.o
    0x2400184c        -       0x00000001   Zero   RW         1770    .bss.forceStop      imu_temp_ctrl.o
    0x2400184d   0x08010a1c   0x00000003   PAD
    0x24001850        -       0x0000000c   Zero   RW         1772    .bss.gyro           imu_temp_ctrl.o
    0x2400185c        -       0x000002dc   Zero   RW         1832    .bss.hUsbDeviceHS   usb_device.o
    0x24001b38        -       0x00000078   Zero   RW           48    .bss.hdma_spi2_rx   spi.o
    0x24001bb0        -       0x00000078   Zero   RW           49    .bss.hdma_spi2_tx   spi.o
    0x24001c28        -       0x0000050c   Zero   RW         1957    .bss.hpcd_USB_OTG_HS  usbd_conf.o
    0x24002134        -       0x00000088   Zero   RW           47    .bss.hspi2          spi.o
    0x240021bc        -       0x0000004c   Zero   RW           65    .bss.htim3          tim.o
    0x24002208        -       0x00000001   Zero   RW         1771    .bss.imu_data_ready  imu_temp_ctrl.o
    0x24002209   0x08010a1c   0x00000001   PAD
    0x2400220a        -       0x00000002   Zero   RW         1781    .bss.imu_timestamp  imu_temp_ctrl.o
    0x2400220c        -       0x00000004   Zero   RW         1778    .bss.out            imu_temp_ctrl.o
    0x24002210        -       0x00000004   Zero   RW         1774    .bss.temp           imu_temp_ctrl.o
    0x24002214        -       0x00000004   Zero   RW          792    .bss.uwTick         stm32h7xx_hal.o
    0x24002218        -       0x00000200   Zero   RW            2    HEAP                startup_stm32h723xx.o
    0x24002418        -       0x00000800   Zero   RW            1    STACK               startup_stm32h723xx.o


==============================================================================

Image component sizes


      Code (inc. data)   RO Data    RW Data    ZI Data      Debug   Object Name

      1362          0          0         44          0       3117   bmi088driver.o
       312          0          0          0          0       2468   bmi088middleware.o
        76          0          0          0          0       5254   dma.o
       298          0          0          0          0       6017   gpio.o
       948         28          0          0        685       3222   imu_temp_ctrl.o
      6758         20          0          0          0      11846   kalman_filter.o
       270          0          0          0          0       2345   main.o
       550          0          0          0        376      11460   spi.o
        64         26        716          0       2560        876   startup_stm32h723xx.o
       360          0          0          5          4      14647   stm32h7xx_hal.o
       478          0          0          0          0      11298   stm32h7xx_hal_cortex.o
     10022          8          8          0          0      12496   stm32h7xx_hal_dma.o
      1034          0          0          0          0       7012   stm32h7xx_hal_gpio.o
        36          0          0          0          0       2260   stm32h7xx_hal_msp.o
      5182          0          0          0          0      14376   stm32h7xx_hal_pcd.o
       246          0          0          0          0       5529   stm32h7xx_hal_pcd_ex.o
       180          0          0          0          0       9306   stm32h7xx_hal_pwr_ex.o
      4638         66          0          0          0      11426   stm32h7xx_hal_rcc.o
      4992         64          0          0          0      18698   stm32h7xx_hal_rcc_ex.o
      3288          0          0          0          0      19978   stm32h7xx_hal_spi.o
      3468         22          0          0          0      37558   stm32h7xx_hal_tim.o
       380          0          0          0          0      18225   stm32h7xx_hal_tim_ex.o
       118          0          0          0          0       1681   stm32h7xx_it.o
      5212          0          0          0          0      19278   stm32h7xx_ll_usb.o
       314          0         16          8          0       5227   system_stm32h7xx.o
       320          0          0          0         76       7174   tim.o
       122          0          0          0        732       3167   usb_device.o
      2506         12          0        136          0      11062   usbd_cdc.o
       302         36          0         20       4096       2622   usbd_cdc_if.o
      1388          4          0          0       1836      18906   usbd_conf.o
      2130          0          0          0          0       9004   usbd_core.o
      3430         46          0          0          1       8634   usbd_ctlreq.o
       572          0         66         80        512       3509   usbd_desc.o
       232          0          0          0          0       4223   usbd_ioreq.o

    ----------------------------------------------------------------------
     62422        340        840        300      10892     323901   Object Totals
         0          0         32          0          0          0   (incl. Generated)
       834          8          2          7         14          0   (incl. Padding)

    ----------------------------------------------------------------------

      Code (inc. data)   RO Data    RW Data    ZI Data      Debug   Library Member Name

         8          0          0          0          0         68   __main.o
         0          0          0          0          0          0   __rtentry.o
        12          0          0          0          0          0   __rtentry2.o
         6          0          0          0          0          0   __rtentry4.o
        94          8          0          0          0          0   __scatter.o
        26          0          0          0          0          0   __scatter_copy.o
        28          0          0          0          0          0   __scatter_zi.o
        22          0          0          0          0        100   _rserrno.o
        18          0          0          0          0         80   exit.o
         6          0          0          0          0        152   heapauxi.o
         0          0          0          0          0          0   indicate_semi.o
         2          0          0          0          0          0   libinit.o
         6          0          0          0          0          0   libinit2.o
         2          0          0          0          0          0   libshutdown.o
         2          0          0          0          0          0   libshutdown2.o
         8          4          0          0         96         68   libspace.o
         8          4          0          0          0         68   rt_errno_addr_intlibspace.o
        68          0          0          0          0         68   rt_memclr.o
        78          0          0          0          0         80   rt_memclr_w.o
       100          0          0          0          0         80   rt_memcpy_w.o
         2          0          0          0          0          0   rtexit.o
        10          0          0          0          0          0   rtexit2.o
        12          4          0          0          0         68   sys_exit.o
        74          0          0          0          0         80   sys_stackheap_outer.o
         2          0          0          0          0         68   use_no_semi.o
        26          0          0          0          0        116   fpinit.o
         0          0          0          0          0          0   usenofp.o
       684         90          0          0          0        208   atan2f.o
       336         56          0          0          0        136   cosf.o
        38          0          0          0          0        116   fpclassifyf.o
        80         24          0          0          0        696   funder.o
      1636        110        320          0          0        372   powf.o
       340         24         32          0          0        160   rredf.o
       400         56          0          0          0        212   sinf.o
        58          0          0          0          0        136   sqrtf.o

    ----------------------------------------------------------------------
      4206        380        352          0         96       3132   Library Totals
        14          0          0          0          0          0   (incl. Padding)

    ----------------------------------------------------------------------

      Code (inc. data)   RO Data    RW Data    ZI Data      Debug   Library Name

       594         20          0          0         96        980   c_w.l
        26          0          0          0          0        116   fz_wv.l
      3572        360        352          0          0       2036   m_wv.l

    ----------------------------------------------------------------------
      4206        380        352          0         96       3132   Library Totals

    ----------------------------------------------------------------------

==============================================================================


      Code (inc. data)   RO Data    RW Data    ZI Data      Debug   

     66628        720       1192        300      10988     324845   Grand Totals
     66628        720       1192        300      10988     324845   ELF Image Totals
     66628        720       1192        300          0          0   ROM Totals

==============================================================================

    Total RO  Size (Code + RO Data)                67820 (  66.23kB)
    Total RW  Size (RW Data + ZI Data)             11288 (  11.02kB)
    Total ROM Size (Code + RO Data + RW Data)      68120 (  66.52kB)

==============================================================================

