<html>
<body>
<pre>
<h1>µVision Build Log</h1>
<h2>Tool Versions:</h2>
IDE-Version: ¦ÌVision V5.41.0.0
Copyright (C) 2024 ARM Ltd and ARM Germany GmbH. All rights reserved.
License Information: z 1902117322@qq.com, c, LIC=QF82M-XUBL3-BS9YX-HAX9L-YKSDW-PJB2K
 
Tool Versions:
Toolchain:       MDK-ARM Plus  Version: 5.41.0.0
Toolchain Path:  D:\keilv5\ARM\ARMCLANG\Bin
C Compiler:      ArmClang.exe V6.22
Assembler:       Armasm.exe V6.22
Linker/Locator:  ArmLink.exe V6.22
Library Manager: ArmAr.exe V6.22
Hex Converter:   FromElf.exe V6.22
CPU DLL:         SARMCM3.DLL V5.41.0.0
Dialog DLL:      DCM.DLL V1.17.5.0
Target DLL:      STLink\ST-LINKIII-KEIL_SWO.dll V3.3.0.0
Dialog DLL:      TCM.DLL V1.56.4.0
 
<h2>Project:</h2>
C:\Users\19021\Downloads\dm-mc02-master\dm-mc02-master\Àý³Ì\CtrBoard-H7_IMU\MDK-ARM\CtrBoard-H7_IMU.uvprojx
Project File Date:  01/15/2026

<h2>Output:</h2>
*** Using Compiler 'V6.22', folder: 'D:\keilv5\ARM\ARMCLANG\Bin'
Rebuild target 'CtrBoard-H7_IMU'
assembling startup_stm32h723xx.s...
compiling stm32h7xx_it.c...
compiling stm32h7xx_hal_hsem.c...
compiling stm32h7xx_hal_pwr_ex.c...
compiling stm32h7xx_hal_msp.c...
compiling stm32h7xx_hal_cortex.c...
compiling stm32h7xx_hal_gpio.c...
../Core/Src/main.c(28): warning: In file included from...
../Device/BMI088/inc\BMI088driver.h(49): warning: 'packed' attribute ignored [-Wignored-attributes]
   49 | typedef __packed struct BMI088_RAW_DATA
      |         ^
../Drivers/STM32H7xx_HAL_Driver/Inc\stm32h7xx_hal_def.h(115): note: expanded from macro '__packed'
  115 |     #define __packed  __attribute__((packed))
      |                                      ^
1 warning generated.
compiling main.c...
compiling stm32h7xx_hal_rcc_ex.c...
compiling spi.c...
compiling stm32h7xx_hal_flash.c...
compiling gpio.c...
compiling dma.c...
compiling stm32h7xx_hal_exti.c...
compiling tim.c...
compiling stm32h7xx_hal_pwr.c...
compiling stm32h7xx_hal_i2c_ex.c...
compiling stm32h7xx_hal.c...
compiling stm32h7xx_hal_mdma.c...
compiling stm32h7xx_hal_rcc.c...
compiling stm32h7xx_hal_spi_ex.c...
compiling stm32h7xx_hal_flash_ex.c...
compiling stm32h7xx_hal_dma_ex.c...
compiling stm32h7xx_hal_spi.c...
compiling stm32h7xx_hal_dma.c...
compiling stm32h7xx_hal_i2c.c...
compiling stm32h7xx_hal_pcd_ex.c...
compiling stm32h7xx_hal_tim_ex.c...
compiling stm32h7xx_hal_pcd.c...
compiling stm32h7xx_hal_tim.c...
compiling system_stm32h7xx.c...
../Device/BMI088/BMI088driver.c(1): warning: In file included from...
../Device/BMI088/inc\BMI088driver.h(49): warning: 'packed' attribute ignored [-Wignored-attributes]
   49 | typedef __packed struct BMI088_RAW_DATA
      |         ^
../Drivers/STM32H7xx_HAL_Driver/Inc\stm32h7xx_hal_def.h(115): note: expanded from macro '__packed'
  115 |     #define __packed  __attribute__((packed))
      |                                      ^
1 warning generated.
compiling BMI088driver.c...
compiling stm32h7xx_ll_usb.c...
compiling BMI088Middleware.c...
../App/imu_temp_ctrl.c(11): warning: In file included from...
../Device/BMI088/inc\BMI088driver.h(49): warning: 'packed' attribute ignored [-Wignored-attributes]
   49 | typedef __packed struct BMI088_RAW_DATA
      |         ^
../Drivers/STM32H7xx_HAL_Driver/Inc\stm32h7xx_hal_def.h(115): note: expanded from macro '__packed'
  115 |     #define __packed  __attribute__((packed))
      |                                      ^
1 warning generated.
compiling imu_temp_ctrl.c...
compiling kalman_filter.c...
compiling usb_device.c...
compiling usbd_cdc_if.c...
compiling usbd_desc.c...
compiling usbd_conf.c...
compiling usbd_core.c...
compiling usbd_ctlreq.c...
compiling usbd_ioreq.c...
compiling usbd_cdc.c...
linking...
Program Size: Code=66628 RO-data=1192 RW-data=300 ZI-data=10988  
FromELF: creating hex file...
"CtrBoard-H7_IMU\CtrBoard-H7_IMU.axf" - 0 Error(s), 3 Warning(s).

<h2>Software Packages used:</h2>

Package Vendor: ARM
                https://www.keil.com/pack/ARM.CMSIS.6.1.0.pack
                ARM::CMSIS@6.1.0
                CMSIS (Common Microcontroller Software Interface Standard)
   * Component: CORE Version: 6.1.0

Package Vendor: Keil
                https://www.keil.com/pack/Keil.STM32H7xx_DFP.4.0.0.pack
                Keil::STM32H7xx_DFP@4.0.0
                STMicroelectronics STM32H7 Series Device Support

<h2>Collection of Component include folders:</h2>
  ./RTE/_CtrBoard-H7_IMU
  C:/Users/19021/AppData/Local/Arm/Packs/ARM/CMSIS/6.1.0/CMSIS/Core/Include

<h2>Collection of Component Files used:</h2>

   * Component: ARM::CMSIS:CORE@6.1.0
      Include file:  CMSIS/Core/Include/tz_context.h
Build Time Elapsed:  00:00:03
</pre>
</body>
</html>
