Component: Arm Compiler for Embedded 6.22 Tool: armlink [5ee90200]

==============================================================================

Section Cross References

    startup_stm32h723xx.o(STACK) refers (Special) to heapauxi.o(.text) for __use_two_region_memory
    startup_stm32h723xx.o(HEAP) refers (Special) to heapauxi.o(.text) for __use_two_region_memory
    startup_stm32h723xx.o(RESET) refers (Special) to heapauxi.o(.text) for __use_two_region_memory
    startup_stm32h723xx.o(RESET) refers to startup_stm32h723xx.o(STACK) for __initial_sp
    startup_stm32h723xx.o(RESET) refers to startup_stm32h723xx.o(.text) for Reset_Handler
    startup_stm32h723xx.o(RESET) refers to stm32h7xx_it.o(.text.NMI_Handler) for NMI_Handler
    startup_stm32h723xx.o(RESET) refers to stm32h7xx_it.o(.text.HardFault_Handler) for HardFault_Handler
    startup_stm32h723xx.o(RESET) refers to stm32h7xx_it.o(.text.MemManage_Handler) for MemManage_Handler
    startup_stm32h723xx.o(RESET) refers to stm32h7xx_it.o(.text.BusFault_Handler) for BusFault_Handler
    startup_stm32h723xx.o(RESET) refers to stm32h7xx_it.o(.text.UsageFault_Handler) for UsageFault_Handler
    startup_stm32h723xx.o(RESET) refers to stm32h7xx_it.o(.text.SVC_Handler) for SVC_Handler
    startup_stm32h723xx.o(RESET) refers to stm32h7xx_it.o(.text.DebugMon_Handler) for DebugMon_Handler
    startup_stm32h723xx.o(RESET) refers to stm32h7xx_it.o(.text.PendSV_Handler) for PendSV_Handler
    startup_stm32h723xx.o(RESET) refers to stm32h7xx_it.o(.text.SysTick_Handler) for SysTick_Handler
    startup_stm32h723xx.o(RESET) refers to stm32h7xx_it.o(.text.DMA1_Stream0_IRQHandler) for DMA1_Stream0_IRQHandler
    startup_stm32h723xx.o(RESET) refers to stm32h7xx_it.o(.text.DMA1_Stream1_IRQHandler) for DMA1_Stream1_IRQHandler
    startup_stm32h723xx.o(RESET) refers to stm32h7xx_it.o(.text.SPI2_IRQHandler) for SPI2_IRQHandler
    startup_stm32h723xx.o(RESET) refers to stm32h7xx_it.o(.text.EXTI15_10_IRQHandler) for EXTI15_10_IRQHandler
    startup_stm32h723xx.o(RESET) refers to stm32h7xx_it.o(.text.OTG_HS_IRQHandler) for OTG_HS_IRQHandler
    startup_stm32h723xx.o(.text) refers (Special) to heapauxi.o(.text) for __use_two_region_memory
    startup_stm32h723xx.o(.text) refers to system_stm32h7xx.o(.text.SystemInit) for SystemInit
    startup_stm32h723xx.o(.text) refers to __main.o(!!!main) for __main
    startup_stm32h723xx.o(.text) refers to startup_stm32h723xx.o(HEAP) for Heap_Mem
    startup_stm32h723xx.o(.text) refers to startup_stm32h723xx.o(STACK) for Stack_Mem
    main.o(.text.main) refers to stm32h7xx_hal.o(.text.HAL_Init) for HAL_Init
    main.o(.text.main) refers to main.o(.text.SystemClock_Config) for SystemClock_Config
    main.o(.text.main) refers to gpio.o(.text.MX_GPIO_Init) for MX_GPIO_Init
    main.o(.text.main) refers to dma.o(.text.MX_DMA_Init) for MX_DMA_Init
    main.o(.text.main) refers to spi.o(.text.MX_SPI2_Init) for MX_SPI2_Init
    main.o(.text.main) refers to tim.o(.text.MX_TIM3_Init) for MX_TIM3_Init
    main.o(.text.main) refers to usb_device.o(.text.MX_USB_DEVICE_Init) for MX_USB_DEVICE_Init
    main.o(.text.main) refers to stm32h7xx_hal.o(.text.HAL_Delay) for HAL_Delay
    main.o(.text.main) refers to msg_server.o(.text.msg_server_init) for msg_server_init
    main.o(.text.main) refers to port_usb.o(.text.port_usb_init) for port_usb_init
    main.o(.text.main) refers to imu_commands.o(.text.imu_commands_register) for imu_commands_register
    main.o(.text.main) refers to imu_temp_ctrl.o(.text.IMU_TempCtrl_Init) for IMU_TempCtrl_Init
    main.o(.text.main) refers to port_usb.o(.text.port_usb_process) for port_usb_process
    main.o(.text.main) refers to msg_server.o(.text.msg_server_poll) for msg_server_poll
    main.o(.text.main) refers to imu_commands.o(.text.imu_is_suspended) for imu_is_suspended
    main.o(.text.main) refers to imu_temp_ctrl.o(.text.IMU_TempCtrl_Loop) for IMU_TempCtrl_Loop
    main.o(.ARM.exidx.text.main) refers to main.o(.text.main) for [Anonymous Symbol]
    main.o(.text.SystemClock_Config) refers to rt_memclr_w.o(.text) for __aeabi_memclr4
    main.o(.text.SystemClock_Config) refers to stm32h7xx_hal_pwr_ex.o(.text.HAL_PWREx_ConfigSupply) for HAL_PWREx_ConfigSupply
    main.o(.text.SystemClock_Config) refers to stm32h7xx_hal_rcc.o(.text.HAL_RCC_OscConfig) for HAL_RCC_OscConfig
    main.o(.text.SystemClock_Config) refers to stm32h7xx_hal_rcc.o(.text.HAL_RCC_ClockConfig) for HAL_RCC_ClockConfig
    main.o(.ARM.exidx.text.SystemClock_Config) refers to main.o(.text.SystemClock_Config) for [Anonymous Symbol]
    main.o(.ARM.exidx.text.Error_Handler) refers to main.o(.text.Error_Handler) for [Anonymous Symbol]
    gpio.o(.text.MX_GPIO_Init) refers to stm32h7xx_hal_gpio.o(.text.HAL_GPIO_WritePin) for HAL_GPIO_WritePin
    gpio.o(.text.MX_GPIO_Init) refers to stm32h7xx_hal_gpio.o(.text.HAL_GPIO_Init) for HAL_GPIO_Init
[...]
    _memcpy_lastbytes_aligned                0x080004cb   Thumb Code     0  rt_memcpy_w.o(.text)
    __aeabi_memclr4                          0x080004e7   Thumb Code     0  rt_memclr_w.o(.text)
    __aeabi_memclr8                          0x080004e7   Thumb Code     0  rt_memclr_w.o(.text)
    __rt_memclr_w                            0x080004e7   Thumb Code     0  rt_memclr_w.o(.text)
    _memset_w                                0x080004eb   Thumb Code    74  rt_memclr_w.o(.text)
    __use_two_region_memory                  0x08000535   Thumb Code     2  heapauxi.o(.text)
    __rt_heap_escrow$2region                 0x08000537   Thumb Code     2  heapauxi.o(.text)
    __rt_heap_expand$2region                 0x08000539   Thumb Code     2  heapauxi.o(.text)
    __read_errno                             0x0800053b   Thumb Code    10  _rserrno.o(.text)
    __set_errno                              0x08000545   Thumb Code    12  _rserrno.o(.text)
    __aeabi_errno_addr                       0x08000551   Thumb Code     8  rt_errno_addr_intlibspace.o(.text)
    __errno$intlibspace                      0x08000551   Thumb Code     0  rt_errno_addr_intlibspace.o(.text)
    __rt_errno_addr$intlibspace              0x08000551   Thumb Code     0  rt_errno_addr_intlibspace.o(.text)
    __user_libspace                          0x08000559   Thumb Code     8  libspace.o(.text)
    __user_perproc_libspace                  0x08000559   Thumb Code     0  libspace.o(.text)
    __user_perthread_libspace                0x08000559   Thumb Code     0  libspace.o(.text)
    __user_setup_stackheap                   0x08000561   Thumb Code    74  sys_stackheap_outer.o(.text)
    exit                                     0x080005ab   Thumb Code    18  exit.o(.text)
    _sys_exit                                0x080005bd   Thumb Code     8  sys_exit.o(.text)
    __I$use$semihosting                      0x080005c9   Thumb Code     0  use_no_semi.o(.text)
    __use_no_semihosting_swi                 0x080005c9   Thumb Code     2  use_no_semi.o(.text)
    __semihosting_library_function           0x080005cb   Thumb Code     0  indicate_semi.o(.text)
    BMI088_ACCEL_NS_H                        0x080005d1   Thumb Code    16  bmi088middleware.o(.text.BMI088_ACCEL_NS_H)
    BMI088_ACCEL_NS_L                        0x080005e1   Thumb Code    16  bmi088middleware.o(.text.BMI088_ACCEL_NS_L)
    BMI088_GPIO_init                         0x080005f1   Thumb Code     2  bmi088middleware.o(.text.BMI088_GPIO_init)
    BMI088_GYRO_NS_H                         0x080005f9   Thumb Code    16  bmi088middleware.o(.text.BMI088_GYRO_NS_H)
    BMI088_GYRO_NS_L                         0x08000609   Thumb Code    16  bmi088middleware.o(.text.BMI088_GYRO_NS_L)
    BMI088_com_init                          0x08000619   Thumb Code     2  bmi088middleware.o(.text.BMI088_com_init)
    BMI088_delay_ms                          0x08000621   Thumb Code    94  bmi088middleware.o(.text.BMI088_delay_ms)
    BMI088_delay_us                          0x08000681   Thumb Code    74  bmi088middleware.o(.text.BMI088_delay_us)
    BMI088_init                              0x080006d1   Thumb Code    24  bmi088driver.o(.text.BMI088_init)
    BMI088_read                              0x080006e9   Thumb Code   416  bmi088driver.o(.text.BMI088_read)
    BMI088_read_write_byte                   0x08000889   Thumb Code    46  bmi088middleware.o(.text.BMI088_read_write_byte)
    BusFault_Handler                         0x080008b9   Thumb Code     2  stm32h7xx_it.o(.text.BusFault_Handler)
    CDC_Transmit_HS                          0x08000931   Thumb Code    54  usbd_cdc_if.o(.text.CDC_Transmit_HS)
    DMA1_Stream0_IRQHandler                  0x08000969   Thumb Code    12  stm32h7xx_it.o(.text.DMA1_Stream0_IRQHandler)
    DMA1_Stream1_IRQHandler                  0x08000979   Thumb Code    12  stm32h7xx_it.o(.text.DMA1_Stream1_IRQHandler)
    DebugMon_Handler                         0x08000aa1   Thumb Code     2  stm32h7xx_it.o(.text.DebugMon_Handler)
    EKF_Init                                 0x08000aa9   Thumb Code   448  kalman_filter.o(.text.EKF_Init)
    EKF_Predict                              0x08000c79   Thumb Code  1664  kalman_filter.o(.text.EKF_Predict)
    EKF_Update                               0x080012f9   Thumb Code  4330  kalman_filter.o(.text.EKF_Update)
    EXTI15_10_IRQHandler                     0x080023e9   Thumb Code    22  stm32h7xx_it.o(.text.EXTI15_10_IRQHandler)
    Error_Handler                            0x08002401   Thumb Code    10  main.o(.text.Error_Handler)
    FLASH_WaitForLastOperation               0x08002411   Thumb Code   134  stm32h7xx_hal_flash.o(.text.FLASH_WaitForLastOperation)
    HAL_DMA_Abort_IT                         0x08002499   Thumb Code   664  stm32h7xx_hal_dma.o(.text.HAL_DMA_Abort_IT)
    HAL_DMA_IRQHandler                       0x08002731   Thumb Code  1976  stm32h7xx_hal_dma.o(.text.HAL_DMA_IRQHandler)
    HAL_DMA_Init                             0x08002ee9   Thumb Code  1610  stm32h7xx_hal_dma.o(.text.HAL_DMA_Init)
    HAL_Delay                                0x08003539   Thumb Code    40  stm32h7xx_hal.o(.text.HAL_Delay)
    HAL_FLASHEx_Erase                        0x08003561   Thumb Code   256  stm32h7xx_hal_flash_ex.o(.text.HAL_FLASHEx_Erase)
    HAL_FLASH_Lock                           0x08003661   Thumb Code    26  stm32h7xx_hal_flash.o(.text.HAL_FLASH_Lock)
    HAL_FLASH_Program                        0x08003681   Thumb Code   310  stm32h7xx_hal_flash.o(.text.HAL_FLASH_Program)
    HAL_FLASH_Unlock                         0x080037b9   Thumb Code    48  stm32h7xx_hal_flash.o(.text.HAL_FLASH_Unlock)
    HAL_GPIO_EXTI_Callback                   0x080037e9   Thumb Code    22  imu_temp_ctrl.o(.text.HAL_GPIO_EXTI_Callback)
    HAL_GPIO_EXTI_IRQHandler                 0x08003801   Thumb Code    20  stm32h7xx_hal_gpio.o(.text.HAL_GPIO_EXTI_IRQHandler)
    HAL_GPIO_Init                            0x08003819   Thumb Code   420  stm32h7xx_hal_gpio.o(.text.HAL_GPIO_Init)
    HAL_GPIO_WritePin                        0x080039c1   Thumb Code    10  stm32h7xx_hal_gpio.o(.text.HAL_GPIO_WritePin)
    HAL_GetTick                              0x080039d1   Thumb Code    12  stm32h7xx_hal.o(.text.HAL_GetTick)
    HAL_IncTick                              0x080039e1   Thumb Code    26  stm32h7xx_hal.o(.text.HAL_IncTick)
    HAL_Init                                 0x08003a01   Thumb Code   100  stm32h7xx_hal.o(.text.HAL_Init)
    HAL_InitTick                             0x08003a69   Thumb Code    88  stm32h7xx_hal.o(.text.HAL_InitTick)
    HAL_MspInit                              0x08003ac1   Thumb Code    32  stm32h7xx_hal_msp.o(.text.HAL_MspInit)
    HAL_NVIC_EnableIRQ                       0x08003ae1   Thumb Code    34  stm32h7xx_hal_cortex.o(.text.HAL_NVIC_EnableIRQ)
    HAL_NVIC_SetPriority                     0x08003b09   Thumb Code    90  stm32h7xx_hal_cortex.o(.text.HAL_NVIC_SetPriority)
    HAL_NVIC_SetPriorityGrouping             0x08003b69   Thumb Code    32  stm32h7xx_hal_cortex.o(.text.HAL_NVIC_SetPriorityGrouping)
    HAL_PCDEx_ActivateLPM                    0x08003b89   Thumb Code    38  stm32h7xx_hal_pcd_ex.o(.text.HAL_PCDEx_ActivateLPM)
    HAL_PCDEx_LPM_Callback                   0x08003bb1   Thumb Code     2  stm32h7xx_hal_pcd_ex.o(.text.HAL_PCDEx_LPM_Callback)
    HAL_PCDEx_SetRxFiFo                      0x08003bb9   Thumb Code     8  stm32h7xx_hal_pcd_ex.o(.text.HAL_PCDEx_SetRxFiFo)
    HAL_PCDEx_SetTxFiFo                      0x08003bc1   Thumb Code   210  stm32h7xx_hal_pcd_ex.o(.text.HAL_PCDEx_SetTxFiFo)
    HAL_PCD_ConnectCallback                  0x08003c99   Thumb Code     8  usbd_conf.o(.text.HAL_PCD_ConnectCallback)
    HAL_PCD_DataInStageCallback              0x08003ca1   Thumb Code    18  usbd_conf.o(.text.HAL_PCD_DataInStageCallback)
    HAL_PCD_DataOutStageCallback             0x08003cb9   Thumb Code    20  usbd_conf.o(.text.HAL_PCD_DataOutStageCallback)
    HAL_PCD_DisconnectCallback               0x08003cd1   Thumb Code     8  usbd_conf.o(.text.HAL_PCD_DisconnectCallback)
    HAL_PCD_EP_Close                         0x08003cd9   Thumb Code    78  stm32h7xx_hal_pcd.o(.text.HAL_PCD_EP_Close)
    HAL_PCD_EP_ClrStall                      0x08003d29   Thumb Code    88  stm32h7xx_hal_pcd.o(.text.HAL_PCD_EP_ClrStall)
    HAL_PCD_EP_GetRxCount                    0x08003d81   Thumb Code    18  stm32h7xx_hal_pcd.o(.text.HAL_PCD_EP_GetRxCount)
    HAL_PCD_EP_Open                          0x08003d99   Thumb Code   120  stm32h7xx_hal_pcd.o(.text.HAL_PCD_EP_Open)
    HAL_PCD_EP_Receive                       0x08003e11   Thumb Code    56  stm32h7xx_hal_pcd.o(.text.HAL_PCD_EP_Receive)
    HAL_PCD_EP_SetStall                      0x08003e49   Thumb Code   110  stm32h7xx_hal_pcd.o(.text.HAL_PCD_EP_SetStall)
    HAL_PCD_EP_Transmit                      0x08003eb9   Thumb Code    62  stm32h7xx_hal_pcd.o(.text.HAL_PCD_EP_Transmit)
    HAL_PCD_IRQHandler                       0x08003ef9   Thumb Code  2360  stm32h7xx_hal_pcd.o(.text.HAL_PCD_IRQHandler)
    HAL_PCD_ISOINIncompleteCallback          0x08004831   Thumb Code     8  usbd_conf.o(.text.HAL_PCD_ISOINIncompleteCallback)
    HAL_PCD_ISOOUTIncompleteCallback         0x08004839   Thumb Code     8  usbd_conf.o(.text.HAL_PCD_ISOOUTIncompleteCallback)
    HAL_PCD_Init                             0x08004841   Thumb Code   444  stm32h7xx_hal_pcd.o(.text.HAL_PCD_Init)
    HAL_PCD_MspInit                          0x08004a01   Thumb Code   142  usbd_conf.o(.text.HAL_PCD_MspInit)
    HAL_PCD_ResetCallback                    0x08004a91   Thumb Code    42  usbd_conf.o(.text.HAL_PCD_ResetCallback)
    HAL_PCD_ResumeCallback                   0x08004ac1   Thumb Code     8  usbd_conf.o(.text.HAL_PCD_ResumeCallback)
    HAL_PCD_SOFCallback                      0x08004ac9   Thumb Code     8  usbd_conf.o(.text.HAL_PCD_SOFCallback)
    HAL_PCD_SetAddress                       0x08004ad1   Thumb Code    42  stm32h7xx_hal_pcd.o(.text.HAL_PCD_SetAddress)
    HAL_PCD_SetupStageCallback               0x08004b01   Thumb Code    14  usbd_conf.o(.text.HAL_PCD_SetupStageCallback)
    HAL_PCD_Start                            0x08004b11   Thumb Code    62  stm32h7xx_hal_pcd.o(.text.HAL_PCD_Start)
    HAL_PCD_SuspendCallback                  0x08004b51   Thumb Code    52  usbd_conf.o(.text.HAL_PCD_SuspendCallback)
    HAL_PWREx_ConfigSupply                   0x08004b89   Thumb Code    72  stm32h7xx_hal_pwr_ex.o(.text.HAL_PWREx_ConfigSupply)
    HAL_PWREx_EnableUSBVoltageDetector       0x08004bd1   Thumb Code    18  stm32h7xx_hal_pwr_ex.o(.text.HAL_PWREx_EnableUSBVoltageDetector)
    HAL_RCCEx_PeriphCLKConfig                0x08004be9   Thumb Code  2374  stm32h7xx_hal_rcc_ex.o(.text.HAL_RCCEx_PeriphCLKConfig)
    HAL_RCC_ClockConfig                      0x08005531   Thumb Code   588  stm32h7xx_hal_rcc.o(.text.HAL_RCC_ClockConfig)
    HAL_RCC_GetHCLKFreq                      0x08005781   Thumb Code    76  stm32h7xx_hal_rcc.o(.text.HAL_RCC_GetHCLKFreq)
    HAL_RCC_GetSysClockFreq                  0x080057d1   Thumb Code   252  stm32h7xx_hal_rcc.o(.text.HAL_RCC_GetSysClockFreq)
    HAL_RCC_OscConfig                        0x080058e1   Thumb Code  1300  stm32h7xx_hal_rcc.o(.text.HAL_RCC_OscConfig)
    HAL_SPI_ErrorCallback                    0x08005df9   Thumb Code     2  stm32h7xx_hal_spi.o(.text.HAL_SPI_ErrorCallback)
    HAL_SPI_IRQHandler                       0x08005e01   Thumb Code   570  stm32h7xx_hal_spi.o(.text.HAL_SPI_IRQHandler)
    HAL_SPI_Init                             0x08006041   Thumb Code   436  stm32h7xx_hal_spi.o(.text.HAL_SPI_Init)
    HAL_SPI_MspInit                          0x080061f9   Thumb Code   348  spi.o(.text.HAL_SPI_MspInit)
    HAL_SPI_RxCpltCallback                   0x08006359   Thumb Code     2  stm32h7xx_hal_spi.o(.text.HAL_SPI_RxCpltCallback)
    HAL_SPI_SuspendCallback                  0x08006361   Thumb Code     2  stm32h7xx_hal_spi.o(.text.HAL_SPI_SuspendCallback)
    HAL_SPI_TransmitReceive                  0x08006369   Thumb Code   626  stm32h7xx_hal_spi.o(.text.HAL_SPI_TransmitReceive)
    HAL_SPI_TxCpltCallback                   0x080065e1   Thumb Code     2  stm32h7xx_hal_spi.o(.text.HAL_SPI_TxCpltCallback)
    HAL_SPI_TxRxCpltCallback                 0x080065e9   Thumb Code     2  stm32h7xx_hal_spi.o(.text.HAL_SPI_TxRxCpltCallback)
    HAL_SYSTICK_Config                       0x080065f1   Thumb Code    44  stm32h7xx_hal_cortex.o(.text.HAL_SYSTICK_Config)
    HAL_TIMEx_MasterConfigSynchronization    0x08006621   Thumb Code   222  stm32h7xx_hal_tim_ex.o(.text.HAL_TIMEx_MasterConfigSynchronization)
    HAL_TIM_PWM_ConfigChannel                0x08006701   Thumb Code  1180  stm32h7xx_hal_tim.o(.text.HAL_TIM_PWM_ConfigChannel)
    HAL_TIM_PWM_Init                         0x08006ba1   Thumb Code    96  stm32h7xx_hal_tim.o(.text.HAL_TIM_PWM_Init)
    HAL_TIM_PWM_MspInit                      0x08006c01   Thumb Code    48  tim.o(.text.HAL_TIM_PWM_MspInit)
    HAL_TIM_PWM_Start                        0x08006c31   Thumb Code   356  stm32h7xx_hal_tim.o(.text.HAL_TIM_PWM_Start)
    HardFault_Handler                        0x08006d99   Thumb Code     2  stm32h7xx_it.o(.text.HardFault_Handler)
    IMU_TempCtrl_Init                        0x08006da1   Thumb Code    40  imu_temp_ctrl.o(.text.IMU_TempCtrl_Init)
    IMU_TempCtrl_Loop                        0x08006dc9   Thumb Code  1196  imu_temp_ctrl.o(.text.IMU_TempCtrl_Loop)
    MX_DMA_Init                              0x080072a1   Thumb Code    68  dma.o(.text.MX_DMA_Init)
    MX_GPIO_Init                             0x080072e9   Thumb Code   222  gpio.o(.text.MX_GPIO_Init)
    MX_SPI2_Init                             0x080073c9   Thumb Code    98  spi.o(.text.MX_SPI2_Init)
    MX_TIM3_Init                             0x08007431   Thumb Code   200  tim.o(.text.MX_TIM3_Init)
    MX_USB_DEVICE_Init                       0x080074f9   Thumb Code   108  usb_device.o(.text.MX_USB_DEVICE_Init)
    MemManage_Handler                        0x08007569   Thumb Code     2  stm32h7xx_it.o(.text.MemManage_Handler)
    NMI_Handler                              0x08007571   Thumb Code     2  stm32h7xx_it.o(.text.NMI_Handler)
    OTG_HS_IRQHandler                        0x08007579   Thumb Code    12  stm32h7xx_it.o(.text.OTG_HS_IRQHandler)
    PendSV_Handler                           0x08007589   Thumb Code     2  stm32h7xx_it.o(.text.PendSV_Handler)
    SPI2_IRQHandler                          0x080077d1   Thumb Code    12  stm32h7xx_it.o(.text.SPI2_IRQHandler)
    SVC_Handler                              0x080078c1   Thumb Code     2  stm32h7xx_it.o(.text.SVC_Handler)
    SysTick_Handler                          0x080078c9   Thumb Code     4  stm32h7xx_it.o(.text.SysTick_Handler)
    SystemClock_Config                       0x080078d1   Thumb Code   198  main.o(.text.SystemClock_Config)
    SystemInit                               0x08007999   Thumb Code   176  system_stm32h7xx.o(.text.SystemInit)
    TIM_Base_SetConfig                       0x08007a49   Thumb Code   340  stm32h7xx_hal_tim.o(.text.TIM_Base_SetConfig)
    USBD_CDC_GetDeviceQualifierDescriptor    0x08007cf1   Thumb Code    16  usbd_cdc.o(.text.USBD_CDC_GetDeviceQualifierDescriptor)
    USBD_CDC_ReceivePacket                   0x08007ed9   Thumb Code    48  usbd_cdc.o(.text.USBD_CDC_ReceivePacket)
    USBD_CDC_RegisterInterface               0x08007f09   Thumb Code    22  usbd_cdc.o(.text.USBD_CDC_RegisterInterface)
    USBD_CDC_SetRxBuffer                     0x08007f21   Thumb Code    26  usbd_cdc.o(.text.USBD_CDC_SetRxBuffer)
    USBD_CDC_SetTxBuffer                     0x08007f41   Thumb Code    30  usbd_cdc.o(.text.USBD_CDC_SetTxBuffer)
    USBD_CDC_TransmitPacket                  0x08008031   Thumb Code    66  usbd_cdc.o(.text.USBD_CDC_TransmitPacket)
    USBD_ClrClassConfig                      0x08008079   Thumb Code    18  usbd_core.o(.text.USBD_ClrClassConfig)
    USBD_CoreFindEP                          0x08008091   Thumb Code     4  usbd_core.o(.text.USBD_CoreFindEP)
    USBD_CoreFindIF                          0x08008099   Thumb Code     4  usbd_core.o(.text.USBD_CoreFindIF)
    USBD_CtlContinueRx                       0x080080a1   Thumb Code    16  usbd_ioreq.o(.text.USBD_CtlContinueRx)
    USBD_CtlContinueSendData                 0x080080b1   Thumb Code    16  usbd_ioreq.o(.text.USBD_CtlContinueSendData)
    USBD_CtlError                            0x080080c1   Thumb Code    22  usbd_ctlreq.o(.text.USBD_CtlError)
    USBD_CtlPrepareRx                        0x080080d9   Thumb Code    30  usbd_ioreq.o(.text.USBD_CtlPrepareRx)
    USBD_CtlReceiveStatus                    0x080080f9   Thumb Code    22  usbd_ioreq.o(.text.USBD_CtlReceiveStatus)
    USBD_CtlSendData                         0x08008111   Thumb Code    26  usbd_ioreq.o(.text.USBD_CtlSendData)
    USBD_CtlSendStatus                       0x08008131   Thumb Code    22  usbd_ioreq.o(.text.USBD_CtlSendStatus)
    USBD_GetEpDesc                           0x08008149   Thumb Code   130  usbd_core.o(.text.USBD_GetEpDesc)
    USBD_GetString                           0x080081d1   Thumb Code   214  usbd_ctlreq.o(.text.USBD_GetString)
    USBD_HS_ConfigStrDescriptor              0x080082a9   Thumb Code    24  usbd_desc.o(.text.USBD_HS_ConfigStrDescriptor)
    USBD_HS_DeviceDescriptor                 0x080082d1   Thumb Code    14  usbd_desc.o(.text.USBD_HS_DeviceDescriptor)
    USBD_HS_InterfaceStrDescriptor           0x080082e1   Thumb Code    24  usbd_desc.o(.text.USBD_HS_InterfaceStrDescriptor)
    USBD_HS_LangIDStrDescriptor              0x08008309   Thumb Code    14  usbd_desc.o(.text.USBD_HS_LangIDStrDescriptor)
    USBD_HS_ManufacturerStrDescriptor        0x08008319   Thumb Code    24  usbd_desc.o(.text.USBD_HS_ManufacturerStrDescriptor)
    USBD_HS_ProductStrDescriptor             0x08008349   Thumb Code    24  usbd_desc.o(.text.USBD_HS_ProductStrDescriptor)
    USBD_HS_SerialStrDescriptor              0x08008379   Thumb Code   364  usbd_desc.o(.text.USBD_HS_SerialStrDescriptor)
    USBD_Init                                0x080084e9   Thumb Code    40  usbd_core.o(.text.USBD_Init)
    USBD_LL_ClearStallEP                     0x08008511   Thumb Code    34  usbd_conf.o(.text.USBD_LL_ClearStallEP)
    USBD_LL_CloseEP                          0x08008539   Thumb Code    34  usbd_conf.o(.text.USBD_LL_CloseEP)
    USBD_LL_DataInStage                      0x08008561   Thumb Code   176  usbd_core.o(.text.USBD_LL_DataInStage)
    USBD_LL_DataOutStage                     0x08008611   Thumb Code   112  usbd_core.o(.text.USBD_LL_DataOutStage)
    USBD_LL_DevConnected                     0x08008681   Thumb Code     4  usbd_core.o(.text.USBD_LL_DevConnected)
    USBD_LL_DevDisconnected                  0x08008689   Thumb Code    32  usbd_core.o(.text.USBD_LL_DevDisconnected)
    USBD_LL_GetRxDataSize                    0x080086a9   Thumb Code     8  usbd_conf.o(.text.USBD_LL_GetRxDataSize)
    USBD_LL_Init                             0x080086b1   Thumb Code   118  usbd_conf.o(.text.USBD_LL_Init)
    USBD_LL_IsStallEP                        0x08008729   Thumb Code    42  usbd_conf.o(.text.USBD_LL_IsStallEP)
    USBD_LL_IsoINIncomplete                  0x08008759   Thumb Code    42  usbd_core.o(.text.USBD_LL_IsoINIncomplete)
    USBD_LL_IsoOUTIncomplete                 0x08008789   Thumb Code    42  usbd_core.o(.text.USBD_LL_IsoOUTIncomplete)
    USBD_LL_OpenEP                           0x080087b9   Thumb Code    40  usbd_conf.o(.text.USBD_LL_OpenEP)
    USBD_LL_PrepareReceive                   0x080087e1   Thumb Code    34  usbd_conf.o(.text.USBD_LL_PrepareReceive)
    USBD_LL_Reset                            0x08008809   Thumb Code    96  usbd_core.o(.text.USBD_LL_Reset)
    USBD_LL_Resume                           0x08008869   Thumb Code    20  usbd_core.o(.text.USBD_LL_Resume)
    USBD_LL_SOF                              0x08008881   Thumb Code    30  usbd_core.o(.text.USBD_LL_SOF)
    USBD_LL_SetSpeed                         0x080088a1   Thumb Code     8  usbd_core.o(.text.USBD_LL_SetSpeed)
    USBD_LL_SetUSBAddress                    0x080088a9   Thumb Code    34  usbd_conf.o(.text.USBD_LL_SetUSBAddress)
    USBD_LL_SetupStage                       0x080088d1   Thumb Code    96  usbd_core.o(.text.USBD_LL_SetupStage)
    USBD_LL_StallEP                          0x08008931   Thumb Code    34  usbd_conf.o(.text.USBD_LL_StallEP)
    USBD_LL_Start                            0x08008959   Thumb Code    34  usbd_conf.o(.text.USBD_LL_Start)
    USBD_LL_Suspend                          0x08008981   Thumb Code    28  usbd_core.o(.text.USBD_LL_Suspend)
    USBD_LL_Transmit                         0x080089a1   Thumb Code    34  usbd_conf.o(.text.USBD_LL_Transmit)
    USBD_ParseSetupRequest                   0x080089c9   Thumb Code    22  usbd_ctlreq.o(.text.USBD_ParseSetupRequest)
    USBD_RegisterClass                       0x080089e1   Thumb Code    68  usbd_core.o(.text.USBD_RegisterClass)
    USBD_SetClassConfig                      0x08008a29   Thumb Code    14  usbd_core.o(.text.USBD_SetClassConfig)
    USBD_Start                               0x08008a39   Thumb Code     4  usbd_core.o(.text.USBD_Start)
    USBD_StdDevReq                           0x08008a41   Thumb Code   840  usbd_ctlreq.o(.text.USBD_StdDevReq)
    USBD_StdEPReq                            0x08008d89   Thumb Code   328  usbd_ctlreq.o(.text.USBD_StdEPReq)
    USBD_StdItfReq                           0x08008ed1   Thumb Code   118  usbd_ctlreq.o(.text.USBD_StdItfReq)
    USBD_static_free                         0x08008f49   Thumb Code     2  usbd_conf.o(.text.USBD_static_free)
    USBD_static_malloc                       0x08008f51   Thumb Code    10  usbd_conf.o(.text.USBD_static_malloc)
    USB_ActivateEndpoint                     0x08008f61   Thumb Code   134  stm32h7xx_ll_usb.o(.text.USB_ActivateEndpoint)
    USB_ActivateSetup                        0x08008fe9   Thumb Code    32  stm32h7xx_ll_usb.o(.text.USB_ActivateSetup)
    USB_CoreInit                             0x08009009   Thumb Code   500  stm32h7xx_ll_usb.o(.text.USB_CoreInit)
    USB_DeactivateEndpoint                   0x08009201   Thumb Code   122  stm32h7xx_ll_usb.o(.text.USB_DeactivateEndpoint)
    USB_DevConnect                           0x08009281   Thumb Code    30  stm32h7xx_ll_usb.o(.text.USB_DevConnect)
    USB_DevDisconnect                        0x080092a1   Thumb Code    30  stm32h7xx_ll_usb.o(.text.USB_DevDisconnect)
    USB_DevInit                              0x080092c1   Thumb Code  1160  stm32h7xx_ll_usb.o(.text.USB_DevInit)
    USB_DisableGlobalInt                     0x08009749   Thumb Code    14  stm32h7xx_ll_usb.o(.text.USB_DisableGlobalInt)
    USB_EP0_OutStart                         0x08009759   Thumb Code    90  stm32h7xx_ll_usb.o(.text.USB_EP0_OutStart)
    USB_EPClearStall                         0x080097b9   Thumb Code    80  stm32h7xx_ll_usb.o(.text.USB_EPClearStall)
    USB_EPSetStall                           0x08009809   Thumb Code    62  stm32h7xx_ll_usb.o(.text.USB_EPSetStall)
    USB_EPStartXfer                          0x08009849   Thumb Code   530  stm32h7xx_ll_usb.o(.text.USB_EPStartXfer)
    USB_EPStopXfer                           0x08009a61   Thumb Code   266  stm32h7xx_ll_usb.o(.text.USB_EPStopXfer)
    USB_EnableGlobalInt                      0x08009b71   Thumb Code    14  stm32h7xx_ll_usb.o(.text.USB_EnableGlobalInt)
    USB_FlushTxFifo                          0x08009b81   Thumb Code   182  stm32h7xx_ll_usb.o(.text.USB_FlushTxFifo)
    USB_GetDevSpeed                          0x08009c39   Thumb Code    26  stm32h7xx_ll_usb.o(.text.USB_GetDevSpeed)
    USB_GetMode                              0x08009c59   Thumb Code     8  stm32h7xx_ll_usb.o(.text.USB_GetMode)
    USB_ReadDevAllInEpInterrupt              0x08009c61   Thumb Code    14  stm32h7xx_ll_usb.o(.text.USB_ReadDevAllInEpInterrupt)
    USB_ReadDevAllOutEpInterrupt             0x08009c71   Thumb Code    14  stm32h7xx_ll_usb.o(.text.USB_ReadDevAllOutEpInterrupt)
    USB_ReadDevInEPInterrupt                 0x08009c81   Thumb Code    36  stm32h7xx_ll_usb.o(.text.USB_ReadDevInEPInterrupt)
    USB_ReadDevOutEPInterrupt                0x08009ca9   Thumb Code    16  stm32h7xx_ll_usb.o(.text.USB_ReadDevOutEPInterrupt)
    USB_ReadInterrupts                       0x08009cb9   Thumb Code     8  stm32h7xx_ll_usb.o(.text.USB_ReadInterrupts)
    USB_ReadPacket                           0x08009cc1   Thumb Code   170  stm32h7xx_ll_usb.o(.text.USB_ReadPacket)
    USB_SetCurrentMode                       0x08009d71   Thumb Code   100  stm32h7xx_ll_usb.o(.text.USB_SetCurrentMode)
    USB_SetDevAddress                        0x08009dd9   Thumb Code    34  stm32h7xx_ll_usb.o(.text.USB_SetDevAddress)
    USB_SetTurnaroundTime                    0x08009e01   Thumb Code   272  stm32h7xx_ll_usb.o(.text.USB_SetTurnaroundTime)
    USB_WritePacket                          0x08009f11   Thumb Code   120  stm32h7xx_ll_usb.o(.text.USB_WritePacket)
    UsageFault_Handler                       0x08009f89   Thumb Code     2  stm32h7xx_it.o(.text.UsageFault_Handler)
    bmi088_accel_init                        0x08009f91   Thumb Code   280  bmi088driver.o(.text.bmi088_accel_init)
    bmi088_gyro_init                         0x0800a0a9   Thumb Code   530  bmi088driver.o(.text.bmi088_gyro_init)
    crc16_ccitt_calc                         0x0800a2c1   Thumb Code   382  crc16_ccitt.o(.text.crc16_ccitt_calc)
    flash_read_imu_config                    0x0800a4d1   Thumb Code   232  imu_flash.o(.text.flash_read_imu_config)
    flash_read_or_init_imu_config            0x0800a5b9   Thumb Code   270  imu_flash.o(.text.flash_read_or_init_imu_config)
    flash_write_imu_config                   0x0800a6c9   Thumb Code   674  imu_flash.o(.text.flash_write_imu_config)
    imu_commands_register                    0x0800ab49   Thumb Code    76  imu_commands.o(.text.imu_commands_register)
    imu_get_calibration_mode                 0x0800ab99   Thumb Code    12  imu_commands.o(.text.imu_get_calibration_mode)
    imu_is_suspended                         0x0800aba9   Thumb Code    46  imu_commands.o(.text.imu_is_suspended)
    main                                     0x0800abd9   Thumb Code    74  main.o(.text.main)
    msg_server_init                          0x0800ac29   Thumb Code    68  msg_server.o(.text.msg_server_init)
    msg_server_input_from_port               0x0800ac71   Thumb Code   198  msg_server.o(.text.msg_server_input_from_port)
    msg_server_poll                          0x0800ad39   Thumb Code   380  msg_server.o(.text.msg_server_poll)
    msg_server_register_command              0x0800aeb9   Thumb Code   286  msg_server.o(.text.msg_server_register_command)
    msg_server_register_port_sender          0x0800afd9   Thumb Code    18  msg_server.o(.text.msg_server_register_port_sender)
    msg_server_send_response                 0x0800aff1   Thumb Code   194  msg_server.o(.text.msg_server_send_response)
    msg_server_set_input_enabled             0x0800b0b9   Thumb Code    24  msg_server.o(.text.msg_server_set_input_enabled)
    port_usb_init                            0x0800b0d1   Thumb Code    80  port_usb.o(.text.port_usb_init)
    port_usb_on_receive                      0x0800b121   Thumb Code   346  port_usb.o(.text.port_usb_on_receive)
    port_usb_process                         0x0800b281   Thumb Code   332  port_usb.o(.text.port_usb_process)
    port_usb_send                            0x0800b3d1   Thumb Code    36  port_usb.o(.text.port_usb_send)
    __ARM_fpclassifyf                        0x0800b3f5   Thumb Code    38  fpclassifyf.o(i.__ARM_fpclassifyf)
    __hardfp_atan2f                          0x0800b41d   Thumb Code   594  atan2f.o(i.__hardfp_atan2f)
    __hardfp_cosf                            0x0800b6c9   Thumb Code   280  cosf.o(i.__hardfp_cosf)
    __hardfp_powf                            0x0800b819   Thumb Code  1606  powf.o(i.__hardfp_powf)
    __mathlib_powf                           0x0800b819   Thumb Code     0  powf.o(i.__hardfp_powf)
    __hardfp_sinf                            0x0800be7d   Thumb Code   344  sinf.o(i.__hardfp_sinf)
    __mathlib_flt_divzero                    0x0800c00d   Thumb Code    14  funder.o(i.__mathlib_flt_divzero)
    __mathlib_flt_infnan                     0x0800c021   Thumb Code     6  funder.o(i.__mathlib_flt_infnan)
    __mathlib_flt_infnan2                    0x0800c027   Thumb Code     6  funder.o(i.__mathlib_flt_infnan2)
    __mathlib_flt_invalid                    0x0800c02d   Thumb Code    10  funder.o(i.__mathlib_flt_invalid)
    __mathlib_flt_overflow                   0x0800c03d   Thumb Code    10  funder.o(i.__mathlib_flt_overflow)
    __mathlib_flt_underflow                  0x0800c04d   Thumb Code    10  funder.o(i.__mathlib_flt_underflow)
    __mathlib_rredf2                         0x0800c05d   Thumb Code   316  rredf.o(i.__mathlib_rredf2)
    __aeabi_ul2f                             0x0800c1b1   Thumb Code     0  ffltll_clz.o(x$fpl$ffltll)
    _ll_uto_f                                0x0800c1b1   Thumb Code     6  ffltll_clz.o(x$fpl$ffltll)
    __aeabi_l2f                              0x0800c1b7   Thumb Code     0  ffltll_clz.o(x$fpl$ffltll)
    _ll_sto_f                                0x0800c1b7   Thumb Code    90  ffltll_clz.o(x$fpl$ffltll)
    _fp_init                                 0x0800c211   Thumb Code    26  fpinit.o(x$fpl$fpinit)
    __fplib_config_fpu_vfp                   0x0800c229   Thumb Code     0  fpinit.o(x$fpl$fpinit)
    __fplib_config_pureend_doubles           0x0800c229   Thumb Code     0  fpinit.o(x$fpl$fpinit)
    __I$use$fp                               0x0800c22a   Number         0  usenofp.o(x$fpl$usenofp)
    D1CorePrescTable                         0x0800c38c   Data          16  system_stm32h7xx.o(.rodata.D1CorePrescTable)
    Region$$Table$$Base                      0x0800c3c0   Number         0  anon$$obj.o(Region$$Table)
    Region$$Table$$Limit                     0x0800c3e0   Number         0  anon$$obj.o(Region$$Table)
    BMI088_ACCEL_SEN                         0x24000000   Data           4  bmi088driver.o(.data.BMI088_ACCEL_SEN)
    BMI088_GYRO_SEN                          0x24000004   Data           4  bmi088driver.o(.data.BMI088_GYRO_SEN)
    HS_Desc                                  0x24000008   Data          32  usbd_desc.o(.data.HS_Desc)
    SystemCoreClock                          0x24000028   Data           4  system_stm32h7xx.o(.data.SystemCoreClock)
    SystemD2Clock                            0x2400002c   Data           4  system_stm32h7xx.o(.data.SystemD2Clock)
    USBD_CDC                                 0x24000030   Data          56  usbd_cdc.o(.data.USBD_CDC)
    USBD_HS_DeviceDesc                       0x240000b8   Data          18  usbd_desc.o(.data.USBD_HS_DeviceDesc)
    USBD_Interface_fops_HS                   0x240000cc   Data          20  usbd_cdc_if.o(.data.USBD_Interface_fops_HS)
    USBD_LangIDDesc                          0x240000e0   Data           4  usbd_desc.o(.data.USBD_LangIDDesc)
    USBD_StringSerial                        0x240000e4   Data          26  usbd_desc.o(.data.USBD_StringSerial)
    ekf_timing                               0x24000100   Data          48  imu_temp_ctrl.o(.data.ekf_timing)
    g_device_id                              0x24000130   Data           1  msg_server.o(.data.g_device_id)
    uwTickFreq                               0x24000132   Data           1  stm32h7xx_hal.o(.data.uwTickFreq)
    uwTickPrio                               0x24000134   Data           4  stm32h7xx_hal.o(.data.uwTickPrio)
    __libspace_start                         0x24000138   Data          96  libspace.o(.bss)
    __temporary_stack_top$libspace           0x24000198   Data           0  libspace.o(.bss)
    USBD_StrDesc                             0x2400019c   Data         512  usbd_desc.o(.bss.USBD_StrDesc)
    UserRxBufferHS                           0x240005bc   Data        2048  usbd_cdc_if.o(.bss.UserRxBufferHS)
    UserTxBufferHS                           0x24000dbc   Data        2048  usbd_cdc_if.o(.bss.UserTxBufferHS)
    accel                                    0x240015bc   Data          12  imu_temp_ctrl.o(.bss.accel)
    ekf                                      0x240015c8   Data         636  imu_temp_ctrl.o(.bss.ekf)
    forceStop                                0x24001850   Data           1  imu_temp_ctrl.o(.bss.forceStop)
    g_imu_config                             0x24001854   Data         196  imu_commands.o(.bss.g_imu_config)
    gyro                                     0x24001918   Data          12  imu_temp_ctrl.o(.bss.gyro)
    hUsbDeviceHS                             0x24001924   Data         732  usb_device.o(.bss.hUsbDeviceHS)
    hdma_spi2_rx                             0x24001c00   Data         120  spi.o(.bss.hdma_spi2_rx)
    hdma_spi2_tx                             0x24001c78   Data         120  spi.o(.bss.hdma_spi2_tx)
    hpcd_USB_OTG_HS                          0x24001cf0   Data        1292  usbd_conf.o(.bss.hpcd_USB_OTG_HS)
    hspi2                                    0x240021fc   Data         136  spi.o(.bss.hspi2)
    htim3                                    0x24002284   Data          76  tim.o(.bss.htim3)
    pFlash                                   0x240022d4   Data          28  stm32h7xx_hal_flash.o(.bss.pFlash)
    temp                                     0x24004ba4   Data           4  imu_temp_ctrl.o(.bss.temp)
    uwTick                                   0x24004fa8   Data           4  stm32h7xx_hal.o(.bss.uwTick)



==============================================================================

Memory Map of the image

  Image Entry point : 0x080002cd

  Load Region LR_IROM1 (Base: 0x08000000, Size: 0x0000c518, Max: 0x00100000, ABSOLUTE, COMPRESSED[0x0000c4b8])

    Execution Region ER_IROM1 (Exec base: 0x08000000, Load base: 0x08000000, Size: 0x0000c3e0, Max: 0x00100000, ABSOLUTE)

    Exec Addr    Load Addr    Size         Type   Attr      Idx    E Section Name        Object

    0x08000000   0x08000000   0x000002cc   Data   RO            3    RESET               startup_stm32h723xx.o
    0x080002cc   0x080002cc   0x00000008   Code   RO         2100  * !!!main             c_w.l(__main.o)
    0x080002d4   0x080002d4   0x0000005c   Code   RO         2335    !!!scatter          c_w.l(__scatter.o)
    0x08000330   0x08000330   0x0000003a   Code   RO         2333    !!dczerorl          c_w.l(__dczerorl.o)
    0x0800036a   0x0800036a   0x00000002   PAD
    0x0800036c   0x0800036c   0x00000002   Code   RO         2336    !!handler_null      c_w.l(__scatter.o)
    0x0800036e   0x0800036e   0x00000002   PAD
    0x08000370   0x08000370   0x0000001c   Code   RO         2339    !!handler_zi        c_w.l(__scatter_zi.o)
    0x0800038c   0x0800038c   0x00000002   Code   RO         2198    .ARM.Collect$$libinit$$00000000  c_w.l(libinit.o)
    0x0800038e   0x0800038e   0x00000004   Code   RO         2201    .ARM.Collect$$libinit$$00000001  c_w.l(libinit2.o)
    0x08000392   0x08000392   0x00000000   Code   RO         2204    .ARM.Collect$$libinit$$00000004  c_w.l(libinit2.o)
    0x08000392   0x08000392   0x00000000   Code   RO         2206    .ARM.Collect$$libinit$$00000006  c_w.l(libinit2.o)
    0x08000392   0x08000392   0x00000000   Code   RO         2209    .ARM.Collect$$libinit$$0000000C  c_w.l(libinit2.o)
    0x08000392   0x08000392   0x00000000   Code   RO         2211    .ARM.Collect$$libinit$$0000000E  c_w.l(libinit2.o)
    0x08000392   0x08000392   0x00000000   Code   RO         2213    .ARM.Collect$$libinit$$00000010  c_w.l(libinit2.o)
    0x08000392   0x08000392   0x00000000   Code   RO         2216    .ARM.Collect$$libinit$$00000013  c_w.l(libinit2.o)
    0x08000392   0x08000392   0x00000000   Code   RO         2218    .ARM.Collect$$libinit$$00000015  c_w.l(libinit2.o)
    0x08000392   0x08000392   0x00000000   Code   RO         2220    .ARM.Collect$$libinit$$00000017  c_w.l(libinit2.o)
    0x08000392   0x08000392   0x00000000   Code   RO         2222    .ARM.Collect$$libinit$$00000019  c_w.l(libinit2.o)
    0x08000392   0x08000392   0x00000000   Code   RO         2224    .ARM.Collect$$libinit$$0000001B  c_w.l(libinit2.o)
    0x08000392   0x08000392   0x00000000   Code   RO         2226    .ARM.Collect$$libinit$$0000001D  c_w.l(libinit2.o)
    0x08000392   0x08000392   0x00000000   Code   RO         2228    .ARM.Collect$$libinit$$0000001F  c_w.l(libinit2.o)
    0x08000392   0x08000392   0x00000000   Code   RO         2230    .ARM.Collect$$libinit$$00000021  c_w.l(libinit2.o)
    0x08000392   0x08000392   0x00000000   Code   RO         2232    .ARM.Collect$$libinit$$00000023  c_w.l(libinit2.o)
    0x08000392   0x08000392   0x00000000   Code   RO         2234    .ARM.Collect$$libinit$$00000025  c_w.l(libinit2.o)
    0x08000392   0x08000392   0x00000000   Code   RO         2236    .ARM.Collect$$libinit$$00000027  c_w.l(libinit2.o)
    0x08000392   0x08000392   0x00000000   Code   RO         2240    .ARM.Collect$$libinit$$0000002E  c_w.l(libinit2.o)
    0x08000392   0x08000392   0x00000000   Code   RO         2242    .ARM.Collect$$libinit$$00000030  c_w.l(libinit2.o)
    0x08000392   0x08000392   0x00000000   Code   RO         2244    .ARM.Collect$$libinit$$00000032  c_w.l(libinit2.o)
    0x08000392   0x08000392   0x00000000   Code   RO         2246    .ARM.Collect$$libinit$$00000034  c_w.l(libinit2.o)
    0x08000392   0x08000392   0x00000002   Code   RO         2247    .ARM.Collect$$libinit$$00000035  c_w.l(libinit2.o)
    0x08000394   0x08000394   0x00000002   Code   RO         2269    .ARM.Collect$$libshutdown$$00000000  c_w.l(libshutdown.o)
    0x08000396   0x08000396   0x00000000   Code   RO         2284    .ARM.Collect$$libshutdown$$00000002  c_w.l(libshutdown2.o)
    0x08000396   0x08000396   0x00000000   Code   RO         2286    .ARM.Collect$$libshutdown$$00000004  c_w.l(libshutdown2.o)
    0x08000396   0x08000396   0x00000000   Code   RO         2289    .ARM.Collect$$libshutdown$$00000007  c_w.l(libshutdown2.o)
    0x08000396   0x08000396   0x00000000   Code   RO         2292    .ARM.Collect$$libshutdown$$0000000A  c_w.l(libshutdown2.o)
    0x08000396   0x08000396   0x00000000   Code   RO         2294    .ARM.Collect$$libshutdown$$0000000C  c_w.l(libshutdown2.o)
    0x08000396   0x08000396   0x00000000   Code   RO         2297    .ARM.Collect$$libshutdown$$0000000F  c_w.l(libshutdown2.o)
    0x08000396   0x08000396   0x00000002   Code   RO         2298    .ARM.Collect$$libshutdown$$00000010  c_w.l(libshutdown2.o)
    0x08000398   0x08000398   0x00000000   Code   RO         2135    .ARM.Collect$$rtentry$$00000000  c_w.l(__rtentry.o)
    0x08000398   0x08000398   0x00000000   Code   RO         2167    .ARM.Collect$$rtentry$$00000002  c_w.l(__rtentry2.o)
    0x08000398   0x08000398   0x00000006   Code   RO         2179    .ARM.Collect$$rtentry$$00000004  c_w.l(__rtentry4.o)
    0x0800039e   0x0800039e   0x00000000   Code   RO         2169    .ARM.Collect$$rtentry$$00000009  c_w.l(__rtentry2.o)
    0x0800039e   0x0800039e   0x00000004   Code   RO         2170    .ARM.Collect$$rtentry$$0000000A  c_w.l(__rtentry2.o)
    0x080003a2   0x080003a2   0x00000000   Code   RO         2172    .ARM.Collect$$rtentry$$0000000C  c_w.l(__rtentry2.o)
    0x080003a2   0x080003a2   0x00000008   Code   RO         2173    .ARM.Collect$$rtentry$$0000000D  c_w.l(__rtentry2.o)
    0x080003aa   0x080003aa   0x00000002   Code   RO         2199    .ARM.Collect$$rtexit$$00000000  c_w.l(rtexit.o)
    0x080003ac   0x080003ac   0x00000000   Code   RO         2249    .ARM.Collect$$rtexit$$00000002  c_w.l(rtexit2.o)
    0x080003ac   0x080003ac   0x00000004   Code   RO         2250    .ARM.Collect$$rtexit$$00000003  c_w.l(rtexit2.o)
    0x080003b0   0x080003b0   0x00000006   Code   RO         2251    .ARM.Collect$$rtexit$$00000004  c_w.l(rtexit2.o)
    0x080003b6   0x080003b6   0x00000002   PAD
    0x080003b8   0x080003b8   0x00000040   Code   RO            4    .text               startup_stm32h723xx.o
    0x080003f8   0x080003f8   0x0000008a   Code   RO         2092    .text               c_w.l(rt_memcpy_v6.o)
    0x08000482   0x08000482   0x00000064   Code   RO         2094    .text               c_w.l(rt_memcpy_w.o)
    0x080004e6   0x080004e6   0x0000004e   Code   RO         2096    .text               c_w.l(rt_memclr_w.o)
    0x08000534   0x08000534   0x00000006   Code   RO         2098    .text               c_w.l(heapauxi.o)
    0x0800053a   0x0800053a   0x00000016   Code   RO         2136    .text               c_w.l(_rserrno.o)
    0x08000550   0x08000550   0x00000008   Code   RO         2184    .text               c_w.l(rt_errno_addr_intlibspace.o)
    0x08000558   0x08000558   0x00000008   Code   RO         2186    .text               c_w.l(libspace.o)
    0x08000560   0x08000560   0x0000004a   Code   RO         2189    .text               c_w.l(sys_stackheap_outer.o)
    0x080005aa   0x080005aa   0x00000012   Code   RO         2191    .text               c_w.l(exit.o)
    0x080005bc   0x080005bc   0x0000000c   Code   RO         2259    .text               c_w.l(sys_exit.o)
    0x080005c8   0x080005c8   0x00000002   Code   RO         2274    .text               c_w.l(use_no_semi.o)
    0x080005ca   0x080005ca   0x00000000   Code   RO         2276    .text               c_w.l(indicate_semi.o)
    0x080005ca   0x080005ca   0x00000006   PAD
    0x080005d0   0x080005d0   0x00000010   Code   RO         1630    .text.BMI088_ACCEL_NS_H  bmi088middleware.o
    0x080005e0   0x080005e0   0x00000010   Code   RO         1628    .text.BMI088_ACCEL_NS_L  bmi088middleware.o
    0x080005f0   0x080005f0   0x00000002   Code   RO         1620    .text.BMI088_GPIO_init  bmi088middleware.o
    0x080005f2   0x080005f2   0x00000006   PAD
    0x080005f8   0x080005f8   0x00000010   Code   RO         1634    .text.BMI088_GYRO_NS_H  bmi088middleware.o
    0x08000608   0x08000608   0x00000010   Code   RO         1632    .text.BMI088_GYRO_NS_L  bmi088middleware.o
    0x08000618   0x08000618   0x00000002   Code   RO         1622    .text.BMI088_com_init  bmi088middleware.o
    0x0800061a   0x0800061a   0x00000006   PAD
    0x08000620   0x08000620   0x0000005e   Code   RO         1624    .text.BMI088_delay_ms  bmi088middleware.o
    0x0800067e   0x0800067e   0x00000002   PAD
    0x08000680   0x08000680   0x0000004a   Code   RO         1626    .text.BMI088_delay_us  bmi088middleware.o
    0x080006ca   0x080006ca   0x00000006   PAD
    0x080006d0   0x080006d0   0x00000018   Code   RO         1600    .text.BMI088_init   bmi088driver.o
    0x080006e8   0x080006e8   0x000001a0   Code   RO         1606    .text.BMI088_read   bmi088driver.o
    0x08000888   0x08000888   0x0000002e   Code   RO         1636    .text.BMI088_read_write_byte  bmi088middleware.o
    0x080008b6   0x080008b6   0x00000002   PAD
    0x080008b8   0x080008b8   0x00000002   Code   RO           83    .text.BusFault_Handler  stm32h7xx_it.o
    0x080008ba   0x080008ba   0x00000006   PAD
    0x080008c0   0x080008c0   0x00000004   Code   RO         1830    .text.CDC_Control_HS  usbd_cdc_if.o
    0x080008c4   0x080008c4   0x00000004   PAD
    0x080008c8   0x080008c8   0x00000004   Code   RO         1828    .text.CDC_DeInit_HS  usbd_cdc_if.o
    0x080008cc   0x080008cc   0x00000004   PAD
    0x080008d0   0x080008d0   0x0000002c   Code   RO         1826    .text.CDC_Init_HS   usbd_cdc_if.o
    0x080008fc   0x080008fc   0x00000004   PAD
    0x08000900   0x08000900   0x00000024   Code   RO         1832    .text.CDC_Receive_HS  usbd_cdc_if.o
    0x08000924   0x08000924   0x00000004   PAD
    0x08000928   0x08000928   0x00000004   Code   RO         1834    .text.CDC_TransmitCplt_HS  usbd_cdc_if.o
    0x0800092c   0x0800092c   0x00000004   PAD
    0x08000930   0x08000930   0x00000036   Code   RO         1836    .text.CDC_Transmit_HS  usbd_cdc_if.o
    0x08000966   0x08000966   0x00000002   PAD
    0x08000968   0x08000968   0x0000000c   Code   RO           95    .text.DMA1_Stream0_IRQHandler  stm32h7xx_it.o
    0x08000974   0x08000974   0x00000004   PAD
    0x08000978   0x08000978   0x0000000c   Code   RO           97    .text.DMA1_Stream1_IRQHandler  stm32h7xx_it.o
    0x08000984   0x08000984   0x00000004   PAD
    0x08000988   0x08000988   0x00000118   Code   RO          385    .text.DMA_CalcBaseAndBitshift  stm32h7xx_hal_dma.o
    0x08000aa0   0x08000aa0   0x00000002   Code   RO           89    .text.DebugMon_Handler  stm32h7xx_it.o
    0x08000aa2   0x08000aa2   0x00000006   PAD
    0x08000aa8   0x08000aa8   0x000001cc   Code   RO         1673    .text.EKF_Init      kalman_filter.o
    0x08000c74   0x08000c74   0x00000004   PAD
    0x08000c78   0x08000c78   0x00000680   Code   RO         1675    .text.EKF_Predict   kalman_filter.o
    0x080012f8   0x080012f8   0x000010ea   Code   RO         1677    .text.EKF_Update    kalman_filter.o
    0x080023e2   0x080023e2   0x00000006   PAD
    0x080023e8   0x080023e8   0x00000016   Code   RO          101    .text.EXTI15_10_IRQHandler  stm32h7xx_it.o
    0x080023fe   0x080023fe   0x00000002   PAD
    0x08002400   0x08002400   0x0000000a   Code   RO           15    .text.Error_Handler  main.o
    0x0800240a   0x0800240a   0x00000006   PAD
    0x08002410   0x08002410   0x00000086   Code   RO          270    .text.FLASH_WaitForLastOperation  stm32h7xx_hal_flash.o
    0x08002496   0x08002496   0x00000002   PAD
    0x08002498   0x08002498   0x00000298   Code   RO          397    .text.HAL_DMA_Abort_IT  stm32h7xx_hal_dma.o
    0x08002730   0x08002730   0x000007b8   Code   RO          401    .text.HAL_DMA_IRQHandler  stm32h7xx_hal_dma.o
    0x08002ee8   0x08002ee8   0x0000064a   Code   RO          383    .text.HAL_DMA_Init  stm32h7xx_hal_dma.o
    0x08003532   0x08003532   0x00000006   PAD
    0x08003538   0x08003538   0x00000028   Code   RO          637    .text.HAL_Delay     stm32h7xx_hal.o
    0x08003560   0x08003560   0x00000100   Code   RO          305    .text.HAL_FLASHEx_Erase  stm32h7xx_hal_flash_ex.o
    0x08003660   0x08003660   0x0000001a   Code   RO          282    .text.HAL_FLASH_Lock  stm32h7xx_hal_flash.o
    0x0800367a   0x0800367a   0x00000006   PAD
    0x08003680   0x08003680   0x00000136   Code   RO          268    .text.HAL_FLASH_Program  stm32h7xx_hal_flash.o
    0x080037b6   0x080037b6   0x00000002   PAD
    0x080037b8   0x080037b8   0x00000030   Code   RO          280    .text.HAL_FLASH_Unlock  stm32h7xx_hal_flash.o
    0x080037e8   0x080037e8   0x00000016   Code   RO         1652    .text.HAL_GPIO_EXTI_Callback  imu_temp_ctrl.o
    0x080037fe   0x080037fe   0x00000002   PAD
    0x08003800   0x08003800   0x00000014   Code   RO          341    .text.HAL_GPIO_EXTI_IRQHandler  stm32h7xx_hal_gpio.o
    0x08003814   0x08003814   0x00000004   PAD
    0x08003818   0x08003818   0x000001a4   Code   RO          329    .text.HAL_GPIO_Init  stm32h7xx_hal_gpio.o
    0x080039bc   0x080039bc   0x00000004   PAD
    0x080039c0   0x080039c0   0x0000000a   Code   RO          335    .text.HAL_GPIO_WritePin  stm32h7xx_hal_gpio.o
    0x080039ca   0x080039ca   0x00000006   PAD
    0x080039d0   0x080039d0   0x0000000c   Code   RO          629    .text.HAL_GetTick   stm32h7xx_hal.o
    0x080039dc   0x080039dc   0x00000004   PAD
    0x080039e0   0x080039e0   0x0000001a   Code   RO          627    .text.HAL_IncTick   stm32h7xx_hal.o
    0x080039fa   0x080039fa   0x00000006   PAD
    0x08003a00   0x08003a00   0x00000064   Code   RO          617    .text.HAL_Init      stm32h7xx_hal.o
    0x08003a64   0x08003a64   0x00000004   PAD
    0x08003a68   0x08003a68   0x00000058   Code   RO          619    .text.HAL_InitTick  stm32h7xx_hal.o
    0x08003ac0   0x08003ac0   0x00000020   Code   RO          112    .text.HAL_MspInit   stm32h7xx_hal_msp.o
    0x08003ae0   0x08003ae0   0x00000022   Code   RO          124    .text.HAL_NVIC_EnableIRQ  stm32h7xx_hal_cortex.o
    0x08003b02   0x08003b02   0x00000006   PAD
    0x08003b08   0x08003b08   0x0000005a   Code   RO          122    .text.HAL_NVIC_SetPriority  stm32h7xx_hal_cortex.o
    0x08003b62   0x08003b62   0x00000006   PAD
    0x08003b68   0x08003b68   0x00000020   Code   RO          120    .text.HAL_NVIC_SetPriorityGrouping  stm32h7xx_hal_cortex.o
    0x08003b88   0x08003b88   0x00000026   Code   RO         1459    .text.HAL_PCDEx_ActivateLPM  stm32h7xx_hal_pcd_ex.o
    0x08003bae   0x08003bae   0x00000002   PAD
    0x08003bb0   0x08003bb0   0x00000002   Code   RO         1471    .text.HAL_PCDEx_LPM_Callback  stm32h7xx_hal_pcd_ex.o
    0x08003bb2   0x08003bb2   0x00000006   PAD
    0x08003bb8   0x08003bb8   0x00000008   Code   RO         1457    .text.HAL_PCDEx_SetRxFiFo  stm32h7xx_hal_pcd_ex.o
    0x08003bc0   0x08003bc0   0x000000d2   Code   RO         1455    .text.HAL_PCDEx_SetTxFiFo  stm32h7xx_hal_pcd_ex.o
    0x08003c92   0x08003c92   0x00000006   PAD
    0x08003c98   0x08003c98   0x00000008   Code   RO         1901    .text.HAL_PCD_ConnectCallback  usbd_conf.o
    0x08003ca0   0x08003ca0   0x00000012   Code   RO         1887    .text.HAL_PCD_DataInStageCallback  usbd_conf.o
    0x08003cb2   0x08003cb2   0x00000006   PAD
    0x08003cb8   0x08003cb8   0x00000014   Code   RO         1885    .text.HAL_PCD_DataOutStageCallback  usbd_conf.o
    0x08003ccc   0x08003ccc   0x00000004   PAD
    0x08003cd0   0x08003cd0   0x00000008   Code   RO         1903    .text.HAL_PCD_DisconnectCallback  usbd_conf.o
    0x08003cd8   0x08003cd8   0x0000004e   Code   RO         1425    .text.HAL_PCD_EP_Close  stm32h7xx_hal_pcd.o
    0x08003d26   0x08003d26   0x00000002   PAD
    0x08003d28   0x08003d28   0x00000058   Code   RO         1435    .text.HAL_PCD_EP_ClrStall  stm32h7xx_hal_pcd.o
    0x08003d80   0x08003d80   0x00000012   Code   RO         1429    .text.HAL_PCD_EP_GetRxCount  stm32h7xx_hal_pcd.o
    0x08003d92   0x08003d92   0x00000006   PAD
    0x08003d98   0x08003d98   0x00000078   Code   RO         1423    .text.HAL_PCD_EP_Open  stm32h7xx_hal_pcd.o
    0x08003e10   0x08003e10   0x00000038   Code   RO         1427    .text.HAL_PCD_EP_Receive  stm32h7xx_hal_pcd.o
    0x08003e48   0x08003e48   0x0000006e   Code   RO         1433    .text.HAL_PCD_EP_SetStall  stm32h7xx_hal_pcd.o
    0x08003eb6   0x08003eb6   0x00000002   PAD
    0x08003eb8   0x08003eb8   0x0000003e   Code   RO         1431    .text.HAL_PCD_EP_Transmit  stm32h7xx_hal_pcd.o
    0x08003ef6   0x08003ef6   0x00000002   PAD
    0x08003ef8   0x08003ef8   0x00000938   Code   RO         1391    .text.HAL_PCD_IRQHandler  stm32h7xx_hal_pcd.o
    0x08004830   0x08004830   0x00000008   Code   RO         1899    .text.HAL_PCD_ISOINIncompleteCallback  usbd_conf.o
    0x08004838   0x08004838   0x00000008   Code   RO         1897    .text.HAL_PCD_ISOOUTIncompleteCallback  usbd_conf.o
    0x08004840   0x08004840   0x000001bc   Code   RO         1379    .text.HAL_PCD_Init  stm32h7xx_hal_pcd.o
    0x080049fc   0x080049fc   0x00000004   PAD
    0x08004a00   0x08004a00   0x0000008e   Code   RO         1879    .text.HAL_PCD_MspInit  usbd_conf.o
    0x08004a8e   0x08004a8e   0x00000002   PAD
    0x08004a90   0x08004a90   0x0000002a   Code   RO         1891    .text.HAL_PCD_ResetCallback  usbd_conf.o
    0x08004aba   0x08004aba   0x00000006   PAD
    0x08004ac0   0x08004ac0   0x00000008   Code   RO         1895    .text.HAL_PCD_ResumeCallback  usbd_conf.o
    0x08004ac8   0x08004ac8   0x00000008   Code   RO         1889    .text.HAL_PCD_SOFCallback  usbd_conf.o
    0x08004ad0   0x08004ad0   0x0000002a   Code   RO         1421    .text.HAL_PCD_SetAddress  stm32h7xx_hal_pcd.o
    0x08004afa   0x08004afa   0x00000006   PAD
    0x08004b00   0x08004b00   0x0000000e   Code   RO         1883    .text.HAL_PCD_SetupStageCallback  usbd_conf.o
    0x08004b0e   0x08004b0e   0x00000002   PAD
    0x08004b10   0x08004b10   0x0000003e   Code   RO         1387    .text.HAL_PCD_Start  stm32h7xx_hal_pcd.o
    0x08004b4e   0x08004b4e   0x00000002   PAD
    0x08004b50   0x08004b50   0x00000034   Code   RO         1893    .text.HAL_PCD_SuspendCallback  usbd_conf.o
    0x08004b84   0x08004b84   0x00000004   PAD
    0x08004b88   0x08004b88   0x00000048   Code   RO          533    .text.HAL_PWREx_ConfigSupply  stm32h7xx_hal_pwr_ex.o
    0x08004bd0   0x08004bd0   0x00000012   Code   RO          583    .text.HAL_PWREx_EnableUSBVoltageDetector  stm32h7xx_hal_pwr_ex.o
    0x08004be2   0x08004be2   0x00000006   PAD
    0x08004be8   0x08004be8   0x00000946   Code   RO          204    .text.HAL_RCCEx_PeriphCLKConfig  stm32h7xx_hal_rcc_ex.o
    0x0800552e   0x0800552e   0x00000002   PAD
    0x08005530   0x08005530   0x0000024c   Code   RO          172    .text.HAL_RCC_ClockConfig  stm32h7xx_hal_rcc.o
    0x0800577c   0x0800577c   0x00000004   PAD
    0x08005780   0x08005780   0x0000004c   Code   RO          182    .text.HAL_RCC_GetHCLKFreq  stm32h7xx_hal_rcc.o
    0x080057cc   0x080057cc   0x00000004   PAD
    0x080057d0   0x080057d0   0x0000010c   Code   RO          174    .text.HAL_RCC_GetSysClockFreq  stm32h7xx_hal_rcc.o
    0x080058dc   0x080058dc   0x00000004   PAD
    0x080058e0   0x080058e0   0x00000514   Code   RO          170    .text.HAL_RCC_OscConfig  stm32h7xx_hal_rcc.o
    0x08005df4   0x08005df4   0x00000004   PAD
    0x08005df8   0x08005df8   0x00000002   Code   RO         1006    .text.HAL_SPI_ErrorCallback  stm32h7xx_hal_spi.o
    0x08005dfa   0x08005dfa   0x00000006   PAD
    0x08005e00   0x08005e00   0x0000023a   Code   RO         1002    .text.HAL_SPI_IRQHandler  stm32h7xx_hal_spi.o
    0x0800603a   0x0800603a   0x00000006   PAD
    0x08006040   0x08006040   0x000001b4   Code   RO          932    .text.HAL_SPI_Init  stm32h7xx_hal_spi.o
    0x080061f4   0x080061f4   0x00000004   PAD
    0x080061f8   0x080061f8   0x0000015c   Code   RO           45    .text.HAL_SPI_MspInit  spi.o
    0x08006354   0x08006354   0x00000004   PAD
    0x08006358   0x08006358   0x00000002   Code   RO         1010    .text.HAL_SPI_RxCpltCallback  stm32h7xx_hal_spi.o
    0x0800635a   0x0800635a   0x00000006   PAD
    0x08006360   0x08006360   0x00000002   Code   RO         1004    .text.HAL_SPI_SuspendCallback  stm32h7xx_hal_spi.o
    0x08006362   0x08006362   0x00000006   PAD
    0x08006368   0x08006368   0x00000272   Code   RO          946    .text.HAL_SPI_TransmitReceive  stm32h7xx_hal_spi.o
    0x080065da   0x080065da   0x00000006   PAD
    0x080065e0   0x080065e0   0x00000002   Code   RO         1012    .text.HAL_SPI_TxCpltCallback  stm32h7xx_hal_spi.o
    0x080065e2   0x080065e2   0x00000006   PAD
    0x080065e8   0x080065e8   0x00000002   Code   RO         1008    .text.HAL_SPI_TxRxCpltCallback  stm32h7xx_hal_spi.o
    0x080065ea   0x080065ea   0x00000006   PAD
    0x080065f0   0x080065f0   0x0000002c   Code   RO          132    .text.HAL_SYSTICK_Config  stm32h7xx_hal_cortex.o
    0x0800661c   0x0800661c   0x00000004   PAD
    0x08006620   0x08006620   0x000000de   Code   RO         1343    .text.HAL_TIMEx_MasterConfigSynchronization  stm32h7xx_hal_tim_ex.o
    0x080066fe   0x080066fe   0x00000002   PAD
    0x08006700   0x08006700   0x0000049c   Code   RO         1202    .text.HAL_TIM_PWM_ConfigChannel  stm32h7xx_hal_tim.o
    0x08006b9c   0x08006b9c   0x00000004   PAD
    0x08006ba0   0x08006ba0   0x00000060   Code   RO         1102    .text.HAL_TIM_PWM_Init  stm32h7xx_hal_tim.o
    0x08006c00   0x08006c00   0x00000030   Code   RO           64    .text.HAL_TIM_PWM_MspInit  tim.o
    0x08006c30   0x08006c30   0x00000164   Code   RO         1110    .text.HAL_TIM_PWM_Start  stm32h7xx_hal_tim.o
    0x08006d94   0x08006d94   0x00000004   PAD
    0x08006d98   0x08006d98   0x00000002   Code   RO           79    .text.HardFault_Handler  stm32h7xx_it.o
    0x08006d9a   0x08006d9a   0x00000006   PAD
    0x08006da0   0x08006da0   0x00000028   Code   RO         1646    .text.IMU_TempCtrl_Init  imu_temp_ctrl.o
    0x08006dc8   0x08006dc8   0x000004d4   Code   RO         1648    .text.IMU_TempCtrl_Loop  imu_temp_ctrl.o
    0x0800729c   0x0800729c   0x00000004   PAD
    0x080072a0   0x080072a0   0x00000044   Code   RO           34    .text.MX_DMA_Init   dma.o
    0x080072e4   0x080072e4   0x00000004   PAD
    0x080072e8   0x080072e8   0x000000de   Code   RO           25    .text.MX_GPIO_Init  gpio.o
    0x080073c6   0x080073c6   0x00000002   PAD
    0x080073c8   0x080073c8   0x00000062   Code   RO           43    .text.MX_SPI2_Init  spi.o
    0x0800742a   0x0800742a   0x00000006   PAD
    0x08007430   0x08007430   0x000000c8   Code   RO           60    .text.MX_TIM3_Init  tim.o
    0x080074f8   0x080074f8   0x0000006c   Code   RO         1817    .text.MX_USB_DEVICE_Init  usb_device.o
    0x08007564   0x08007564   0x00000004   PAD
    0x08007568   0x08007568   0x00000002   Code   RO           81    .text.MemManage_Handler  stm32h7xx_it.o
    0x0800756a   0x0800756a   0x00000006   PAD
    0x08007570   0x08007570   0x00000002   Code   RO           77    .text.NMI_Handler   stm32h7xx_it.o
    0x08007572   0x08007572   0x00000006   PAD
    0x08007578   0x08007578   0x0000000c   Code   RO          103    .text.OTG_HS_IRQHandler  stm32h7xx_it.o
    0x08007584   0x08007584   0x00000004   PAD
    0x08007588   0x08007588   0x00000002   Code   RO           91    .text.PendSV_Handler  stm32h7xx_it.o
    0x0800758a   0x0800758a   0x00000006   PAD
    0x08007590   0x08007590   0x0000011e   Code   RO          206    .text.RCCEx_PLL2_Config  stm32h7xx_hal_rcc_ex.o
    0x080076ae   0x080076ae   0x00000002   PAD
    0x080076b0   0x080076b0   0x0000011e   Code   RO          208    .text.RCCEx_PLL3_Config  stm32h7xx_hal_rcc_ex.o
    0x080077ce   0x080077ce   0x00000002   PAD
    0x080077d0   0x080077d0   0x0000000c   Code   RO           99    .text.SPI2_IRQHandler  stm32h7xx_it.o
    0x080077dc   0x080077dc   0x00000004   PAD
    0x080077e0   0x080077e0   0x000000c4   Code   RO          942    .text.SPI_CloseTransfer  stm32h7xx_hal_spi.o
    0x080078a4   0x080078a4   0x00000004   PAD
    0x080078a8   0x080078a8   0x00000016   Code   RO         1014    .text.SPI_DMAAbortOnError  stm32h7xx_hal_spi.o
    0x080078be   0x080078be   0x00000002   PAD
    0x080078c0   0x080078c0   0x00000002   Code   RO           87    .text.SVC_Handler   stm32h7xx_it.o
    0x080078c2   0x080078c2   0x00000006   PAD
    0x080078c8   0x080078c8   0x00000004   Code   RO           93    .text.SysTick_Handler  stm32h7xx_it.o
    0x080078cc   0x080078cc   0x00000004   PAD
    0x080078d0   0x080078d0   0x000000c6   Code   RO           13    .text.SystemClock_Config  main.o
    0x08007996   0x08007996   0x00000002   PAD
    0x08007998   0x08007998   0x000000b0   Code   RO         1585    .text.SystemInit    system_stm32h7xx.o
    0x08007a48   0x08007a48   0x00000154   Code   RO         1052    .text.TIM_Base_SetConfig  stm32h7xx_hal_tim.o
    0x08007b9c   0x08007b9c   0x00000004   PAD
    0x08007ba0   0x08007ba0   0x00000072   Code   RO         2058    .text.USBD_CDC_DataIn  usbd_cdc.o
    0x08007c12   0x08007c12   0x00000006   PAD
    0x08007c18   0x08007c18   0x0000003a   Code   RO         2060    .text.USBD_CDC_DataOut  usbd_cdc.o
    0x08007c52   0x08007c52   0x00000006   PAD
    0x08007c58   0x08007c58   0x0000005a   Code   RO         2052    .text.USBD_CDC_DeInit  usbd_cdc.o
    0x08007cb2   0x08007cb2   0x00000006   PAD
    0x08007cb8   0x08007cb8   0x00000036   Code   RO         2056    .text.USBD_CDC_EP0_RxReady  usbd_cdc.o
    0x08007cee   0x08007cee   0x00000002   PAD
    0x08007cf0   0x08007cf0   0x00000010   Code   RO         2068    .text.USBD_CDC_GetDeviceQualifierDescriptor  usbd_cdc.o
    0x08007d00   0x08007d00   0x00000052   Code   RO         2064    .text.USBD_CDC_GetFSCfgDesc  usbd_cdc.o
    0x08007d52   0x08007d52   0x00000006   PAD
    0x08007d58   0x08007d58   0x00000056   Code   RO         2062    .text.USBD_CDC_GetHSCfgDesc  usbd_cdc.o
    0x08007dae   0x08007dae   0x00000002   PAD
    0x08007db0   0x08007db0   0x00000052   Code   RO         2066    .text.USBD_CDC_GetOtherSpeedCfgDesc  usbd_cdc.o
    0x08007e02   0x08007e02   0x00000006   PAD
    0x08007e08   0x08007e08   0x000000cc   Code   RO         2050    .text.USBD_CDC_Init  usbd_cdc.o
    0x08007ed4   0x08007ed4   0x00000004   PAD
    0x08007ed8   0x08007ed8   0x00000030   Code   RO         2078    .text.USBD_CDC_ReceivePacket  usbd_cdc.o
    0x08007f08   0x08007f08   0x00000016   Code   RO         2070    .text.USBD_CDC_RegisterInterface  usbd_cdc.o
    0x08007f1e   0x08007f1e   0x00000002   PAD
    0x08007f20   0x08007f20   0x0000001a   Code   RO         2074    .text.USBD_CDC_SetRxBuffer  usbd_cdc.o
    0x08007f3a   0x08007f3a   0x00000006   PAD
    0x08007f40   0x08007f40   0x0000001e   Code   RO         2072    .text.USBD_CDC_SetTxBuffer  usbd_cdc.o
    0x08007f5e   0x08007f5e   0x00000002   PAD
    0x08007f60   0x08007f60   0x000000d0   Code   RO         2054    .text.USBD_CDC_Setup  usbd_cdc.o
    0x08008030   0x08008030   0x00000042   Code   RO         2076    .text.USBD_CDC_TransmitPacket  usbd_cdc.o
    0x08008072   0x08008072   0x00000006   PAD
    0x08008078   0x08008078   0x00000012   Code   RO         1965    .text.USBD_ClrClassConfig  usbd_core.o
    0x0800808a   0x0800808a   0x00000006   PAD
    0x08008090   0x08008090   0x00000004   Code   RO         1973    .text.USBD_CoreFindEP  usbd_core.o
    0x08008094   0x08008094   0x00000004   PAD
    0x08008098   0x08008098   0x00000004   Code   RO         1971    .text.USBD_CoreFindIF  usbd_core.o
    0x0800809c   0x0800809c   0x00000004   PAD
    0x080080a0   0x080080a0   0x00000010   Code   RO         2034    .text.USBD_CtlContinueRx  usbd_ioreq.o
    0x080080b0   0x080080b0   0x00000010   Code   RO         2030    .text.USBD_CtlContinueSendData  usbd_ioreq.o
    0x080080c0   0x080080c0   0x00000016   Code   RO         2009    .text.USBD_CtlError  usbd_ctlreq.o
    0x080080d6   0x080080d6   0x00000002   PAD
    0x080080d8   0x080080d8   0x0000001e   Code   RO         2032    .text.USBD_CtlPrepareRx  usbd_ioreq.o
    0x080080f6   0x080080f6   0x00000002   PAD
    0x080080f8   0x080080f8   0x00000016   Code   RO         2038    .text.USBD_CtlReceiveStatus  usbd_ioreq.o
    0x0800810e   0x0800810e   0x00000002   PAD
    0x08008110   0x08008110   0x0000001a   Code   RO         2028    .text.USBD_CtlSendData  usbd_ioreq.o
    0x0800812a   0x0800812a   0x00000006   PAD
    0x08008130   0x08008130   0x00000016   Code   RO         2036    .text.USBD_CtlSendStatus  usbd_ioreq.o
    0x08008146   0x08008146   0x00000002   PAD
    0x08008148   0x08008148   0x00000082   Code   RO         1995    .text.USBD_GetEpDesc  usbd_core.o
    0x080081ca   0x080081ca   0x00000006   PAD
    0x080081d0   0x080081d0   0x000000d6   Code   RO         2017    .text.USBD_GetString  usbd_ctlreq.o
    0x080082a6   0x080082a6   0x00000002   PAD
    0x080082a8   0x080082a8   0x00000024   Code   RO         1859    .text.USBD_HS_ConfigStrDescriptor  usbd_desc.o
    0x080082cc   0x080082cc   0x00000004   PAD
    0x080082d0   0x080082d0   0x0000000e   Code   RO         1849    .text.USBD_HS_DeviceDescriptor  usbd_desc.o
    0x080082de   0x080082de   0x00000002   PAD
    0x080082e0   0x080082e0   0x00000028   Code   RO         1861    .text.USBD_HS_InterfaceStrDescriptor  usbd_desc.o
    0x08008308   0x08008308   0x0000000e   Code   RO         1851    .text.USBD_HS_LangIDStrDescriptor  usbd_desc.o
    0x08008316   0x08008316   0x00000002   PAD
    0x08008318   0x08008318   0x0000002c   Code   RO         1853    .text.USBD_HS_ManufacturerStrDescriptor  usbd_desc.o
    0x08008344   0x08008344   0x00000004   PAD
    0x08008348   0x08008348   0x00000030   Code   RO         1855    .text.USBD_HS_ProductStrDescriptor  usbd_desc.o
    0x08008378   0x08008378   0x0000016c   Code   RO         1857    .text.USBD_HS_SerialStrDescriptor  usbd_desc.o
    0x080084e4   0x080084e4   0x00000004   PAD
    0x080084e8   0x080084e8   0x00000028   Code   RO         1951    .text.USBD_Init     usbd_core.o
    0x08008510   0x08008510   0x00000022   Code   RO         1923    .text.USBD_LL_ClearStallEP  usbd_conf.o
    0x08008532   0x08008532   0x00000006   PAD
    0x08008538   0x08008538   0x00000022   Code   RO         1917    .text.USBD_LL_CloseEP  usbd_conf.o
    0x0800855a   0x0800855a   0x00000006   PAD
    0x08008560   0x08008560   0x000000b0   Code   RO         1975    .text.USBD_LL_DataInStage  usbd_core.o
    0x08008610   0x08008610   0x00000070   Code   RO         1969    .text.USBD_LL_DataOutStage  usbd_core.o
    0x08008680   0x08008680   0x00000004   Code   RO         1991    .text.USBD_LL_DevConnected  usbd_core.o
    0x08008684   0x08008684   0x00000004   PAD
    0x08008688   0x08008688   0x00000020   Code   RO         1993    .text.USBD_LL_DevDisconnected  usbd_core.o
    0x080086a8   0x080086a8   0x00000008   Code   RO         1933    .text.USBD_LL_GetRxDataSize  usbd_conf.o
    0x080086b0   0x080086b0   0x00000076   Code   RO         1905    .text.USBD_LL_Init  usbd_conf.o
    0x08008726   0x08008726   0x00000002   PAD
    0x08008728   0x08008728   0x0000002a   Code   RO         1925    .text.USBD_LL_IsStallEP  usbd_conf.o
    0x08008752   0x08008752   0x00000006   PAD
    0x08008758   0x08008758   0x0000002a   Code   RO         1987    .text.USBD_LL_IsoINIncomplete  usbd_core.o
    0x08008782   0x08008782   0x00000006   PAD
    0x08008788   0x08008788   0x0000002a   Code   RO         1989    .text.USBD_LL_IsoOUTIncomplete  usbd_core.o
    0x080087b2   0x080087b2   0x00000006   PAD
    0x080087b8   0x080087b8   0x00000028   Code   RO         1915    .text.USBD_LL_OpenEP  usbd_conf.o
    0x080087e0   0x080087e0   0x00000022   Code   RO         1931    .text.USBD_LL_PrepareReceive  usbd_conf.o
    0x08008802   0x08008802   0x00000006   PAD
    0x08008808   0x08008808   0x00000060   Code   RO         1977    .text.USBD_LL_Reset  usbd_core.o
    0x08008868   0x08008868   0x00000014   Code   RO         1983    .text.USBD_LL_Resume  usbd_core.o
    0x0800887c   0x0800887c   0x00000004   PAD
    0x08008880   0x08008880   0x0000001e   Code   RO         1985    .text.USBD_LL_SOF   usbd_core.o
    0x0800889e   0x0800889e   0x00000002   PAD
    0x080088a0   0x080088a0   0x00000008   Code   RO         1979    .text.USBD_LL_SetSpeed  usbd_core.o
    0x080088a8   0x080088a8   0x00000022   Code   RO         1927    .text.USBD_LL_SetUSBAddress  usbd_conf.o
    0x080088ca   0x080088ca   0x00000006   PAD
    0x080088d0   0x080088d0   0x00000060   Code   RO         1967    .text.USBD_LL_SetupStage  usbd_core.o
    0x08008930   0x08008930   0x00000022   Code   RO         1921    .text.USBD_LL_StallEP  usbd_conf.o
    0x08008952   0x08008952   0x00000006   PAD
    0x08008958   0x08008958   0x00000022   Code   RO         1911    .text.USBD_LL_Start  usbd_conf.o
    0x0800897a   0x0800897a   0x00000006   PAD
    0x08008980   0x08008980   0x0000001c   Code   RO         1981    .text.USBD_LL_Suspend  usbd_core.o
    0x0800899c   0x0800899c   0x00000004   PAD
    0x080089a0   0x080089a0   0x00000022   Code   RO         1929    .text.USBD_LL_Transmit  usbd_conf.o
    0x080089c2   0x080089c2   0x00000006   PAD
    0x080089c8   0x080089c8   0x00000016   Code   RO         2015    .text.USBD_ParseSetupRequest  usbd_ctlreq.o
    0x080089de   0x080089de   0x00000002   PAD
    0x080089e0   0x080089e0   0x00000044   Code   RO         1955    .text.USBD_RegisterClass  usbd_core.o
    0x08008a24   0x08008a24   0x00000004   PAD
    0x08008a28   0x08008a28   0x0000000e   Code   RO         1963    .text.USBD_SetClassConfig  usbd_core.o
    0x08008a36   0x08008a36   0x00000002   PAD
    0x08008a38   0x08008a38   0x00000004   Code   RO         1957    .text.USBD_Start    usbd_core.o
    0x08008a3c   0x08008a3c   0x00000004   PAD
    0x08008a40   0x08008a40   0x00000348   Code   RO         2007    .text.USBD_StdDevReq  usbd_ctlreq.o
    0x08008d88   0x08008d88   0x00000148   Code   RO         2013    .text.USBD_StdEPReq  usbd_ctlreq.o
    0x08008ed0   0x08008ed0   0x00000076   Code   RO         2011    .text.USBD_StdItfReq  usbd_ctlreq.o
    0x08008f46   0x08008f46   0x00000002   PAD
    0x08008f48   0x08008f48   0x00000002   Code   RO         1937    .text.USBD_static_free  usbd_conf.o
    0x08008f4a   0x08008f4a   0x00000006   PAD
    0x08008f50   0x08008f50   0x0000000a   Code   RO         1935    .text.USBD_static_malloc  usbd_conf.o
    0x08008f5a   0x08008f5a   0x00000006   PAD
    0x08008f60   0x08008f60   0x00000086   Code   RO         1503    .text.USB_ActivateEndpoint  stm32h7xx_ll_usb.o
    0x08008fe6   0x08008fe6   0x00000002   PAD
    0x08008fe8   0x08008fe8   0x00000020   Code   RO         1545    .text.USB_ActivateSetup  stm32h7xx_ll_usb.o
    0x08009008   0x08009008   0x000001f4   Code   RO         1481    .text.USB_CoreInit  stm32h7xx_ll_usb.o
    0x080091fc   0x080091fc   0x00000004   PAD
    0x08009200   0x08009200   0x0000007a   Code   RO         1507    .text.USB_DeactivateEndpoint  stm32h7xx_ll_usb.o
    0x0800927a   0x0800927a   0x00000006   PAD
    0x08009280   0x08009280   0x0000001e   Code   RO         1527    .text.USB_DevConnect  stm32h7xx_ll_usb.o
    0x0800929e   0x0800929e   0x00000002   PAD
    0x080092a0   0x080092a0   0x0000001e   Code   RO         1529    .text.USB_DevDisconnect  stm32h7xx_ll_usb.o
    0x080092be   0x080092be   0x00000002   PAD
    0x080092c0   0x080092c0   0x00000488   Code   RO         1493    .text.USB_DevInit   stm32h7xx_ll_usb.o
    0x08009748   0x08009748   0x0000000e   Code   RO         1487    .text.USB_DisableGlobalInt  stm32h7xx_ll_usb.o
    0x08009756   0x08009756   0x00000002   PAD
    0x08009758   0x08009758   0x0000005a   Code   RO         1547    .text.USB_EP0_OutStart  stm32h7xx_ll_usb.o
    0x080097b2   0x080097b2   0x00000006   PAD
    0x080097b8   0x080097b8   0x00000050   Code   RO         1521    .text.USB_EPClearStall  stm32h7xx_ll_usb.o
    0x08009808   0x08009808   0x0000003e   Code   RO         1519    .text.USB_EPSetStall  stm32h7xx_ll_usb.o
    0x08009846   0x08009846   0x00000002   PAD
    0x08009848   0x08009848   0x00000212   Code   RO         1511    .text.USB_EPStartXfer  stm32h7xx_ll_usb.o
    0x08009a5a   0x08009a5a   0x00000006   PAD
    0x08009a60   0x08009a60   0x0000010a   Code   RO         1515    .text.USB_EPStopXfer  stm32h7xx_ll_usb.o
    0x08009b6a   0x08009b6a   0x00000006   PAD
    0x08009b70   0x08009b70   0x0000000e   Code   RO         1485    .text.USB_EnableGlobalInt  stm32h7xx_ll_usb.o
    0x08009b7e   0x08009b7e   0x00000002   PAD
    0x08009b80   0x08009b80   0x000000b6   Code   RO         1497    .text.USB_FlushTxFifo  stm32h7xx_ll_usb.o
    0x08009c36   0x08009c36   0x00000002   PAD
    0x08009c38   0x08009c38   0x0000001a   Code   RO         1501    .text.USB_GetDevSpeed  stm32h7xx_ll_usb.o
    0x08009c52   0x08009c52   0x00000006   PAD
    0x08009c58   0x08009c58   0x00000008   Code   RO         1491    .text.USB_GetMode   stm32h7xx_ll_usb.o
    0x08009c60   0x08009c60   0x0000000e   Code   RO         1537    .text.USB_ReadDevAllInEpInterrupt  stm32h7xx_ll_usb.o
    0x08009c6e   0x08009c6e   0x00000002   PAD
    0x08009c70   0x08009c70   0x0000000e   Code   RO         1535    .text.USB_ReadDevAllOutEpInterrupt  stm32h7xx_ll_usb.o
    0x08009c7e   0x08009c7e   0x00000002   PAD
    0x08009c80   0x08009c80   0x00000024   Code   RO         1541    .text.USB_ReadDevInEPInterrupt  stm32h7xx_ll_usb.o
    0x08009ca4   0x08009ca4   0x00000004   PAD
    0x08009ca8   0x08009ca8   0x00000010   Code   RO         1539    .text.USB_ReadDevOutEPInterrupt  stm32h7xx_ll_usb.o
    0x08009cb8   0x08009cb8   0x00000008   Code   RO         1531    .text.USB_ReadInterrupts  stm32h7xx_ll_usb.o
    0x08009cc0   0x08009cc0   0x000000aa   Code   RO         1517    .text.USB_ReadPacket  stm32h7xx_ll_usb.o
    0x08009d6a   0x08009d6a   0x00000006   PAD
    0x08009d70   0x08009d70   0x00000064   Code   RO         1489    .text.USB_SetCurrentMode  stm32h7xx_ll_usb.o
    0x08009dd4   0x08009dd4   0x00000004   PAD
    0x08009dd8   0x08009dd8   0x00000022   Code   RO         1525    .text.USB_SetDevAddress  stm32h7xx_ll_usb.o
    0x08009dfa   0x08009dfa   0x00000006   PAD
    0x08009e00   0x08009e00   0x00000110   Code   RO         1483    .text.USB_SetTurnaroundTime  stm32h7xx_ll_usb.o
    0x08009f10   0x08009f10   0x00000078   Code   RO         1513    .text.USB_WritePacket  stm32h7xx_ll_usb.o
    0x08009f88   0x08009f88   0x00000002   Code   RO           85    .text.UsageFault_Handler  stm32h7xx_it.o
    0x08009f8a   0x08009f8a   0x00000006   PAD
    0x08009f90   0x08009f90   0x00000118   Code   RO         1602    .text.bmi088_accel_init  bmi088driver.o
    0x0800a0a8   0x0800a0a8   0x00000212   Code   RO         1604    .text.bmi088_gyro_init  bmi088driver.o
    0x0800a2ba   0x0800a2ba   0x00000006   PAD
    0x0800a2c0   0x0800a2c0   0x0000017e   Code   RO         1699    .text.crc16_ccitt_calc  crc16_ccitt.o
    0x0800a43e   0x0800a43e   0x00000002   PAD
    0x0800a440   0x0800a440   0x0000008e   Code   RO         1771    .text.enqueue_frame  msg_server.o
    0x0800a4ce   0x0800a4ce   0x00000002   PAD
    0x0800a4d0   0x0800a4d0   0x000000e8   Code   RO         1745    .text.flash_read_imu_config  imu_flash.o
    0x0800a5b8   0x0800a5b8   0x0000010e   Code   RO         1749    .text.flash_read_or_init_imu_config  imu_flash.o
    0x0800a6c6   0x0800a6c6   0x00000002   PAD
    0x0800a6c8   0x0800a6c8   0x000002a2   Code   RO         1747    .text.flash_write_imu_config  imu_flash.o
    0x0800a96a   0x0800a96a   0x00000006   PAD
    0x0800a970   0x0800a970   0x00000044   Code   RO         1729    .text.h_get_calibration_mode  imu_commands.o
    0x0800a9b4   0x0800a9b4   0x00000004   PAD
    0x0800a9b8   0x0800a9b8   0x00000048   Code   RO         1725    .text.h_get_imu_config  imu_commands.o
    0x0800aa00   0x0800aa00   0x00000030   Code   RO         1721    .text.h_heartbeat   imu_commands.o
    0x0800aa30   0x0800aa30   0x00000052   Code   RO         1727    .text.h_set_calibration_mode  imu_commands.o
    0x0800aa82   0x0800aa82   0x00000006   PAD
    0x0800aa88   0x0800aa88   0x000000bc   Code   RO         1723    .text.h_set_imu_config  imu_commands.o
    0x0800ab44   0x0800ab44   0x00000004   PAD
    0x0800ab48   0x0800ab48   0x0000004c   Code   RO         1719    .text.imu_commands_register  imu_commands.o
    0x0800ab94   0x0800ab94   0x00000004   PAD
    0x0800ab98   0x0800ab98   0x0000000c   Code   RO         1717    .text.imu_get_calibration_mode  imu_commands.o
    0x0800aba4   0x0800aba4   0x00000004   PAD
    0x0800aba8   0x0800aba8   0x0000002e   Code   RO         1713    .text.imu_is_suspended  imu_commands.o
    0x0800abd6   0x0800abd6   0x00000002   PAD
    0x0800abd8   0x0800abd8   0x0000004a   Code   RO           11    .text.main          main.o
    0x0800ac22   0x0800ac22   0x00000006   PAD
    0x0800ac28   0x0800ac28   0x00000044   Code   RO         1759    .text.msg_server_init  msg_server.o
    0x0800ac6c   0x0800ac6c   0x00000004   PAD
    0x0800ac70   0x0800ac70   0x000000c6   Code   RO         1769    .text.msg_server_input_from_port  msg_server.o
    0x0800ad36   0x0800ad36   0x00000002   PAD
    0x0800ad38   0x0800ad38   0x0000017c   Code   RO         1773    .text.msg_server_poll  msg_server.o
    0x0800aeb4   0x0800aeb4   0x00000004   PAD
    0x0800aeb8   0x0800aeb8   0x0000011e   Code   RO         1761    .text.msg_server_register_command  msg_server.o
    0x0800afd6   0x0800afd6   0x00000002   PAD
    0x0800afd8   0x0800afd8   0x00000012   Code   RO         1763    .text.msg_server_register_port_sender  msg_server.o
    0x0800afea   0x0800afea   0x00000006   PAD
    0x0800aff0   0x0800aff0   0x000000c2   Code   RO         1775    .text.msg_server_send_response  msg_server.o
    0x0800b0b2   0x0800b0b2   0x00000006   PAD
    0x0800b0b8   0x0800b0b8   0x00000018   Code   RO         1765    .text.msg_server_set_input_enabled  msg_server.o
    0x0800b0d0   0x0800b0d0   0x00000050   Code   RO         1794    .text.port_usb_init  port_usb.o
    0x0800b120   0x0800b120   0x0000015a   Code   RO         1798    .text.port_usb_on_receive  port_usb.o
    0x0800b27a   0x0800b27a   0x00000006   PAD
    0x0800b280   0x0800b280   0x0000014c   Code   RO         1800    .text.port_usb_process  port_usb.o
    0x0800b3cc   0x0800b3cc   0x00000004   PAD
    0x0800b3d0   0x0800b3d0   0x00000024   Code   RO         1796    .text.port_usb_send  port_usb.o
    0x0800b3f4   0x0800b3f4   0x00000026   Code   RO         2141    i.__ARM_fpclassifyf  m_wv.l(fpclassifyf.o)
    0x0800b41a   0x0800b41a   0x00000002   PAD
    0x0800b41c   0x0800b41c   0x000002ac   Code   RO         2110    i.__hardfp_atan2f   m_wv.l(atan2f.o)
    0x0800b6c8   0x0800b6c8   0x00000150   Code   RO         2116    i.__hardfp_cosf     m_wv.l(cosf.o)
    0x0800b818   0x0800b818   0x00000664   Code   RO         2122    i.__hardfp_powf     m_wv.l(powf.o)
    0x0800be7c   0x0800be7c   0x00000190   Code   RO         2129    i.__hardfp_sinf     m_wv.l(sinf.o)
    0x0800c00c   0x0800c00c   0x00000014   Code   RO         2143    i.__mathlib_flt_divzero  m_wv.l(funder.o)
    0x0800c020   0x0800c020   0x00000006   Code   RO         2144    i.__mathlib_flt_infnan  m_wv.l(funder.o)
    0x0800c026   0x0800c026   0x00000006   Code   RO         2145    i.__mathlib_flt_infnan2  m_wv.l(funder.o)
    0x0800c02c   0x0800c02c   0x00000010   Code   RO         2146    i.__mathlib_flt_invalid  m_wv.l(funder.o)
    0x0800c03c   0x0800c03c   0x00000010   Code   RO         2147    i.__mathlib_flt_overflow  m_wv.l(funder.o)
    0x0800c04c   0x0800c04c   0x00000010   Code   RO         2149    i.__mathlib_flt_underflow  m_wv.l(funder.o)
    0x0800c05c   0x0800c05c   0x00000154   Code   RO         2157    i.__mathlib_rredf2  m_wv.l(rredf.o)
    0x0800c1b0   0x0800c1b0   0x00000060   Code   RO         2102    x$fpl$ffltll        fz_wv.l(ffltll_clz.o)
    0x0800c210   0x0800c210   0x0000001a   Code   RO         2257    x$fpl$fpinit        fz_wv.l(fpinit.o)
    0x0800c22a   0x0800c22a   0x00000000   Code   RO         2140    x$fpl$usenofp       fz_wv.l(usenofp.o)
    0x0800c22a   0x0800c22a   0x00000002   PAD
    0x0800c22c   0x0800c22c   0x00000140   Data   RO         2125    .constdata          m_wv.l(powf.o)
    0x0800c36c   0x0800c36c   0x00000020   Data   RO         2158    .constdata          m_wv.l(rredf.o)
    0x0800c38c   0x0800c38c   0x00000010   Data   RO         1591    .rodata.D1CorePrescTable  system_stm32h7xx.o
    0x0800c39c   0x0800c39c   0x00000012   Data   RO         1610    .rodata.write_BMI088_accel_reg_data_error  bmi088driver.o
    0x0800c3ae   0x0800c3ae   0x00000012   Data   RO         1611    .rodata.write_BMI088_gyro_reg_data_error  bmi088driver.o
    0x0800c3c0   0x0800c3c0   0x00000020   Data   RO         2332    Region$$Table       anon$$obj.o


    Execution Region RW_IRAM1 (Exec base: 0x20000000, Load base: 0x0800c3e0, Size: 0x00000000, Max: 0x00020000, ABSOLUTE)

    **** No section assigned to this execution region ****


    Execution Region RW_IRAM2 (Exec base: 0x24000000, Load base: 0x0800c3e0, Size: 0x000059b0, Max: 0x00050000, ABSOLUTE, COMPRESSED[0x000000d8])

    Exec Addr    Load Addr    Size         Type   Attr      Idx    E Section Name        Object

    0x24000000   COMPRESSED   0x00000004   Data   RW         1608    .data.BMI088_ACCEL_SEN  bmi088driver.o
    0x24000004   COMPRESSED   0x00000004   Data   RW         1609    .data.BMI088_GYRO_SEN  bmi088driver.o
    0x24000008   COMPRESSED   0x00000020   Data   RW         1865    .data.HS_Desc       usbd_desc.o
    0x24000028   COMPRESSED   0x00000004   Data   RW         1589    .data.SystemCoreClock  system_stm32h7xx.o
    0x2400002c   COMPRESSED   0x00000004   Data   RW         1590    .data.SystemD2Clock  system_stm32h7xx.o
    0x24000030   COMPRESSED   0x00000038   Data   RW         2080    .data.USBD_CDC      usbd_cdc.o
    0x24000068   COMPRESSED   0x00000043   Data   RW         2082    .data.USBD_CDC_CfgDesc  usbd_cdc.o
    0x240000ab   COMPRESSED   0x00000001   PAD
    0x240000ac   COMPRESSED   0x0000000a   Data   RW         2081    .data.USBD_CDC_DeviceQualifierDesc  usbd_cdc.o
    0x240000b6   COMPRESSED   0x00000002   PAD
    0x240000b8   COMPRESSED   0x00000012   Data   RW         1866    .data.USBD_HS_DeviceDesc  usbd_desc.o
    0x240000ca   COMPRESSED   0x00000002   PAD
    0x240000cc   COMPRESSED   0x00000014   Data   RW         1838    .data.USBD_Interface_fops_HS  usbd_cdc_if.o
    0x240000e0   COMPRESSED   0x00000004   Data   RW         1868    .data.USBD_LangIDDesc  usbd_desc.o
    0x240000e4   COMPRESSED   0x0000001a   Data   RW         1869    .data.USBD_StringSerial  usbd_desc.o
    0x240000fe   COMPRESSED   0x00000002   PAD
    0x24000100   COMPRESSED   0x00000030   Data   RW         1655    .data.ekf_timing    imu_temp_ctrl.o
    0x24000130   COMPRESSED   0x00000001   Data   RW         1777    .data.g_device_id   msg_server.o
    0x24000131   COMPRESSED   0x00000001   Data   RW         1784    .data.s_port_input_enabled.0  msg_server.o
    0x24000132   COMPRESSED   0x00000001   Data   RW          726    .data.uwTickFreq    stm32h7xx_hal.o
    0x24000133   COMPRESSED   0x00000001   PAD
    0x24000134   COMPRESSED   0x00000004   Data   RW          725    .data.uwTickPrio    stm32h7xx_hal.o
    0x24000138        -       0x00000060   Zero   RW         2187    .bss                c_w.l(libspace.o)
    0x24000198        -       0x00000001   Zero   RW         2019    .bss.USBD_SetConfig.cfgidx  usbd_ctlreq.o
    0x24000199   COMPRESSED   0x00000003   PAD
    0x2400019c        -       0x00000200   Zero   RW         1870    .bss.USBD_StrDesc   usbd_desc.o
    0x2400039c        -       0x00000220   Zero   RW         1942    .bss.USBD_static_malloc.mem  usbd_conf.o
    0x240005bc        -       0x00000800   Zero   RW         1839    .bss.UserRxBufferHS  usbd_cdc_if.o
    0x24000dbc        -       0x00000800   Zero   RW         1840    .bss.UserTxBufferHS  usbd_cdc_if.o
    0x240015bc        -       0x0000000c   Zero   RW         1658    .bss.accel          imu_temp_ctrl.o
    0x240015c8        -       0x0000027c   Zero   RW         1663    .bss.ekf            imu_temp_ctrl.o
    0x24001844        -       0x00000001   Zero   RW         1662    .bss.ekf_initialized  imu_temp_ctrl.o
    0x24001845   COMPRESSED   0x00000003   PAD
    0x24001848        -       0x00000004   Zero   RW         1661    .bss.err            imu_temp_ctrl.o
    0x2400184c        -       0x00000004   Zero   RW         1660    .bss.err_l          imu_temp_ctrl.o
    0x24001850        -       0x00000001   Zero   RW         1654    .bss.forceStop      imu_temp_ctrl.o
    0x24001851   COMPRESSED   0x00000003   PAD
    0x24001854        -       0x000000c4   Zero   RW         1734    .bss.g_imu_config   imu_commands.o
    0x24001918        -       0x0000000c   Zero   RW         1657    .bss.gyro           imu_temp_ctrl.o
    0x24001924        -       0x000002dc   Zero   RW         1819    .bss.hUsbDeviceHS   usb_device.o
    0x24001c00        -       0x00000078   Zero   RW           50    .bss.hdma_spi2_rx   spi.o
    0x24001c78        -       0x00000078   Zero   RW           51    .bss.hdma_spi2_tx   spi.o
    0x24001cf0        -       0x0000050c   Zero   RW         1941    .bss.hpcd_USB_OTG_HS  usbd_conf.o
    0x240021fc        -       0x00000088   Zero   RW           49    .bss.hspi2          spi.o
    0x24002284        -       0x0000004c   Zero   RW           68    .bss.htim3          tim.o
    0x240022d0        -       0x00000001   Zero   RW         1656    .bss.imu_data_ready  imu_temp_ctrl.o
    0x240022d1   COMPRESSED   0x00000001   PAD
    0x240022d2        -       0x00000002   Zero   RW         1664    .bss.imu_timestamp  imu_temp_ctrl.o
    0x240022d4        -       0x0000001c   Zero   RW          296    .bss.pFlash         stm32h7xx_hal_flash.o
    0x240022f0        -       0x00000002   Zero   RW         1803    .bss.rx_read_idx    port_usb.o
    0x240022f2        -       0x00000002   Zero   RW         1802    .bss.rx_write_idx   port_usb.o
    0x240022f4        -       0x00000001   Zero   RW         1733    .bss.s_calibration_mode  imu_commands.o
    0x240022f5        -       0x00000258   Zero   RW         1808    .bss.s_frame_buffer  port_usb.o
    0x2400254d   COMPRESSED   0x00000001   PAD
    0x2400254e        -       0x00000002   Zero   RW         1806    .bss.s_frame_expected_len  port_usb.o
    0x24002550        -       0x00000002   Zero   RW         1805    .bss.s_frame_len    port_usb.o
    0x24002552        -       0x00000001   Zero   RW         1804    .bss.s_frame_state  port_usb.o
    0x24002553        -       0x00000001   Zero   RW         1779    .bss.s_handler_cnt  msg_server.o
    0x24002554        -       0x00000080   Zero   RW         1778    .bss.s_handlers     msg_server.o
    0x240025d4        -       0x00000004   Zero   RW         1732    .bss.s_imu_suspend_time  imu_commands.o
    0x240025d8        -       0x00000001   Zero   RW         1731    .bss.s_imu_suspended  imu_commands.o
    0x240025d9   COMPRESSED   0x00000003   PAD
    0x240025dc        -       0x00000004   Zero   RW         1783    .bss.s_port_senders.0  msg_server.o
    0x240025e0        -       0x00000001   Zero   RW         1780    .bss.s_q_cnt        msg_server.o
    0x240025e1        -       0x00000001   Zero   RW         1782    .bss.s_q_head       msg_server.o
    0x240025e2        -       0x00000001   Zero   RW         1781    .bss.s_q_tail       msg_server.o
    0x240025e3   COMPRESSED   0x00000001   PAD
    0x240025e4        -       0x000025c0   Zero   RW         1785    .bss.s_queue        msg_server.o
    0x24004ba4        -       0x00000004   Zero   RW         1659    .bss.temp           imu_temp_ctrl.o
    0x24004ba8        -       0x00000400   Zero   RW         1807    .bss.usb_rx_buffer  port_usb.o
    0x24004fa8        -       0x00000004   Zero   RW          727    .bss.uwTick         stm32h7xx_hal.o
    0x24004fac   COMPRESSED   0x00000004   PAD
    0x24004fb0        -       0x00000200   Zero   RW            2    HEAP                startup_stm32h723xx.o
    0x240051b0        -       0x00000800   Zero   RW            1    STACK               startup_stm32h723xx.o


==============================================================================

Image component sizes


      Code (inc. data)   RO Data    RW Data    ZI Data      Debug   Object Name

      1250          0         36          8          0       5314   bmi088driver.o
       282          0          0          0          0       3984   bmi088middleware.o
       382          0          0          0          0       1737   crc16_ccitt.o
        68          0          0          0          0       5426   dma.o
       222          0          0          0          0       6057   gpio.o
       592          0          0          0        202       5046   imu_commands.o
      1176          0          0          0          0       7810   imu_flash.o
      1298         44          0         48        677       7636   imu_temp_ctrl.o
      6454         24          0          0          0      31445   kalman_filter.o
       282          0          0          0          0       2419   main.o
      1310          0          0          2       9800       7996   msg_server.o
       794          0          0          0       1633       3781   port_usb.o
       446          0          0          0        376      11799   spi.o
        64         26        716          0       2560        876   startup_stm32h723xx.o
       266          0          0          5          4      15953   stm32h7xx_hal.o
       200          0          0          0          0      12174   stm32h7xx_hal_cortex.o
      4530         96          0          0          0      17115   stm32h7xx_hal_dma.o
       518          0          0          0         28       8812   stm32h7xx_hal_flash.o
       256          0          0          0          0      10327   stm32h7xx_hal_flash_ex.o
       450          0          0          0          0       6997   stm32h7xx_hal_gpio.o
        32          0          0          0          0       2253   stm32h7xx_hal_msp.o
      3440          0          0          0          0      16875   stm32h7xx_hal_pcd.o
       258          0          0          0          0       6398   stm32h7xx_hal_pcd_ex.o
        90          0          0          0          0       9569   stm32h7xx_hal_pwr_ex.o
      2232         16          0          0          0      11299   stm32h7xx_hal_rcc.o
      2946         84          0          0          0      18496   stm32h7xx_hal_rcc_ex.o
      1860          0          0          0          0      22784   stm32h7xx_hal_spi.o
      1972         10          0          0          0      65795   stm32h7xx_hal_tim.o
       222          0          0          0          0      26599   stm32h7xx_hal_tim_ex.o
        90          0          0          0          0       7738   stm32h7xx_it.o
      4064          0          0          0          0      33225   stm32h7xx_ll_usb.o
       176          0         16          8          0       5294   system_stm32h7xx.o
       248          0          0          0         76       7905   tim.o
       108          0          0          0        732       3303   usb_device.o
      1186         12          0        133          0      11961   usbd_cdc.o
       146          0          0         20       4096       4995   usbd_cdc_if.o
       794          0          0          0       1836      23018   usbd_conf.o
       968          0          0          0          0      11351   usbd_core.o
      1544         32          0          0          1      10858   usbd_ctlreq.o
       560         72          0         80        512       4398   usbd_desc.o
       132          0          0          0          0       4764   usbd_ioreq.o

    ----------------------------------------------------------------------
     44644        436        800        312      22552     481582   Object Totals
         0          0         32          0          0          0   (incl. Generated)
       736         20          0          8         19          0   (incl. Padding)

    ----------------------------------------------------------------------

      Code (inc. data)   RO Data    RW Data    ZI Data      Debug   Library Member Name

        58          0          0          0          0          0   __dczerorl.o
         8          0          0          0          0         68   __main.o
         0          0          0          0          0          0   __rtentry.o
        12          0          0          0          0          0   __rtentry2.o
         6          0          0          0          0          0   __rtentry4.o
        94          8          0          0          0          0   __scatter.o
        28          0          0          0          0          0   __scatter_zi.o
        22          0          0          0          0        100   _rserrno.o
        18          0          0          0          0         80   exit.o
         6          0          0          0          0        152   heapauxi.o
         0          0          0          0          0          0   indicate_semi.o
         2          0          0          0          0          0   libinit.o
         6          0          0          0          0          0   libinit2.o
         2          0          0          0          0          0   libshutdown.o
         2          0          0          0          0          0   libshutdown2.o
         8          4          0          0         96         68   libspace.o
         8          4          0          0          0         68   rt_errno_addr_intlibspace.o
        78          0          0          0          0         80   rt_memclr_w.o
       138          0          0          0          0         68   rt_memcpy_v6.o
       100          0          0          0          0         80   rt_memcpy_w.o
         2          0          0          0          0          0   rtexit.o
        10          0          0          0          0          0   rtexit2.o
        12          4          0          0          0         68   sys_exit.o
        74          0          0          0          0         80   sys_stackheap_outer.o
         2          0          0          0          0         68   use_no_semi.o
        96          0          0          0          0        132   ffltll_clz.o
        26          0          0          0          0        116   fpinit.o
         0          0          0          0          0          0   usenofp.o
       684         90          0          0          0        208   atan2f.o
       336         56          0          0          0        136   cosf.o
        38          0          0          0          0        116   fpclassifyf.o
        80         24          0          0          0        696   funder.o
      1636        110        320          0          0        372   powf.o
       340         24         32          0          0        160   rredf.o
       400         56          0          0          0        212   sinf.o

    ----------------------------------------------------------------------
      4348        380        352          0         96       3128   Library Totals
        16          0          0          0          0          0   (incl. Padding)

    ----------------------------------------------------------------------

      Code (inc. data)   RO Data    RW Data    ZI Data      Debug   Library Name

       696         20          0          0         96        980   c_w.l
       122          0          0          0          0        248   fz_wv.l
      3514        360        352          0          0       1900   m_wv.l

    ----------------------------------------------------------------------
      4348        380        352          0         96       3128   Library Totals

    ----------------------------------------------------------------------

==============================================================================


      Code (inc. data)   RO Data    RW Data    ZI Data      Debug   

     48992        816       1152        312      22648     482382   Grand Totals
     48992        816       1152        216      22648     482382   ELF Image Totals (compressed)
     48992        816       1152        216          0          0   ROM Totals

==============================================================================

    Total RO  Size (Code + RO Data)                50144 (  48.97kB)
    Total RW  Size (RW Data + ZI Data)             22960 (  22.42kB)
    Total ROM Size (Code + RO Data + RW Data)      50360 (  49.18kB)

==============================================================================

